TAP version 13
# Subtest: db pool includes explicit tuning options
ok 1 - db pool includes explicit tuning options
  ---
  duration_ms: 23.868891
  ...
# Subtest: getUserBalances no longer performs ensureGuildUser write
ok 2 - getUserBalances no longer performs ensureGuildUser write
  ---
  duration_ms: 2.492834
  ...
# Subtest: houseRow no longer performs ensureGuildHouse write
ok 3 - houseRow no longer performs ensureGuildHouse write
  ---
  duration_ms: 2.756836
  ...
# Subtest: getTopUsers excludes admin/mod users with NOT EXISTS
ok 4 - getTopUsers excludes admin/mod users with NOT EXISTS
  ---
  duration_ms: 3.607046
  ...
# Subtest: leaderboard uses DB aggregates instead of per-admin balance fan-out and full cartel investor scans
ok 5 - leaderboard uses DB aggregates instead of per-admin balance fan-out and full cartel investor scans
  ---
  duration_ms: 9.075435
  ...
# Subtest: leaderboard caches names and resolves them once across chip and share views
ok 6 - leaderboard caches names and resolves them once across chip and share views
  ---
  duration_ms: 2.994024
  ...
# Subtest: startup holdem orphan cleanup is queued in delayed background batches
ok 7 - startup holdem orphan cleanup is queued in delayed background batches
  ---
  duration_ms: 5.072179
  ...
# Subtest: holdem table allocation uses DB reservation instead of full channel fetch scanning
ok 8 - holdem table allocation uses DB reservation instead of full channel fetch scanning
  ---
  duration_ms: 6.014547
  ...
# Subtest: vote reward DM delivery uses bounded concurrency workers
ok 9 - vote reward DM delivery uses bounded concurrency workers
  ---
  duration_ms: 4.598027
  ...
# Subtest: vote reward defaults use 1000 chips base and DBL inherits it
ok 10 - vote reward defaults use 1000 chips base and DBL inherits it
  ---
  duration_ms: 2.600431
  ...
# Subtest: long-lived in-memory session maps enforce hard bounds
ok 11 - long-lived in-memory session maps enforce hard bounds
  ---
  duration_ms: 2.434417
  ...
# Subtest: pruneUserInteractionEvents is exported and batch-limited
ok 12 - pruneUserInteractionEvents is exported and batch-limited
  ---
  duration_ms: 2.736659
  ...
# Subtest: inactivity lifecycle schema and helper exports exist for cleanup/comeback flow
ok 13 - inactivity lifecycle schema and helper exports exist for cleanup/comeback flow
  ---
  duration_ms: 5.726074
  ...
# Subtest: interaction flow handles inactivity reactivation and comeback DM wiring
ok 14 - interaction flow handles inactivity reactivation and comeback DM wiring
  ---
  duration_ms: 4.042093
  ...
# Subtest: broadcast script uses active lifecycle eligible audience list
ok 15 - broadcast script uses active lifecycle eligible audience list
  ---
  duration_ms: 2.823247
  ...
# Subtest: inactivity sweep service exists with correct wiring and env guards
ok 16 - inactivity sweep service exists with correct wiring and env guards
  ---
  duration_ms: 5.866501
  ...
# Subtest: developer guide documents inactivity lifecycle env configuration
ok 17 - developer guide documents inactivity lifecycle env configuration
  ---
  duration_ms: 1.863389
  ...
# Subtest: cartel read paths do not perform implicit row-creation writes
ok 18 - cartel read paths do not perform implicit row-creation writes
  ---
  duration_ms: 2.65145
  ...
# Subtest: cartel worker uses paged active-investor reads and cached guild discovery
ok 19 - cartel worker uses paged active-investor reads and cached guild discovery
  ---
  duration_ms: 7.468705
  ...
# Subtest: paused cartel dealers freeze upkeep remaining time and restore it on resume payment
ok 20 - paused cartel dealers freeze upkeep remaining time and restore it on resume payment
  ---
  duration_ms: 3.189987
  ...
# Subtest: cartel warehouse expiration is configurable and applied safely during production ticks
ok 21 - cartel warehouse expiration is configurable and applied safely during production ticks
  ---
  duration_ms: 3.492839
  ...
# Subtest: warehouse raid resolution is scoped per action and surfaced in user messaging
ok 22 - warehouse raid resolution is scoped per action and surfaced in user messaging
  ---
  duration_ms: 7.662862
  ...
# Subtest: admin/mod queries are scoped by guild_id to prevent global reads
ok 23 - admin/mod queries are scoped by guild_id to prevent global reads
  ---
  duration_ms: 2.735134
  ...
# Subtest: missing database indexes are created for cartel and access control tables
ok 24 - missing database indexes are created for cartel and access control tables
  ---
  duration_ms: 2.261544
  ...
# Subtest: index interaction handlers no longer use dynamic imports
ok 25 - index interaction handlers no longer use dynamic imports
  ---
  duration_ms: 5.651453
  ...
# Subtest: index includes cache constants and cache invalidation sets
ok 26 - index includes cache constants and cache invalidation sets
  ---
  duration_ms: 2.15935
  ...
# Subtest: new game command wrappers no longer block on prior session cleanup
ok 27 - new game command wrappers no longer block on prior session cleanup
  ---
  duration_ms: 2.395291
  ...
# Subtest: session cleanup detaches state before async work
ok 28 - session cleanup detaches state before async work
  ---
  duration_ms: 2.051479
  ...
# Subtest: todo list tracks inactive cleanup and comeback bonus implementation checklist
not ok 29 - todo list tracks inactive cleanup and comeback bonus implementation checklist
  ---
  duration_ms: 4.662163
  location: '/home/bot/discord-casino/test/performance-regressions.test.mjs:404:1'
  failureType: 'testCodeFailure'
  error: |-
    The input did not match the regular expression /INACTIVE_DAYS_THRESHOLD=30/. Input:
    
    '# DiscordForge API Integration (Top Priority)\n' +
      '\n' +
      '## 1) Purpose\n' +
      'Integrate DiscordForge.org API support for bot listing operations, starting with server stats posting and staged support for vote checks and command sync.\n' +
      '\n' +
      '## 2) Priority\n' +
      '- Priority: `P0` (highest)\n' +
      '\n' +
      '## 3) Immediate Checklist\n' +
      '- [ ] Finalize and approve design doc: `docs/discordforge-api-integration-design.md`.\n' +
      '- [ ] Store DiscordForge API key in runtime secrets (env only, not in repo files).\n' +
      '- [ ] Add env validation for DiscordForge settings.\n' +
      '- [ ] Implement stats poster (`POST /api/bots/stats`) with 5+ minute interval.\n' +
      '- [ ] Trigger immediate stats post on ready/guild join/guild leave events.\n' +
      '- [ ] Add safe retries/backoff and structured logging for DiscordForge API calls.\n' +
      '- [ ] Add DiscordForge vote webhook endpoint plan (`Authorization` secret check, 2xx within 5s, skip `isTest`).\n' +
      '- [ ] Add optional vote-check helper (`GET /api/bots/:id/votes/check`) integration for future reward flow.\n' +
      '- [ ] Add slash-command sync (`POST /api/external/bots/commands`) and run it on deploy.\n' +
      '- [ ] Add tests for payload building, rate-limit guardrails, and failure handling.\n' +
      '- [ ] Document rollout and rollback procedure.\n' +
      '\n' +
      '## 4) Acceptance Criteria\n' +
      '- [ ] DiscordForge stats are posted successfully on schedule without violating rate limits.\n' +
      '- [ ] Stats post can be manually triggered from runtime events.\n' +
      '- [ ] Missing/invalid key disables integration gracefully with clear logs.\n' +
      '- [ ] No API key is stored in source-controlled files.\n' +
      '\n' +
      '# Inventory System Checklist\n' +
      '\n' +
      '## 1) Purpose\n' +
      'Implement a persistent player inventory and shop flow where consumable items affect bet interpretation and settlement outcomes for eligible casino games.\n' +
      '\n' +
      '## 2) Goals\n' +
      '- Every player has an inventory.\n' +
      '- All items are purchasable via `/shop`.\n' +
      '- Players can arm one item effect for the next eligible gamble.\n' +
      '- Item effects modify betting outcomes/settlement only, not game RNG logic.\n' +
      '- First MVP item supports: "double next bet for free" behavior.\n' +
      '\n' +
      '## 3) Functional Requirements\n' +
      '\n' +
      '### 3.1 Inventory + Shop\n' +
      '- [ ] Add `/shop` listing with item name, description, and chip price.\n' +
      '- [ ] Add purchase flow: validate balance, deduct chips, increment inventory quantity.\n' +
      '- [ ] Add `/inventory` to list owned items and quantities.\n' +
      '\n' +
      '### 3.2 Item Use + Active Effect\n' +
      '- [ ] Add `/useitem <item>` to arm one active effect.\n' +
      '- [ ] Enforce single active effect at a time per player.\n' +
      '- [ ] Do not consume active effect on invalid/cancelled command attempts.\n' +
      '\n' +
      '### 3.3 Bet Settlement Integration\n' +
      '- [ ] Introduce shared effect adapter to compute `base_bet` vs `effective_bet`.\n' +
      '- [ ] Ensure game engines remain unchanged for outcome RNG.\n' +
      '- [ ] Consume effect exactly once on next eligible game resolution.\n' +
      '\n' +
      '### 3.4 Required MVP Behavior\n' +
      '- [ ] Implement `ITEM_DOUBLE_NEXT_BET_FREE`:\n' +
      '- [ ] If user bets 1000 with active item, effective bet is 2000.\n' +
      '- [ ] If user loses, loss is capped at 1000.\n' +
      '- [ ] If user wins, payout is calculated from 2000.\n' +
      '\n' +
      '## 4) Data + Migration Checklist\n' +
      '\n' +
      '### Schema\n' +
      '- [ ] Add `player_inventory` table.\n' +
      '- [ ] Add `shop_items` table (or registry-backed equivalent with persistence needs).\n' +
      '- [ ] Add `player_active_item_effect` table.\n' +
      '- [ ] Add `item_effect_audit_log` table.\n' +
      '- [ ] Add indexes for `(guild_id, user_id)` lookups and audit recency.\n' +
      '\n' +
      '### Safety + Backward Compatibility\n' +
      '- [ ] Ensure migrations are idempotent (`IF NOT EXISTS` guards).\n' +
      '- [ ] Add parsing/normalization helpers for effect payload JSON.\n' +
      '- [ ] Add transactional boundaries for settle + consume operations.\n' +
      '\n' +
      '## 5) DB Helper Checklist\n' +
      '\n' +
      '### Inventory Helpers\n' +
      '- [ ] Upsert inventory rows and quantity increments/decrements.\n' +
      '- [ ] Guard against negative quantity.\n' +
      '- [ ] Add helper to list inventory for display.\n' +
      '\n' +
      '### Effect Helpers\n' +
      '- [ ] Load active effect by guild/user.\n' +
      '- [ ] Arm effect atomically from inventory decrement.\n' +
      '- [ ] Consume/expire/clear effect with status transitions.\n' +
      '- [ ] Add idempotency protection for duplicate resolution attempts.\n' +
      '\n' +
      '### Audit Helpers\n' +
      '- [ ] Log `SHOP_PURCHASE`, `ITEM_ARMED`, `ITEM_CONSUMED_ON_GAME`, `ITEM_CLEARED`, `ITEM_EXPIRED`.\n' +
      '- [ ] Ensure metadata is JSON-safe and bounded.\n' +
      '\n' +
      '## 6) Runtime Integration Checklist\n' +
      '\n' +
      '### Command Integration\n' +
      '- [ ] Add `/shop` command implementation.\n' +
      '- [ ] Add `/inventory` command implementation.\n' +
      '- [ ] Add `/useitem` command implementation.\n' +
      '\n' +
      '### Eligible Game Integration\n' +
      '- [ ] Integrate effect adapter with blackjack.\n' +
      '- [ ] Integrate effect adapter with roulette.\n' +
      '- [ ] Expand to other configured gambling commands.\n' +
      '\n' +
      '### UX Messaging\n' +
      '- [ ] Show active effect before settlement.\n' +
      '- [ ] Display `Base Bet` and `Effective Bet` in result messaging.\n' +
      '- [ ] Explain modified loss/win when item was used.\n' +
      '\n' +
      '## 7) Testing Checklist\n' +
      '\n' +
      '### Unit Tests\n' +
      '- [ ] Inventory buy/use decrement behavior is correct.\n' +
      '- [ ] Single-active-effect enforcement.\n' +
      '- [ ] Double-next-bet math is correct for win/loss paths.\n' +
      '- [ ] Invalid command attempt does not consume effect.\n' +
      '- [ ] Idempotent settlement does not double-consume or double-pay.\n' +
      '\n' +
      '### Integration Tests\n' +
      '- [ ] `/shop` purchase updates balance + inventory.\n' +
      '- [ ] `/useitem` then eligible gamble consumes exactly once.\n' +
      '- [ ] Non-eligible command leaves effect armed.\n' +
      '\n' +
      '### Regression Tests\n' +
      '- [ ] Core game outcome logic remains unchanged without active items.\n' +
      '- [ ] Existing ledger/transaction logs remain consistent.\n' +
      '\n' +
      '## 8) Rollout Checklist\n' +
      '\n' +
      '### Phase 1: Data + Commands\n' +
      '- [ ] Deploy schema and helpers.\n' +
      '- [ ] Enable `/shop`, `/inventory`, `/useitem` with MVP item only.\n' +
      '\n' +
      '### Phase 2: Game Coverage\n' +
      '- [ ] Roll out effect adapter to additional games.\n' +
      '- [ ] Monitor payout variance and item usage rates.\n' +
      '\n' +
      '### Phase 3: Stabilization\n' +
      '- [ ] Tune item pricing/balance from telemetry.\n' +
      '- [ ] Add additional placeholder items behind config flags.\n' +
      '\n' +
      '## 9) Acceptance Criteria\n' +
      '- [ ] Every player can own inventory items.\n' +
      '- [ ] Players can buy items through `/shop`.\n' +
      '- [ ] Player can arm an item and have it apply to the next eligible gamble.\n' +
      '- [ ] `ITEM_DOUBLE_NEXT_BET_FREE` matches exact expected behavior.\n' +
      '- [ ] Item application is auditable and resilient to duplicate processing.\n' +
      '\n' +
      '# Inactive User Cleanup + Comeback Bonus Checklist\n' +
      '\n' +
      '## 1) Purpose\n' +
      'Implement the inactivity lifecycle described in the design doc so users inactive for 30+ days are marked inactive, excluded from broadcast DMs, and rewarded when they return.\n' +
      '\n' +
      '## 2) Goals\n' +
      '- Mark users inactive after 30 days without command interaction.\n' +
      '- Attempt a one-time inactivity DM offer for 10,000 chips.\n' +
      '- Exclude inactive users from bulk broadcast audiences.\n' +
      '- Reactivate users on next command and grant comeback bonus once per inactivity cycle.\n' +
      '- Keep lifecycle and bonus events auditable.\n' +
      '\n' +
      '## 3) Functional Requirements\n' +
      '\n' +
      '### 3.1 Lifecycle Tracking\n' +
      '- Track `last_interaction_at` for command-triggering users.\n' +
      '- Mark user inactive when `last_interaction_at` exceeds threshold.\n' +
      '- Store inactivity timestamps and DM attempt metadata.\n' +
      '\n' +
      '### 3.2 Inactive DM Flow\n' +
      '- Send one DM attempt when user transitions to inactive.\n' +
      '- DM failure must not block state transitions.\n' +
      '- Record DM attempt outcome in lifecycle event logs.\n' +
      '\n' +
      '### 3.3 Broadcast Audience Filtering\n' +
      '- Broadcast scripts must target only active users.\n' +
      '- Staff/admin users are excluded from inactivity/broadcast lifecycle audience handling.\n' +
      '\n' +
      '### 3.4 Reactivation + Bonus\n' +
      '- On first command from inactive user, reactivate user.\n' +
      '- Grant comeback bonus once per inactivity cycle.\n' +
      '- Send welcome-back embed with bonus amount and timestamp.\n' +
      '- Ignore DM send failures on reactivation path.\n' +
      '\n' +
      '## 4) Data + Migration Checklist\n' +
      '- [ ] Keep schema and migration notes aligned with current implementation state.\n' +
      '\n' +
      '## 5) DB Helper Checklist\n' +
      '- [ ] Keep DB helper tasks synchronized with current helper coverage and gaps.\n' +
      '\n' +
      '## 6) Runtime Integration Checklist\n' +
      '- [ ] Keep runtime integration notes focused on remaining behavior gaps only.\n' +
      '\n' +
      '## 7) Script + Ops Checklist\n' +
      '\n' +
      '### Broadcast Script Integration\n' +
      '- [ ] Ensure script output reports skipped inactive/staff users.\n' +
      '\n' +
      '### Configuration\n' +
      '- [ ] Keep env/config rollout notes in sync with current deployment defaults.\n' +
      '\n' +
      '## 8) Testing Checklist\n' +
      '\n' +
      '### Unit Tests\n' +
      '- [ ] Reactivation flips status and grants bonus exactly once per cycle.\n' +
      '- [ ] Broadcast audience helper excludes inactive users.\n' +
      '- [ ] Broadcast audience helper excludes admin/mod users.\n' +
      '\n' +
      '### Integration Tests\n' +
      '- [ ] End-to-end: active -> inactive transition with DM attempt.\n' +
      '- [ ] End-to-end: inactive -> command -> reactivated + bonus granted.\n' +
      '- [ ] End-to-end: second command in same cycle does not duplicate bonus.\n' +
      '\n' +
      '### Regression Tests\n' +
      '- [ ] Existing command handling unaffected for active users.\n' +
      '- [ ] Existing announcement flows continue for active users.\n' +
      '- [ ] No duplicate grants under concurrent command attempts.\n' +
      '\n' +
      '## 9) Rollout Checklist\n' +
      '\n' +
      '### Phase 1: Schema + Dry Run\n' +
      '- [ ] Deploy schema and helpers.\n' +
      '- [ ] Enable sweep with `INACTIVE_DM_ENABLED=false`.\n' +
      '- [ ] Validate inactive counts and batch behavior in logs.\n' +
      '\n' +
      '### Phase 2: Enable DMs + Bonus\n' +
      '- [ ] Enable inactivity DM attempts.\n' +
      '- [ ] Enable comeback bonus grants.\n' +
      '- [ ] Monitor transaction volume and DM failure rates.\n' +
      '\n' +
      '### Phase 3: Stabilization\n' +
      '- [ ] Verify staff/admin exclusion behavior in production.\n' +
      '- [ ] Verify broadcast audience reduction metrics.\n' +
      '- [ ] Confirm no duplicate bonuses after one week.\n' +
      '\n' +
      '## 10) Acceptance Criteria\n' +
      '- [ ] Users inactive >30 days are marked inactive.\n' +
      '- [ ] Inactive users receive one DM attempt with comeback offer.\n' +
      '- [ ] Inactive users are excluded from broadcast DM scripts.\n' +
      '- [ ] Staff/admin users are excluded from inactivity/broadcast lifecycle handling.\n' +
      '- [ ] Returning inactive users are reactivated and receive 10,000 chips.\n' +
      '- [ ] Comeback bonus is granted once per inactivity cycle.\n' +
      '- [ ] Lifecycle and bonus events are auditable.\n'
    
  code: 'ERR_ASSERTION'
  name: 'AssertionError'
  expected:
  actual: |-
    # DiscordForge API Integration (Top Priority)
    
    ## 1) Purpose
    Integrate DiscordForge.org API support for bot listing operations, starting with server stats posting and staged support for vote checks and command sync.
    
    ## 2) Priority
    - Priority: `P0` (highest)
    
    ## 3) Immediate Checklist
    - [ ] Finalize and approve design doc: `docs/discordforge-api-integration-design.md`.
    - [ ] Store DiscordForge API key in runtime secrets (env only, not in repo files).
    - [ ] Add env validation for DiscordForge settings.
    - [ ] Implement stats poster (`POST /api/bots/stats`) with 5+ minute interval.
    - [ ] Trigger immediate stats post on ready/guild join/guild leave events.
    - [ ] Add safe retries/backoff and structured logging for DiscordForge API calls.
    - [ ] Add DiscordForge vote webhook endpoint plan (`Authorization` secret check, 2xx within 5s, skip `isTest`).
    - [ ] Add optional vote-check helper (`GET /api/bots/:id/votes/check`) integration for future reward flow.
    - [ ] Add slash-command sync (`POST /api/external/bots/commands`) and run it on deploy.
    - [ ] Add tests for payload building, rate-limit guardrails, and failure handling.
    - [ ] Document rollout and rollback procedure.
    
    ## 4) Acceptance Criteria
    - [ ] DiscordForge stats are posted successfully on schedule without violating rate limits.
    - [ ] Stats post can be manually triggered from runtime events.
    - [ ] Missing/invalid key disables integration gracefully with clear logs.
    - [ ] No API key is stored in source-controlled files.
    
    # Inventory System Checklist
    
    ## 1) Purpose
    Implement a persistent player inventory and shop flow where consumable items affect bet interpretation and settlement outcomes for eligible casino games.
    
    ## 2) Goals
    - Every player has an inventory.
    - All items are purchasable via `/shop`.
    - Players can arm one item effect for the next eligible gamble.
    - Item effects modify betting outcomes/settlement only, not game RNG logic.
    - First MVP item supports: "double next bet for free" behavior.
    
    ## 3) Functional Requirements
    
    ### 3.1 Inventory + Shop
    - [ ] Add `/shop` listing with item name, description, and chip price.
    - [ ] Add purchase flow: validate balance, deduct chips, increment inventory quantity.
    - [ ] Add `/inventory` to list owned items and quantities.
    
    ### 3.2 Item Use + Active Effect
    - [ ] Add `/useitem <item>` to arm one active effect.
    - [ ] Enforce single active effect at a time per player.
    - [ ] Do not consume active effect on invalid/cancelled command attempts.
    
    ### 3.3 Bet Settlement Integration
    - [ ] Introduce shared effect adapter to compute `base_bet` vs `effective_bet`.
    - [ ] Ensure game engines remain unchanged for outcome RNG.
    - [ ] Consume effect exactly once on next eligible game resolution.
    
    ### 3.4 Required MVP Behavior
    - [ ] Implement `ITEM_DOUBLE_NEXT_BET_FREE`:
    - [ ] If user bets 1000 with active item, effective bet is 2000.
    - [ ] If user loses, loss is capped at 1000.
    - [ ] If user wins, payout is calculated from 2000.
    
    ## 4) Data + Migration Checklist
    
    ### Schema
    - [ ] Add `player_inventory` table.
    - [ ] Add `shop_items` table (or registry-backed equivalent with persistence needs).
    - [ ] Add `player_active_item_effect` table.
    - [ ] Add `item_effect_audit_log` table.
    - [ ] Add indexes for `(guild_id, user_id)` lookups and audit recency.
    
    ### Safety + Backward Compatibility
    - [ ] Ensure migrations are idempotent (`IF NOT EXISTS` guards).
    - [ ] Add parsing/normalization helpers for effect payload JSON.
    - [ ] Add transactional boundaries for settle + consume operations.
    
    ## 5) DB Helper Checklist
    
    ### Inventory Helpers
    - [ ] Upsert inventory rows and quantity increments/decrements.
    - [ ] Guard against negative quantity.
    - [ ] Add helper to list inventory for display.
    
    ### Effect Helpers
    - [ ] Load active effect by guild/user.
    - [ ] Arm effect atomically from inventory decrement.
    - [ ] Consume/expire/clear effect with status transitions.
    - [ ] Add idempotency protection for duplicate resolution attempts.
    
    ### Audit Helpers
    - [ ] Log `SHOP_PURCHASE`, `ITEM_ARMED`, `ITEM_CONSUMED_ON_GAME`, `ITEM_CLEARED`, `ITEM_EXPIRED`.
    - [ ] Ensure metadata is JSON-safe and bounded.
    
    ## 6) Runtime Integration Checklist
    
    ### Command Integration
    - [ ] Add `/shop` command implementation.
    - [ ] Add `/inventory` command implementation.
    - [ ] Add `/useitem` command implementation.
    
    ### Eligible Game Integration
    - [ ] Integrate effect adapter with blackjack.
    - [ ] Integrate effect adapter with roulette.
    - [ ] Expand to other configured gambling commands.
    
    ### UX Messaging
    - [ ] Show active effect before settlement.
    - [ ] Display `Base Bet` and `Effective Bet` in result messaging.
    - [ ] Explain modified loss/win when item was used.
    
    ## 7) Testing Checklist
    
    ### Unit Tests
    - [ ] Inventory buy/use decrement behavior is correct.
    - [ ] Single-active-effect enforcement.
    - [ ] Double-next-bet math is correct for win/loss paths.
    - [ ] Invalid command attempt does not consume effect.
    - [ ] Idempotent settlement does not double-consume or double-pay.
    
    ### Integration Tests
    - [ ] `/shop` purchase updates balance + inventory.
    - [ ] `/useitem` then eligible gamble consumes exactly once.
    - [ ] Non-eligible command leaves effect armed.
    
    ### Regression Tests
    - [ ] Core game outcome logic remains unchanged without active items.
    - [ ] Existing ledger/transaction logs remain consistent.
    
    ## 8) Rollout Checklist
    
    ### Phase 1: Data + Commands
    - [ ] Deploy schema and helpers.
    - [ ] Enable `/shop`, `/inventory`, `/useitem` with MVP item only.
    
    ### Phase 2: Game Coverage
    - [ ] Roll out effect adapter to additional games.
    - [ ] Monitor payout variance and item usage rates.
    
    ### Phase 3: Stabilization
    - [ ] Tune item pricing/balance from telemetry.
    - [ ] Add additional placeholder items behind config flags.
    
    ## 9) Acceptance Criteria
    - [ ] Every player can own inventory items.
    - [ ] Players can buy items through `/shop`.
    - [ ] Player can arm an item and have it apply to the next eligible gamble.
    - [ ] `ITEM_DOUBLE_NEXT_BET_FREE` matches exact expected behavior.
    - [ ] Item application is auditable and resilient to duplicate processing.
    
    # Inactive User Cleanup + Comeback Bonus Checklist
    
    ## 1) Purpose
    Implement the inactivity lifecycle described in the design doc so users inactive for 30+ days are marked inactive, excluded from broadcast DMs, and rewarded when they return.
    
    ## 2) Goals
    - Mark users inactive after 30 days without command interaction.
    - Attempt a one-time inactivity DM offer for 10,000 chips.
    - Exclude inactive users from bulk broadcast audiences.
    - Reactivate users on next command and grant comeback bonus once per inactivity cycle.
    - Keep lifecycle and bonus events auditable.
    
    ## 3) Functional Requirements
    
    ### 3.1 Lifecycle Tracking
    - Track `last_interaction_at` for command-triggering users.
    - Mark user inactive when `last_interaction_at` exceeds threshold.
    - Store inactivity timestamps and DM attempt metadata.
    
    ### 3.2 Inactive DM Flow
    - Send one DM attempt when user transitions to inactive.
    - DM failure must not block state transitions.
    - Record DM attempt outcome in lifecycle event logs.
    
    ### 3.3 Broadcast Audience Filtering
    - Broadcast scripts must target only active users.
    - Staff/admin users are excluded from inactivity/broadcast lifecycle audience handling.
    
    ### 3.4 Reactivation + Bonus
    - On first command from inactive user, reactivate user.
    - Grant comeback bonus once per inactivity cycle.
    - Send welcome-back embed with bonus amount and timestamp.
    - Ignore DM send failures on reactivation path.
    
    ## 4) Data + Migration Checklist
    - [ ] Keep schema and migration notes aligned with current implementation state.
    
    ## 5) DB Helper Checklist
    - [ ] Keep DB helper tasks synchronized with current helper coverage and gaps.
    
    ## 6) Runtime Integration Checklist
    - [ ] Keep runtime integration notes focused on remaining behavior gaps only.
    
    ## 7) Script + Ops Checklist
    
    ### Broadcast Script Integration
    - [ ] Ensure script output reports skipped inactive/staff users.
    
    ### Configuration
    - [ ] Keep env/config rollout notes in sync with current deployment defaults.
    
    ## 8) Testing Checklist
    
    ### Unit Tests
    - [ ] Reactivation flips status and grants bonus exactly once per cycle.
    - [ ] Broadcast audience helper excludes inactive users.
    - [ ] Broadcast audience helper excludes admin/mod users.
    
    ### Integration Tests
    - [ ] End-to-end: active -> inactive transition with DM attempt.
    - [ ] End-to-end: inactive -> command -> reactivated + bonus granted.
    - [ ] End-to-end: second command in same cycle does not duplicate bonus.
    
    ### Regression Tests
    - [ ] Existing command handling unaffected for active users.
    - [ ] Existing announcement flows continue for active users.
    - [ ] No duplicate grants under concurrent command attempts.
    
    ## 9) Rollout Checklist
    
    ### Phase 1: Schema + Dry Run
    - [ ] Deploy schema and helpers.
    - [ ] Enable sweep with `INACTIVE_DM_ENABLED=false`.
    - [ ] Validate inactive counts and batch behavior in logs.
    
    ### Phase 2: Enable DMs + Bonus
    - [ ] Enable inactivity DM attempts.
    - [ ] Enable comeback bonus grants.
    - [ ] Monitor transaction volume and DM failure rates.
    
    ### Phase 3: Stabilization
    - [ ] Verify staff/admin exclusion behavior in production.
    - [ ] Verify broadcast audience reduction metrics.
    - [ ] Confirm no duplicate bonuses after one week.
    
    ## 10) Acceptance Criteria
    - [ ] Users inactive >30 days are marked inactive.
    - [ ] Inactive users receive one DM attempt with comeback offer.
    - [ ] Inactive users are excluded from broadcast DM scripts.
    - [ ] Staff/admin users are excluded from inactivity/broadcast lifecycle handling.
    - [ ] Returning inactive users are reactivated and receive 10,000 chips.
    - [ ] Comeback bonus is granted once per inactivity cycle.
    - [ ] Lifecycle and bonus events are auditable.
    
  operator: 'match'
  stack: |-
    TestContext.<anonymous> (file:///home/bot/discord-casino/test/performance-regressions.test.mjs:410:10)
    async Test.run (node:internal/test_runner/test:797:9)
    async Test.processPendingSubtests (node:internal/test_runner/test:526:7)
  ...
# Subtest: champion role sync avoids full guild member fetch on startup
ok 30 - champion role sync avoids full guild member fetch on startup
  ---
  duration_ms: 5.354361
  ...
# Subtest: cartel raid debug command is admin-gated and wired through deploy and runtime handlers
ok 31 - cartel raid debug command is admin-gated and wired through deploy and runtime handlers
  ---
  duration_ms: 5.052329
  ...
# Subtest: cartel warehouse debug command is admin-gated and wired through deploy and runtime handlers
ok 32 - cartel warehouse debug command is admin-gated and wired through deploy and runtime handlers
  ---
  duration_ms: 10.183289
  ...
# Subtest: cartel overview and warehouse views include warehouse heat bar indicators
ok 33 - cartel overview and warehouse views include warehouse heat bar indicators
  ---
  duration_ms: 6.584388
  ...
# Subtest: dealer list view includes dropdown dealer management controls and confirm routing
not ok 34 - dealer list view includes dropdown dealer management controls and confirm routing
  ---
  duration_ms: 11.119387
  location: '/home/bot/discord-casino/test/performance-regressions.test.mjs:466:1'
  failureType: 'testCodeFailure'
  error: |-
    The input did not match the regular expression /const CARTEL_DEALERS_MANAGE_FIRE_SELECT_ID = 'cartel\|dealers\|manage\|fire\|select';/. Input:
    
    "import crypto from 'node:crypto';\n" +
      'import {\n' +
      '  EmbedBuilder,\n' +
      '  AttachmentBuilder,\n' +
      '  ActionRowBuilder,\n' +
      '  ButtonBuilder,\n' +
      '  ButtonStyle,\n' +
      '  ModalBuilder,\n' +
      '  TextInputBuilder,\n' +
      '  TextInputStyle,\n' +
      '  StringSelectMenuBuilder,\n' +
      '  StringSelectMenuOptionBuilder\n' +
      "} from 'discord.js';\n" +
      "import { emoji } from '../lib/emojis.mjs';\n" +
      'import {\n' +
      '  getCartelOverview,\n' +
      '  calculateSemutaMarketPrices,\n' +
      '  cartelCollect,\n' +
      '  cartelAbandon,\n' +
      '  cartelExportWarehouse,\n' +
      '  listUserDealers,\n' +
      '  hireCartelDealer,\n' +
      '  payCartelDealerUpkeep,\n' +
      '  fireCartelDealer,\n' +
      '  fireAllCartelDealers,\n' +
      '  pauseCartelDealer,\n' +
      '  pauseAllCartelDealers,\n' +
      '  unpauseCartelDealer,\n' +
      '  CartelError,\n' +
      '  formatSemuta,\n' +
      '  buildRankTableEmbed,\n' +
      '  dealerCapForRank,\n' +
      '  calculateDealerUpkeepChipsPerHour,\n' +
      '  dealerUpkeepPercentForTier,\n' +
      '  dealerPayoutForMg,\n' +
      '  collectDealerChips,\n' +
      '  cartelReserveStashForSale,\n' +
      '  cartelRefundStashForSale,\n' +
      '  cartelPayoutReservedSale,\n' +
      '  createShareMarketOrder,\n' +
      '  listShareMarketOrders,\n' +
      '  listShareMarketOrdersForUser,\n' +
      '  cancelShareMarketOrder,\n' +
      '  executeMarketBuy,\n' +
      '  executeMarketSell,\n' +
      '  getCartelOrderSnapshot,\n' +
      '  setCartelOrderSnapshot,\n' +
      '  deleteCartelOrderSnapshot\n' +
      "} from '../cartel/service.mjs';\n" +
      'import {\n' +
      '  CARTEL_DEFAULT_SHARE_PRICE,\n' +
      '  CARTEL_BASE_PRICE_PER_GRAM,\n' +
      '  CARTEL_WAREHOUSE_FEE_BPS,\n' +
      '  CARTEL_MIN_TICK_SECONDS,\n' +
      '  CARTEL_MAX_RANK,\n' +
      '  CARTEL_DEALER_TIERS,\n' +
      '  CARTEL_DEALER_NAME_POOL,\n' +
      '  CARTEL_DEFAULT_XP_PER_GRAM_SOLD,\n' +
      '  CARTEL_WAREHOUSE_HEAT_PER_GRAM,\n' +
      '  CARTEL_RAID_THRESHOLDS,\n' +
      '  MG_PER_GRAM,\n' +
      '  SEMUTA_CARTEL_USER_ID\n' +
      "} from '../cartel/constants.mjs';\n" +
      "import { xpToNextForRank } from '../cartel/progression.mjs';\n" +
      "import { renderWarehouseImage } from '../cartel/warehouseImage.mjs';\n" +
      '\n' +
      "const gramsFormatter = new Intl.NumberFormat('en-US', { maximumFractionDigits: 2 });\n" +
      "const percentFormatter = new Intl.NumberFormat('en-US', { maximumFractionDigits: 2 });\n" +
      "const xpFormatter = new Intl.NumberFormat('en-US');\n" +
      "const CARTEL_LOG_CHANNEL_ID = process.env.CARTEL_LOG_CHANNEL_ID || '1413043107137585242';\n" +
      'const SECONDS_PER_HOUR = 3600;\n' +
      'const SECONDS_PER_DAY = 86_400;\n' +
      'const SELL_MINIGAME_TICKS = 20;\n' +
      'const SELL_MINIGAME_ROWS = 5;\n' +
      'const SELL_MINIGAME_LANES = 3;\n' +
      'const SELL_MINIGAME_INTERVAL_MS = 1500;\n' +
      "const SELL_MINIGAME_PLAYER_EMOJI = '🏃';\n" +
      "const SELL_MINIGAME_POLICE_EMOJI = '🚓';\n" +
      "const SELL_MINIGAME_POTHOLE_EMOJI = '🕳️';\n" +
      "const SELL_MINIGAME_EMPTY_EMOJI = '       ';\n" +
      'const SELL_MINIGAME_SESSIONS = new Map();\n' +
      "const SELL_MINIGAME_MOVE_LEFT_ID = 'cartel|sell|minigame|move|left';\n" +
      "const SELL_MINIGAME_MOVE_RIGHT_ID = 'cartel|sell|minigame|move|right';\n" +
      "const CARTEL_REFRESH_CUSTOM_ID = 'cartel|refresh';\n" +
      "const CARTEL_RANKS_CUSTOM_ID = 'cartel|ranks';\n" +
      "const CARTEL_OVERVIEW_CUSTOM_ID = 'cartel|overview';\n" +
      "const CARTEL_SHARES_VIEW_ID = 'cartel|shares|view';\n" +
      "const CARTEL_SHARE_MARKET_BUY_VIEW_ID = 'cartel|shares|view|buy';\n" +
      "const CARTEL_SHARE_MARKET_SELL_VIEW_ID = 'cartel|shares|view|sell';\n" +
      "const CARTEL_SHARE_MARKET_POSTS_VIEW_ID = 'cartel|shares|view|posts';\n" +
      "const CARTEL_SHARE_ORDER_SELECT_ID = 'cartel|shares|posts|select';\n" +
      "const CARTEL_MARKET_BUY_SELECT_ID = 'cartel|shares|market|buy|select';\n" +
      "const CARTEL_MARKET_SELL_SELECT_ID = 'cartel|shares|market|sell|select';\n" +
      "const CARTEL_MARKET_BUY_CONFIRM_ID = 'cartel|shares|market|buy|confirm';\n" +
      "const CARTEL_MARKET_SELL_CONFIRM_ID = 'cartel|shares|market|sell|confirm';\n" +
      "const CARTEL_MARKET_BUY_MODAL_ID = 'cartel|shares|market|buy|modal';\n" +
      "const CARTEL_MARKET_SELL_MODAL_ID = 'cartel|shares|market|sell|modal';\n" +
      "const CARTEL_MARKET_MODAL_AMOUNT_INPUT_ID = 'cartel|shares|market|amount';\n" +
      "const CARTEL_DEALERS_LIST_VIEW_ID = 'cartel|dealers|view|list';\n" +
      "const CARTEL_DEALERS_HIRE_VIEW_ID = 'cartel|dealers|view|hire';\n" +
      "const CARTEL_DEALERS_UPKEEP_VIEW_ID = 'cartel|dealers|view|upkeep';\n" +
      "const CARTEL_DEALERS_HIRE_TIER_PREFIX = 'cartel|dealers|hire|tier|';\n" +
      "const CARTEL_DEALERS_UPKEEP_PREFIX = 'cartel|dealers|upkeep|';\n" +
      "const CARTEL_DEALERS_MANAGE_SELECT_ID = 'cartel|dealers|manage|select';\n" +
      "const CARTEL_DEALERS_MANAGE_FIRE_ID = 'cartel|dealers|manage|fire';\n" +
      "const CARTEL_DEALERS_MANAGE_PAUSE_ID = 'cartel|dealers|manage|pause';\n" +
      "const CARTEL_DEALERS_MANAGE_UNPAUSE_ID = 'cartel|dealers|manage|unpause';\n" +
      "const CARTEL_DEALERS_PAUSE_PREFIX = 'cartel|dealers|pause|dealer|';\n" +
      "const CARTEL_DEALERS_PAUSE_ALL_ID = 'cartel|dealers|pause_all';\n" +
      "const CARTEL_DEALERS_FIRE_PREFIX = 'cartel|dealers|fire|dealer|';\n" +
      "const CARTEL_DEALERS_FIRE_ALL_ID = 'cartel|dealers|fire_all';\n" +
      "const CARTEL_DEALERS_UPKEEP_MODAL_PREFIX = 'cartel|dealers|upkeep_modal|';\n" +
      "const CARTEL_DEALERS_UPKEEP_MODAL_INPUT_ID = 'chips';\n" +
      "const CARTEL_DEALERS_COLLECT_ID = 'cartel|dealers|collect';\n" +
      "const CARTEL_SELL_BUTTON_ID = 'cartel|sell|prompt';\n" +
      "const CARTEL_SELL_MODAL_ID = 'cartel|sell|modal';\n" +
      "const CARTEL_SELL_MODAL_INPUT_ID = 'cartel|sell|amount';\n" +
      "const CARTEL_COLLECT_BUTTON_ID = 'cartel|collect|prompt';\n" +
      "const CARTEL_COLLECT_MODAL_ID = 'cartel|collect|modal';\n" +
      "const CARTEL_COLLECT_MODAL_INPUT_ID = 'cartel|collect|amount';\n" +
      "const CARTEL_GUIDE_BUTTON_ID = 'cartel|guide';\n" +
      "const CARTEL_SHARE_ORDER_SELL_BUTTON_ID = 'cartel|shares|order|sell';\n" +
      "const CARTEL_SHARE_ORDER_BUY_BUTTON_ID = 'cartel|shares|order|buy';\n" +
      "const CARTEL_SHARE_ORDER_MODAL_ID = 'cartel|shares|order|modal';\n" +
      "const CARTEL_SHARE_ORDER_MODAL_SHARES_INPUT = 'cartel|shares|order|shares';\n" +
      "const CARTEL_SHARE_ORDER_MODAL_PRICE_INPUT = 'cartel|shares|order|price';\n" +
      "const CARTEL_SHARE_ORDER_CANCEL_BUTTON_ID = 'cartel|shares|order|cancel';\n" +
      "const CARTEL_WAREHOUSE_VIEW_ID = 'cartel|warehouse|view';\n" +
      "const CARTEL_WAREHOUSE_BURN_BUTTON_ID = 'cartel|warehouse|burn';\n" +
      "const CARTEL_WAREHOUSE_BURN_CONFIRM_ID = 'cartel|warehouse|burn|confirm';\n" +
      "const CARTEL_WAREHOUSE_BURN_CANCEL_ID = 'cartel|warehouse|burn|cancel';\n" +
      "const CARTEL_WAREHOUSE_BURN_MODAL_ID = 'cartel|warehouse|burn|modal';\n" +
      "const CARTEL_WAREHOUSE_BURN_MODAL_INPUT_ID = 'cartel|warehouse|burn|amount';\n" +
      "const CARTEL_WAREHOUSE_EXPORT_BUTTON_ID = 'cartel|warehouse|export';\n" +
      "const CARTEL_WAREHOUSE_EXPORT_MODAL_ID = 'cartel|warehouse|export|modal';\n" +
      "const CARTEL_WAREHOUSE_EXPORT_MODAL_INPUT_ID = 'cartel|warehouse|export|amount';\n" +
      'const DEALER_NAME_CACHE_TTL_MS = 10 * 60 * 1000;\n' +
      'const dealerRecruitmentNameCache = new Map();\n' +
      'const dealerActionSelectionCache = new Map();\n' +
      "const DEALER_ACTION_NONE = 'NONE';\n" +
      "const DEALER_ACTION_ALL = 'ALL';\n" +
      "const DEALER_ACTION_DEALER_PREFIX = 'DEALER:';\n" +
      "const SEMUTA_IMAGE_NAME = 'semuta_cartel.png';\n" +
      'const SEMUTA_IMAGE_PATH = `Assets/${SEMUTA_IMAGE_NAME}`;\n' +
      "const DEALERS_IMAGE_NAME = 'dealers.png';\n" +
      'const DEALERS_IMAGE_PATH = `Assets/${DEALERS_IMAGE_NAME}`;\n' +
      'const marketOrderSnapshots = new Map();\n' +
      'const DEALER_BUTTON_LABEL_MAX = 40;\n' +
      '\n' +
      'function snapshotKeyForUser(guildId, userId) {\n' +
      '  if (!guildId || !userId) return null;\n' +
      '  return `${guildId}:${userId}`;\n' +
      '}\n' +
      '\n' +
      'function normalizeSnapshotEntry(entry = {}) {\n' +
      '  return {\n' +
      '    shares: Math.max(0, Number(entry?.shares || 0)),\n' +
      "    side: entry?.side || 'SELL',\n" +
      '    price: Math.max(1, Number(entry?.price || entry?.price_per_share || 0))\n' +
      '  };\n' +
      '}\n' +
      '\n' +
      'function snapshotObjectFromMap(map = new Map()) {\n' +
      '  const payload = {};\n' +
      '  for (const [orderId, entry] of map.entries()) {\n' +
      '    if (!orderId) continue;\n' +
      '    payload[orderId] = normalizeSnapshotEntry(entry);\n' +
      '  }\n' +
      '  return payload;\n' +
      '}\n' +
      '\n' +
      'function mapFromSnapshotObject(obj = {}) {\n' +
      '  const map = new Map();\n' +
      "  if (!obj || typeof obj !== 'object') return map;\n" +
      '  for (const [orderId, entry] of Object.entries(obj)) {\n' +
      '    if (!orderId) continue;\n' +
      '    map.set(orderId, normalizeSnapshotEntry(entry));\n' +
      '  }\n' +
      '  return map;\n' +
      '}\n' +
      '\n' +
      'async function loadOrderSnapshot(guildId, userId) {\n' +
      '  const key = snapshotKeyForUser(guildId, userId);\n' +
      '  if (!key) return null;\n' +
      '  const cached = marketOrderSnapshots.get(key);\n' +
      '  if (cached) return cached;\n' +
      '  const stored = await getCartelOrderSnapshot(guildId, userId);\n' +
      "  if (stored && typeof stored === 'object' && Object.keys(stored).length) {\n" +
      '    const map = mapFromSnapshotObject(stored);\n' +
      '    marketOrderSnapshots.set(key, map);\n' +
      '    return map;\n' +
      '  }\n' +
      '  return new Map();\n' +
      '}\n' +
      '\n' +
      'async function persistOrderSnapshot(guildId, userId, snapshotMap) {\n' +
      '  const key = snapshotKeyForUser(guildId, userId);\n' +
      '  if (!key) return;\n' +
      '  if (!snapshotMap || !snapshotMap.size) {\n' +
      '    marketOrderSnapshots.delete(key);\n' +
      '    await deleteCartelOrderSnapshot(guildId, userId);\n' +
      '    return;\n' +
      '  }\n' +
      '  marketOrderSnapshots.set(key, snapshotMap);\n' +
      '  const payload = snapshotObjectFromMap(snapshotMap);\n' +
      '  await setCartelOrderSnapshot(guildId, userId, payload);\n' +
      '}\n' +
      '\n' +
      'async function removeOrderFromSnapshot(guildId, userId, orderId) {\n' +
      '  if (!orderId) return;\n' +
      '  const snapshot = await loadOrderSnapshot(guildId, userId);\n' +
      '  if (!snapshot?.has(orderId)) return;\n' +
      '  snapshot.delete(orderId);\n' +
      '  await persistOrderSnapshot(guildId, userId, snapshot);\n' +
      '}\n' +
      '\n' +
      'async function seedSnapshotWithOrder(guildId, userId, order) {\n' +
      '  if (!order?.order_id) return;\n' +
      '  const snapshot = await loadOrderSnapshot(guildId, userId);\n' +
      '  if (!snapshot) return;\n' +
      '  snapshot.set(order.order_id, normalizeSnapshotEntry({ shares: order.shares, side: order.side, price: order.price_per_share }));\n' +
      '  await persistOrderSnapshot(guildId, userId, snapshot);\n' +
      '}\n' +
      '\n' +
      'function buildSemutaImageAttachment() {\n' +
      '  return { attachment: SEMUTA_IMAGE_PATH, name: SEMUTA_IMAGE_NAME };\n' +
      '}\n' +
      '\n' +
      'function buildDealersImageAttachment() {\n' +
      '  return { attachment: DEALERS_IMAGE_PATH, name: DEALERS_IMAGE_NAME };\n' +
      '}\n' +
      '\n' +
      'function replyingToOwnMessage(interaction) {\n' +
      '  const botId = interaction?.client?.user?.id;\n' +
      '  if (!botId) return false;\n' +
      '  const authorId = interaction?.message?.author?.id || interaction?.message?.interaction?.user?.id || null;\n' +
      '  return !!authorId && authorId === botId;\n' +
      '}\n' +
      '\n' +
      'function withAutoEphemeral(interaction, payload = {}) {\n' +
      '  if (replyingToOwnMessage(interaction)) {\n' +
      '    return { ...payload, ephemeral: true };\n' +
      '  }\n' +
      '  return payload;\n' +
      '}\n' +
      '\n' +
      'function detectCartelPanelView(message) {\n' +
      "  const rawTitle = message?.embeds?.[0]?.title || '';\n" +
      "  const title = typeof rawTitle === 'string' ? rawTitle.toLowerCase() : '';\n" +
      "  if (title.includes('share market — buy')) return 'shares:buy';\n" +
      "  if (title.includes('share market — sell')) return 'shares:sell';\n" +
      "  if (title.includes('share market — posts')) return 'shares:posts';\n" +
      '  if '... 139112 more characters
    
  code: 'ERR_ASSERTION'
  name: 'AssertionError'
  expected:
  actual: |-
    import crypto from 'node:crypto';
    import {
      EmbedBuilder,
      AttachmentBuilder,
      ActionRowBuilder,
      ButtonBuilder,
      ButtonStyle,
      ModalBuilder,
      TextInputBuilder,
      TextInputStyle,
      StringSelectMenuBuilder,
      StringSelectMenuOptionBuilder
    } from 'discord.js';
    import { emoji } from '../lib/emojis.mjs';
    import {
      getCartelOverview,
      calculateSemutaMarketPrices,
      cartelCollect,
      cartelAbandon,
      cartelExportWarehouse,
      listUserDealers,
      hireCartelDealer,
      payCartelDealerUpkeep,
      fireCartelDealer,
      fireAllCartelDealers,
      pauseCartelDealer,
      pauseAllCartelDealers,
      unpauseCartelDealer,
      CartelError,
      formatSemuta,
      buildRankTableEmbed,
      dealerCapForRank,
      calculateDealerUpkeepChipsPerHour,
      dealerUpkeepPercentForTier,
      dealerPayoutForMg,
      collectDealerChips,
      cartelReserveStashForSale,
      cartelRefundStashForSale,
      cartelPayoutReservedSale,
      createShareMarketOrder,
      listShareMarketOrders,
      listShareMarketOrdersForUser,
      cancelShareMarketOrder,
      executeMarketBuy,
      executeMarketSell,
      getCartelOrderSnapshot,
      setCartelOrderSnapshot,
      deleteCartelOrderSnapshot
    } from '../cartel/service.mjs';
    import {
      CARTEL_DEFAULT_SHARE_PRICE,
      CARTEL_BASE_PRICE_PER_GRAM,
      CARTEL_WAREHOUSE_FEE_BPS,
      CARTEL_MIN_TICK_SECONDS,
      CARTEL_MAX_RANK,
      CARTEL_DEALER_TIERS,
      CARTEL_DEALER_NAME_POOL,
      CARTEL_DEFAULT_XP_PER_GRAM_SOLD,
      CARTEL_WAREHOUSE_HEAT_PER_GRAM,
      CARTEL_RAID_THRESHOLDS,
      MG_PER_GRAM,
      SEMUTA_CARTEL_USER_ID
    } from '../cartel/constants.mjs';
    import { xpToNextForRank } from '../cartel/progression.mjs';
    import { renderWarehouseImage } from '../cartel/warehouseImage.mjs';
    
    const gramsFormatter = new Intl.NumberFormat('en-US', { maximumFractionDigits: 2 });
    const percentFormatter = new Intl.NumberFormat('en-US', { maximumFractionDigits: 2 });
    const xpFormatter = new Intl.NumberFormat('en-US');
    const CARTEL_LOG_CHANNEL_ID = process.env.CARTEL_LOG_CHANNEL_ID || '1413043107137585242';
    const SECONDS_PER_HOUR = 3600;
    const SECONDS_PER_DAY = 86_400;
    const SELL_MINIGAME_TICKS = 20;
    const SELL_MINIGAME_ROWS = 5;
    const SELL_MINIGAME_LANES = 3;
    const SELL_MINIGAME_INTERVAL_MS = 1500;
    const SELL_MINIGAME_PLAYER_EMOJI = '🏃';
    const SELL_MINIGAME_POLICE_EMOJI = '🚓';
    const SELL_MINIGAME_POTHOLE_EMOJI = '🕳️';
    const SELL_MINIGAME_EMPTY_EMOJI = '       ';
    const SELL_MINIGAME_SESSIONS = new Map();
    const SELL_MINIGAME_MOVE_LEFT_ID = 'cartel|sell|minigame|move|left';
    const SELL_MINIGAME_MOVE_RIGHT_ID = 'cartel|sell|minigame|move|right';
    const CARTEL_REFRESH_CUSTOM_ID = 'cartel|refresh';
    const CARTEL_RANKS_CUSTOM_ID = 'cartel|ranks';
    const CARTEL_OVERVIEW_CUSTOM_ID = 'cartel|overview';
    const CARTEL_SHARES_VIEW_ID = 'cartel|shares|view';
    const CARTEL_SHARE_MARKET_BUY_VIEW_ID = 'cartel|shares|view|buy';
    const CARTEL_SHARE_MARKET_SELL_VIEW_ID = 'cartel|shares|view|sell';
    const CARTEL_SHARE_MARKET_POSTS_VIEW_ID = 'cartel|shares|view|posts';
    const CARTEL_SHARE_ORDER_SELECT_ID = 'cartel|shares|posts|select';
    const CARTEL_MARKET_BUY_SELECT_ID = 'cartel|shares|market|buy|select';
    const CARTEL_MARKET_SELL_SELECT_ID = 'cartel|shares|market|sell|select';
    const CARTEL_MARKET_BUY_CONFIRM_ID = 'cartel|shares|market|buy|confirm';
    const CARTEL_MARKET_SELL_CONFIRM_ID = 'cartel|shares|market|sell|confirm';
    const CARTEL_MARKET_BUY_MODAL_ID = 'cartel|shares|market|buy|modal';
    const CARTEL_MARKET_SELL_MODAL_ID = 'cartel|shares|market|sell|modal';
    const CARTEL_MARKET_MODAL_AMOUNT_INPUT_ID = 'cartel|shares|market|amount';
    const CARTEL_DEALERS_LIST_VIEW_ID = 'cartel|dealers|view|list';
    const CARTEL_DEALERS_HIRE_VIEW_ID = 'cartel|dealers|view|hire';
    const CARTEL_DEALERS_UPKEEP_VIEW_ID = 'cartel|dealers|view|upkeep';
    const CARTEL_DEALERS_HIRE_TIER_PREFIX = 'cartel|dealers|hire|tier|';
    const CARTEL_DEALERS_UPKEEP_PREFIX = 'cartel|dealers|upkeep|';
    const CARTEL_DEALERS_MANAGE_SELECT_ID = 'cartel|dealers|manage|select';
    const CARTEL_DEALERS_MANAGE_FIRE_ID = 'cartel|dealers|manage|fire';
    const CARTEL_DEALERS_MANAGE_PAUSE_ID = 'cartel|dealers|manage|pause';
    const CARTEL_DEALERS_MANAGE_UNPAUSE_ID = 'cartel|dealers|manage|unpause';
    const CARTEL_DEALERS_PAUSE_PREFIX = 'cartel|dealers|pause|dealer|';
    const CARTEL_DEALERS_PAUSE_ALL_ID = 'cartel|dealers|pause_all';
    const CARTEL_DEALERS_FIRE_PREFIX = 'cartel|dealers|fire|dealer|';
    const CARTEL_DEALERS_FIRE_ALL_ID = 'cartel|dealers|fire_all';
    const CARTEL_DEALERS_UPKEEP_MODAL_PREFIX = 'cartel|dealers|upkeep_modal|';
    const CARTEL_DEALERS_UPKEEP_MODAL_INPUT_ID = 'chips';
    const CARTEL_DEALERS_COLLECT_ID = 'cartel|dealers|collect';
    const CARTEL_SELL_BUTTON_ID = 'cartel|sell|prompt';
    const CARTEL_SELL_MODAL_ID = 'cartel|sell|modal';
    const CARTEL_SELL_MODAL_INPUT_ID = 'cartel|sell|amount';
    const CARTEL_COLLECT_BUTTON_ID = 'cartel|collect|prompt';
    const CARTEL_COLLECT_MODAL_ID = 'cartel|collect|modal';
    const CARTEL_COLLECT_MODAL_INPUT_ID = 'cartel|collect|amount';
    const CARTEL_GUIDE_BUTTON_ID = 'cartel|guide';
    const CARTEL_SHARE_ORDER_SELL_BUTTON_ID = 'cartel|shares|order|sell';
    const CARTEL_SHARE_ORDER_BUY_BUTTON_ID = 'cartel|shares|order|buy';
    const CARTEL_SHARE_ORDER_MODAL_ID = 'cartel|shares|order|modal';
    const CARTEL_SHARE_ORDER_MODAL_SHARES_INPUT = 'cartel|shares|order|shares';
    const CARTEL_SHARE_ORDER_MODAL_PRICE_INPUT = 'cartel|shares|order|price';
    const CARTEL_SHARE_ORDER_CANCEL_BUTTON_ID = 'cartel|shares|order|cancel';
    const CARTEL_WAREHOUSE_VIEW_ID = 'cartel|warehouse|view';
    const CARTEL_WAREHOUSE_BURN_BUTTON_ID = 'cartel|warehouse|burn';
    const CARTEL_WAREHOUSE_BURN_CONFIRM_ID = 'cartel|warehouse|burn|confirm';
    const CARTEL_WAREHOUSE_BURN_CANCEL_ID = 'cartel|warehouse|burn|cancel';
    const CARTEL_WAREHOUSE_BURN_MODAL_ID = 'cartel|warehouse|burn|modal';
    const CARTEL_WAREHOUSE_BURN_MODAL_INPUT_ID = 'cartel|warehouse|burn|amount';
    const CARTEL_WAREHOUSE_EXPORT_BUTTON_ID = 'cartel|warehouse|export';
    const CARTEL_WAREHOUSE_EXPORT_MODAL_ID = 'cartel|warehouse|export|modal';
    const CARTEL_WAREHOUSE_EXPORT_MODAL_INPUT_ID = 'cartel|warehouse|export|amount';
    const DEALER_NAME_CACHE_TTL_MS = 10 * 60 * 1000;
    const dealerRecruitmentNameCache = new Map();
    const dealerActionSelectionCache = new Map();
    const DEALER_ACTION_NONE = 'NONE';
    const DEALER_ACTION_ALL = 'ALL';
    const DEALER_ACTION_DEALER_PREFIX = 'DEALER:';
    const SEMUTA_IMAGE_NAME = 'semuta_cartel.png';
    const SEMUTA_IMAGE_PATH = `Assets/${SEMUTA_IMAGE_NAME}`;
    const DEALERS_IMAGE_NAME = 'dealers.png';
    const DEALERS_IMAGE_PATH = `Assets/${DEALERS_IMAGE_NAME}`;
    const marketOrderSnapshots = new Map();
    const DEALER_BUTTON_LABEL_MAX = 40;
    
    function snapshotKeyForUser(guildId, userId) {
      if (!guildId || !userId) return null;
      return `${guildId}:${userId}`;
    }
    
    function normalizeSnapshotEntry(entry = {}) {
      return {
        shares: Math.max(0, Number(entry?.shares || 0)),
        side: entry?.side || 'SELL',
        price: Math.max(1, Number(entry?.price || entry?.price_per_share || 0))
      };
    }
    
    function snapshotObjectFromMap(map = new Map()) {
      const payload = {};
      for (const [orderId, entry] of map.entries()) {
        if (!orderId) continue;
        payload[orderId] = normalizeSnapshotEntry(entry);
      }
      return payload;
    }
    
    function mapFromSnapshotObject(obj = {}) {
      const map = new Map();
      if (!obj || typeof obj !== 'object') return map;
      for (const [orderId, entry] of Object.entries(obj)) {
        if (!orderId) continue;
        map.set(orderId, normalizeSnapshotEntry(entry));
      }
      return map;
    }
    
    async function loadOrderSnapshot(guildId, userId) {
      const key = snapshotKeyForUser(guildId, userId);
      if (!key) return null;
      const cached = marketOrderSnapshots.get(key);
      if (cached) return cached;
      const stored = await getCartelOrderSnapshot(guildId, userId);
      if (stored && typeof stored === 'object' && Object.keys(stored).length) {
        const map = mapFromSnapshotObject(stored);
        marketOrderSnapshots.set(key, map);
        return map;
      }
      return new Map();
    }
    
    async function persistOrderSnapshot(guildId, userId, snapshotMap) {
      const key = snapshotKeyForUser(guildId, userId);
      if (!key) return;
      if (!snapshotMap || !snapshotMap.size) {
        marketOrderSnapshots.delete(key);
        await deleteCartelOrderSnapshot(guildId, userId);
        return;
      }
      marketOrderSnapshots.set(key, snapshotMap);
      const payload = snapshotObjectFromMap(snapshotMap);
      await setCartelOrderSnapshot(guildId, userId, payload);
    }
    
    async function removeOrderFromSnapshot(guildId, userId, orderId) {
      if (!orderId) return;
      const snapshot = await loadOrderSnapshot(guildId, userId);
      if (!snapshot?.has(orderId)) return;
      snapshot.delete(orderId);
      await persistOrderSnapshot(guildId, userId, snapshot);
    }
    
    async function seedSnapshotWithOrder(guildId, userId, order) {
      if (!order?.order_id) return;
      const snapshot = await loadOrderSnapshot(guildId, userId);
      if (!snapshot) return;
      snapshot.set(order.order_id, normalizeSnapshotEntry({ shares: order.shares, side: order.side, price: order.price_per_share }));
      await persistOrderSnapshot(guildId, userId, snapshot);
    }
    
    function buildSemutaImageAttachment() {
      return { attachment: SEMUTA_IMAGE_PATH, name: SEMUTA_IMAGE_NAME };
    }
    
    function buildDealersImageAttachment() {
      return { attachment: DEALERS_IMAGE_PATH, name: DEALERS_IMAGE_NAME };
    }
    
    function replyingToOwnMessage(interaction) {
      const botId = interaction?.client?.user?.id;
      if (!botId) return false;
      const authorId = interaction?.message?.author?.id || interaction?.message?.interaction?.user?.id || null;
      return !!authorId && authorId === botId;
    }
    
    function withAutoEphemeral(interaction, payload = {}) {
      if (replyingToOwnMessage(interaction)) {
        return { ...payload, ephemeral: true };
      }
      return payload;
    }
    
    function detectCartelPanelView(message) {
      const rawTitle = message?.embeds?.[0]?.title || '';
      const title = typeof rawTitle === 'string' ? rawTitle.toLowerCase() : '';
      if (title.includes('share market — buy')) return 'shares:buy';
      if (title.includes('share market — sell')) return 'shares:sell';
      if (title.includes('share market — posts')) return 'shares:posts';
      if (title.includes('share market') || title.includes('cartel shares')) return 'shares';
      return 'overview';
    }
    
    function extractShareMarketMode(token) {
      if (!token || typeof token !== 'string') return null;
      if (!token.startsWith('shares')) return null;
      const [, detail] = token.split(':');
      if (detail === 'buy' || detail === 'sell' || detail === 'posts') return detail;
      return 'splash';
    }
    
    async function buildOverviewPayload(interaction, ctx) {
      const chipsFmt = getChipsFormatter(ctx);
      const overview = await getCartelOverview(interaction.guild?.id, interaction.user.id);
      return {
        embeds: [buildOverviewEmbed(overview, chipsFmt)],
        components: buildOverviewComponents('overview'),
        files: [buildSemutaImageAttachment()]
      };
    }
    
    async function buildWarehousePayload(interaction, ctx) {
      const chipsFmt = getChipsFormatter(ctx);
      const overview = await getCartelOverview(interaction.guild?.id, interaction.user.id);
      let warehouseAttachment = null;
      const fileName = `cartel-warehouse-${interaction.user?.id || 'player'}.png`;
      try {
        const buffer = await renderWarehouseImage({
          warehouseGrams: Number(overview?.metrics?.warehouseGrams || 0)
        });
        if (buffer?.length) {
          warehouseAttachment = new AttachmentBuilder(buffer, { name: fileName });
        }
      } catch (err) {
        console.error('Failed to render warehouse image', err);
      }
      const embed = buildWarehouseEmbed(overview, chipsFmt);
      const files = [];
      if (warehouseAttachment) {
        embed.setImage(`attachment://${fileName}`);
        files.push(warehouseAttachment);
      }
      embed.setThumbnail(`attachment://${SEMUTA_IMAGE_NAME}`);
      files.push(buildSemutaImageAttachment());
      return {
        embeds: [embed],
        components: buildOverviewComponents('warehouse'),
        files
      };
    }
    
    async function buildSharesPayload(interaction, ctx, mode = 'splash', viewOptions = {}) {
      const chipsFmt = getChipsFormatter(ctx);
      const overview = await getCartelOverview(interaction.guild?.id, interaction.user.id);
      const { selectedOrderId = null, page = 1 } = viewOptions || {};
      const guildId = interaction.guild?.id || null;
      const userId = interaction.user?.id || null;
      const normalizedPage = Math.max(1, Number.isFinite(Number(page)) ? Number(page) : 1);
      let embed;
      const componentOptions = { selectedOrderId, mode, page: normalizedPage };
      let playerOrders = [];
      const semutaPrices = calculateSemutaMarketPrices(overview?.pool?.total_shares || overview?.totals?.shares || 0);
      if (mode === 'buy') {
        const orders = guildId ? await listShareMarketOrders(guildId, 'SELL', 250) : [];
        const decorated = decorateShareMarketOrders('SELL', orders, semutaPrices.sellPrice);
        const sorted = sortShareMarketOrders(decorated, 'buy');
        const { pageSlice, pageInfo } = paginateShareMarketOrders(sorted, normalizedPage);
        embed = buildShareMarketOrderEmbed('buy', overview, pageSlice, chipsFmt, pageInfo);
        componentOptions.pageInfo = pageInfo;
        componentOptions.orders = pageSlice;
      } else if (mode === 'sell') {
        const orders = guildId ? await listShareMarketOrders(guildId, 'BUY', 250) : [];
        const decorated = decorateShareMarketOrders('BUY', orders, semutaPrices.buyPrice);
        const sorted = sortShareMarketOrders(decorated, 'sell');
        const { pageSlice, pageInfo } = paginateShareMarketOrders(sorted, normalizedPage);
        embed = buildShareMarketOrderEmbed('sell', overview, pageSlice, chipsFmt, pageInfo);
        componentOptions.pageInfo = pageInfo;
        componentOptions.orders = pageSlice;
      } else if (mode === 'posts') {
        const expiredOrders = [];
        playerOrders = guildId && userId
          ? await listShareMarketOrdersForUser(guildId, userId, 25, { expiredOrders })
          : [];
        componentOptions.playerOrders = playerOrders;
        componentOptions.expiredOrders = expiredOrders;
        embed = buildShareMarketPostsEmbed(overview, playerOrders, chipsFmt);
      } else {
        embed = buildCartelSharesEmbed(overview, chipsFmt);
      }
      return {
        payload: {
          embeds: [embed],
          components: buildShareMarketComponents(mode, componentOptions),
          files: [buildSemutaImageAttachment()]
        },
        context: {
          mode,
          page: normalizedPage,
          selectedOrderId,
          playerOrders,
          expiredOrders: componentOptions.expiredOrders || []
        }
      };
    }
    
    async function applyOverviewToMessage(target, payload) {
      if (!target || typeof target.edit !== 'function') return null;
      try {
        return await target.edit(payload);
      } catch (err) {
        console.error('Failed to edit overview message', err);
        return null;
      }
    }
    
    function sanitizeDealerNamesMap(names = null) {
      if (!names) return null;
      const mapped = {};
      for (const tier of CARTEL_DEALER_TIERS) {
        const value = names[tier.id];
        if (typeof value === 'string') {
          const trimmed = value.trim();
          if (trimmed) {
            mapped[tier.id] = trimmed;
          }
        }
      }
      return Object.keys(mapped).length ? mapped : null;
    }
    
    function storeDealerRecruitNames(messageId, names) {
      if (!messageId) return;
      const sanitized = sanitizeDealerNamesMap(names);
      const existing = dealerRecruitmentNameCache.get(messageId);
      if (existing?.timeout) {
        clearTimeout(existing.timeout);
      }
      if (!sanitized) {
        dealerRecruitmentNameCache.delete(messageId);
        return;
      }
      const timeout = setTimeout(() => {
        dealerRecruitmentNameCache.delete(messageId);
      }, DEALER_NAME_CACHE_TTL_MS);
      if (typeof timeout.unref === 'function') timeout.unref();
      dealerRecruitmentNameCache.set(messageId, { names: sanitized, timeout });
    }
    
    function getDealerRecruitNames(messageId) {
      if (!messageId) return null;
      const entry = dealerRecruitmentNameCache.get(messageId);
      if (!entry) return null;
      return { ...entry.names };
    }
    
    function updateDealerRecruitName(messageId, tierId, name) {
      if (!messageId || !tierId || !name) return;
      const trimmed = trimDealerName(name);
      if (!trimmed) return;
      const next = getDealerRecruitNames(messageId) || {};
      next[tierId] = trimmed;
      storeDealerRecruitNames(messageId, next);
    }
    
    function sanitizeDealerActionSelection(value) {
      const raw = String(value || '').trim();
      if (!raw || raw === DEALER_ACTION_NONE) return DEALER_ACTION_NONE;
      if (raw === DEALER_ACTION_ALL) return DEALER_ACTION_ALL;
      if (raw.startsWith(DEALER_ACTION_DEALER_PREFIX)) {
        const dealerId = raw.slice(DEALER_ACTION_DEALER_PREFIX.length).trim();
        if (dealerId) return `${DEALER_ACTION_DEALER_PREFIX}${dealerId}`;
      }
      return DEALER_ACTION_NONE;
    }
    
    function sanitizeDealerActionSelections(selections = null) {
      if (!selections || typeof selections !== 'object') {
        return {
          target: DEALER_ACTION_NONE
        };
      }
      return {
        target: sanitizeDealerActionSelection(selections.target)
      };
    }
    
    function storeDealerActionSelections(messageId, selections) {
      if (!messageId) return;
      const sanitized = sanitizeDealerActionSelections(selections);
      const existing = dealerActionSelectionCache.get(messageId);
      if (existing?.timeout) {
        clearTimeout(existing.timeout);
      }
      const timeout = setTimeout(() => {
        dealerActionSelectionCache.delete(messageId);
      }, DEALER_NAME_CACHE_TTL_MS);
      if (typeof timeout.unref === 'function') timeout.unref();
      dealerActionSelectionCache.set(messageId, { selections: sanitized, timeout });
    }
    
    function getDealerActionSelections(messageId) {
      if (!messageId) {
        return sanitizeDealerActionSelections();
      }
      const entry = dealerActionSelectionCache.get(messageId);
      if (!entry) return sanitizeDealerActionSelections();
      return sanitizeDealerActionSelections(entry.selections);
    }
    
    function updateDealerActionSelection(messageId, key, value) {
      if (!messageId) return;
      const current = getDealerActionSelections(messageId);
      if (key === 'target') {
        current.target = sanitizeDealerActionSelection(value);
      }
      storeDealerActionSelections(messageId, current);
    }
    
    async function fetchMessageById(interaction, messageId) {
      if (!messageId || messageId === '0') return null;
      const current = interaction?.message;
      if (current && current.id === messageId) return current;
      try {
        if (interaction?.channel?.messages?.fetch) {
          return await interaction.channel.messages.fetch(messageId);
        }
      } catch (err) {
        console.error(`Failed to fetch message ${messageId} for cartel refresh`, err);
      }
      return null;
    }
    
    function formatPlayerLabel(user) {
      if (!user) return 'Unknown player';
      return user.globalName || user.username || user.tag || user.id;
    }
    
    async function logCartelActivity(interaction, activity) {
      if (!CARTEL_LOG_CHANNEL_ID || !interaction?.client) return;
      try {
        const channel = await interaction.client.channels.fetch(CARTEL_LOG_CHANNEL_ID).catch(() => null);
        if (!channel || !channel.isTextBased()) return;
        const guildLabel = interaction.guild?.name || interaction.guild?.id || 'Unknown guild';
        const payload = [
          `Play: ${formatPlayerLabel(interaction.user)}`,
          `Guild: ${guildLabel}`,
          `Activity: ${activity}`
        ].join('\n');
        await channel.send(payload);
      } catch (err) {
        console.error('logCartelActivity error', err);
      }
    }
    
    function getChipsFormatter(ctx) {
      if (typeof ctx?.chipsAmount === 'function') {
        return (amount) => {
          try {
            return ctx.chipsAmount(amount);
          } catch (err) {
            console.warn('chipsAmount formatter failed; falling back to raw chips string.', err);
            return `${amount} chips`;
          }
        };
      }
      return (amount) => `${amount} chips`;
    }
    
    function buildWarehouseRaidLines(raid, chipsFmt) {
      if (!raid?.triggered) return [];
      const tierLabel = raid?.tier ? String(raid.tier).toLowerCase() : 'unknown';
      const warningLine = `🚨 Raid warning: Heat reached **${tierLabel}** threshold (roll ${raid.roll}/20, trigger <= ${raid.triggerThreshold || 0}).`;
      if (!raid.success) {
        return [warningLine, '🛡️ Outcome: You evaded the raid this time.'];
      }
      const confiscatedGrams = Math.max(0, Number(raid.confiscatedGrams || 0));
      const finePaid = Math.max(0, Number(raid.fineChipsPaid || 0));
      const fineCharged = Math.max(0, Number(raid.fineChipsCharged || 0));
      const fineDisplay = finePaid > 0 ? finePaid : fineCharged;
      const fineTail = fineDisplay > 0
        ? ` Fine: **${chipsFmt(fineDisplay)}**${finePaid < fineCharged ? ' (partial due to low chips)' : ''}.`
        : '';
      return [
        warningLine,
        `🚓 Outcome: Authorities confiscated **${gramsFormatter.format(confiscatedGrams)}g** from the raid scope.${fineTail}`
      ];
    }
    
    function formatRaidActionLabel(actionType) {
      const raw = String(actionType || '').toLowerCase();
      if (raw === 'collect') return 'Collect';
      if (raw === 'burn') return 'Burn';
      if (raw === 'export') return 'Export';
      return 'Unknown';
    }
    
    function buildWarehouseRaidFlavorEmbed(interaction, raid, chipsFmt) {
      if (!raid?.triggered || !interaction?.user) return null;
      const playerMention = `<@${interaction.user.id}>`;
      const playerLabel = formatPlayerLabel(interaction.user);
      const tierLabel = raid?.tier ? String(raid.tier).toLowerCase() : 'unknown';
      const actionLabel = formatRaidActionLabel(raid?.actionType);
      const roll = Math.max(0, Number(raid?.roll || 0));
      const triggerThreshold = Math.max(0, Number(raid?.triggerThreshold || 0));
      const confiscatedGrams = Math.max(0, Number(raid?.confiscatedGrams || 0));
      const fineCharged = Math.max(0, Number(raid?.fineChipsCharged || 0));
      const finePaid = Math.max(0, Number(raid?.fineChipsPaid || 0));
      const fineOutstanding = Math.max(0, fineCharged - finePaid);
    
      const takenLine = raid.success
        ? `Confiscated: **${gramsFormatter.format(confiscatedGrams)}g**\nFine charged: **${chipsFmt(fineCharged)}**\nFine paid: **${chipsFmt(finePaid)}**${fineOutstanding > 0 ? `\nOutstanding unpaid: **${chipsFmt(fineOutstanding)}**` : ''}`
        : 'Confiscated: **0g**\nFine charged: **0 chips**\nFine paid: **0 chips**';
    
      const embed = new EmbedBuilder()
        .setColor(raid.success ? 0xD83C3E : 0xF39C12)
        .setTitle(raid.success ? 'Warehouse Raid: Authorities Strike' : 'Warehouse Raid: Close Call')
        .setDescription(
          raid.success
            ? 'Sirens cut through the block as officers stormed the operation and seized contraband.'
            : 'Spotters caught movement early. The crew scattered before authorities could make arrests.'
        )
        .addFields(
          { name: 'Raided Player', value: `${playerMention} (${playerLabel})`, inline: false },
          { name: 'Action', value: actionLabel, inline: true },
          { name: 'Raid Roll', value: `${roll}/20 (trigger <= ${triggerThreshold})`, inline: true },
          { name: 'Heat Tier', value: tierLabel, inline: true },
          { name: 'What Was Taken', value: takenLine, inline: false }
        )
        .setTimestamp(new Date());
      return embed;
    }
    
    async function postWarehouseRaidFlavorEmbed(interaction, raid, chipsFmt) {
      if (!raid?.triggered || !interaction?.channel?.send) return;
      const embed = buildWarehouseRaidFlavorEmbed(interaction, raid, chipsFmt);
      if (!embed) return;
      await interaction.channel.send({ embeds: [embed] }).catch((err) => {
        console.error('Failed to post warehouse raid flavor embed', err);
      });
    }
    
    function buildRaidInterceptLogLine(raid, chipsFmt) {
      if (!raid?.triggered) return null;
      const actionLabel = formatRaidActionLabel(raid?.actionType);
      const confiscatedGrams = Math.max(0, Number(raid?.confiscatedGrams || 0));
      const fineCharged = Math.max(0, Number(raid?.fineChipsCharged || 0));
      const finePaid = Math.max(0, Number(raid?.fineChipsPaid || 0));
      const fineOutstanding = Math.max(0, fineCharged - finePaid);
      return `Raid intercepted ${actionLabel} action. Confiscated ${gramsFormatter.format(confiscatedGrams)}g. Fine charged ${chipsFmt(fineCharged)}, paid ${chipsFmt(finePaid)}${fineOutstanding > 0 ? `, outstanding ${chipsFmt(fineOutstanding)}` : ''}.`;
    }
    
    function handleCartelFailure(interaction, error) {
      if (error instanceof CartelError) {
        const message = error.message || 'Action failed.';
        if (interaction.deferred || interaction.replied) {
          return interaction.editReply({ content: `⚠️ ${message}` });
        }
          return interaction.reply(withAutoEphemeral(interaction, { content: `⚠️ ${message}` }));
      }
      console.error('Cartel command failed', error);
      const content = '⚠️ Something went wrong running that cartel command. Please try again in a moment.';
      if (interaction.deferred || interaction.replied) {
        return interaction.editReply({ content });
      }
      return interaction.reply(withAutoEphemeral(interaction, { content }));
    }
    
    async function notifyCartelButtonError(interaction, error) {
      if (error instanceof CartelError) {
        return interaction.followUp(withAutoEphemeral(interaction, { content: `⚠️ ${error.message || 'Action failed.'}` }));
      }
      console.error('Cartel dealer action failed', error);
      return interaction.followUp(withAutoEphemeral(interaction, { content: '⚠️ Something went wrong running that cartel action. Please try again in a moment.' }));
    }
    
    const CARTEL_FOREIGN_PANEL_MESSAGE = '🚫 That cartel panel belongs to someone else. Run `/cartel` to open your own view.';
    
    async function resolveCartelPanelOwner(interaction, sourceMessageId = null) {
      if (!interaction) return null;
      if (typeof interaction.isChatInputCommand === 'function' && interaction.isChatInputCommand()) {
        return interaction.user?.id || null;
      }
      const messageOwner = interaction?.message?.interaction?.user?.id;
      if (messageOwner) return messageOwner;
      if (sourceMessageId && sourceMessageId !== '0') {
        const target = await fetchMessageById(interaction, sourceMessageId);
        if (target?.interaction?.user?.id) {
          return target.interaction.user.id;
        }
      }
      return interaction.user?.id || null;
    }
    
    async function ensureCartelAccess(interaction, _ctx, options = {}) {
      const ownerId = await resolveCartelPanelOwner(interaction, options?.sourceMessageId || null);
      if (!ownerId || ownerId === interaction.user?.id) {
        return true;
      }
      const payload = { content: CARTEL_FOREIGN_PANEL_MESSAGE, ephemeral: true };
      try {
        if (interaction.deferred || interaction.replied) {
          await interaction.followUp(payload);
        } else if (typeof interaction.reply === 'function') {
          await interaction.reply(payload);
        }
      } catch {}
      return false;
    }
    
    async function ensureShareMarketAccess(_interaction, _ctx) {
      return true;
    }
    
    function formatPercent(value) {
      if (!Number.isFinite(value) || value <= 0) return '0%';
      return `${percentFormatter.format(value * 100)}%`;
    }
    
    function buildRankProgressLine(investor) {
      const rank = Math.max(1, Number(investor?.rank || 1));
      const storedXp = Math.max(0, Math.floor(Number(investor?.rank_xp || 0)));
      const xpNeeded = xpToNextForRank(rank);
      if (rank >= CARTEL_MAX_RANK || xpNeeded <= 0) {
        return `${emoji('sparkles')} Rank ${rank} (MAX Rank)`;
      }
      const remaining = Math.max(0, xpNeeded - storedXp);
      return `${emoji('sparkles')} Rank ${rank} — ${xpFormatter.format(remaining)} XP to Rank ${rank + 1} (${xpFormatter.format(storedXp)} XP stored)`;
    }
    
    function formatTickDuration(seconds) {
      if (!Number.isFinite(seconds) || seconds <= 0) return 'tick';
      if (seconds % SECONDS_PER_DAY === 0) {
        return `${seconds / SECONDS_PER_DAY}d`;
      }
      if (seconds % SECONDS_PER_HOUR === 0) {
        return `${seconds / SECONDS_PER_HOUR}h`;
      }
      if (seconds % 60 === 0) {
        return `${seconds / 60}m`;
      }
      return `${seconds}s`;
    }
    
    function formatPercentDisplay(value) {
      if (!Number.isFinite(value) || value <= 0) return '0%';
      return `${percentFormatter.format(value * 100)}%`;
    }
    
    function heatTierForWarehouse(heat) {
      const value = Math.max(0, Number(heat || 0));
      if (value >= Number(CARTEL_RAID_THRESHOLDS?.EXTREME?.heat || 0)) return 'EXTREME';
      if (value >= Number(CARTEL_RAID_THRESHOLDS?.HIGH?.heat || 0)) return 'HIGH';
      if (value >= Number(CARTEL_RAID_THRESHOLDS?.MED?.heat || 0)) return 'MED';
      if (value >= Number(CARTEL_RAID_THRESHOLDS?.LOW?.heat || 0)) return 'LOW';
      return 'NONE';
    }
    
    function buildHeatBar(warehouseGrams) {
      const grams = Math.max(0, Number(warehouseGrams || 0));
      const heat = Math.max(0, grams * Number(CARTEL_WAREHOUSE_HEAT_PER_GRAM || 0));
      const maxHeat = Math.max(1, Number(CARTEL_RAID_THRESHOLDS?.EXTREME?.heat || 500));
      const progress = Math.max(0, Math.min(1, heat / maxHeat));
      const segments = 10;
      const filled = Math.max(0, Math.min(segments, Math.round(progress * segments)));
      const bar = `${'█'.repeat(filled)}${'░'.repeat(Math.max(0, segments - filled))}`;
      const tier = heatTierForWarehouse(heat);
      return `Heat: [${bar}] **${tier}** (${percentFormatter.format(progress * 100)}%, ${percentFormatter.format(heat)})`;
    }
    
    function formatDuration(seconds) {
      const total = Math.max(0, Math.floor(Number(seconds || 0)));
      if (total >= SECONDS_PER_DAY) {
        const days = Math.floor(total / SECONDS_PER_DAY);
        const hours = Math.floor((total % SECONDS_PER_DAY) / SECONDS_PER_HOUR);
        return hours ? `${days}d ${hours}h` : `${days}d`;
      }
      if (total >= SECONDS_PER_HOUR) {
        const hours = Math.floor(total / SECONDS_PER_HOUR);
        const minutes = Math.floor((total % SECONDS_PER_HOUR) / 60);
        return minutes ? `${hours}h ${minutes}m` : `${hours}h`;
      }
      const minutes = Math.max(1, Math.floor(total / 60));
      return `${minutes}m`;
    }
    
    function joinSections(lines = []) {
      return lines
        .filter(line => {
          if (line == null) return false;
          if (typeof line === 'string') return line.trim().length > 0;
          return Boolean(line);
        })
        .join('\n');
    }
    
    const SECTION_DIVIDER_LINE = '────────────';
    
    function dividerField() {
      return { name: '\u200b', value: SECTION_DIVIDER_LINE };
    }
    
    function withSectionDividers(fields = []) {
      const cleaned = fields.filter(field => field && typeof field === 'object');
      if (cleaned.length <= 1) return cleaned;
      const result = [];
      cleaned.forEach((field, idx) => {
        if (idx > 0) result.push(dividerField());
        result.push(field);
      });
      return result;
    }
    
    function buildOverviewEmbed(overview, chipsFmt) {
      const { investor, metrics } = overview;
      const hourlyValue = metrics.hourlyGrams * CARTEL_BASE_PRICE_PER_GRAM;
      const dailyValue = metrics.dailyGrams * CARTEL_BASE_PRICE_PER_GRAM;
      const tickSeconds = CARTEL_MIN_TICK_SECONDS;
      const tickDurationLabel = formatTickDuration(tickSeconds);
      const tickGramsValue = metrics.hourlyGrams * (tickSeconds / SECONDS_PER_HOUR);
      const rankLine = buildRankProgressLine(investor);
      const zeroSharesPrompt = Number(investor?.shares || 0) <= 0
        ? `${emoji('info')} You have no Semuta shares yet. Click **Cartel Shares** below to buy some.`
        : null;
      const descriptionParts = [
        rankLine,
        `${emoji('semuta')} Semuta is a pile of pale blue crystals that the cartel refines for passive chip income.`,
        zeroSharesPrompt
      ].filter(Boolean);
      const description = descriptionParts.join('\n\n');
      const fields = [
        {
          name: 'Inventory',
          value: joinSections([
            `${emoji('semuta')} Stash: **${gramsFormatter.format(metrics.stashGrams)}g of Semuta** / ${gramsFormatter.format(metrics.stashCapGrams)}g of Semuta cap`,
            `${emoji('vault')} Warehouse (overflow): **${gramsFormatter.format(metrics.warehouseGrams)}g of Semuta**`,
            `${emoji('warning')} ${buildHeatBar(metrics.warehouseGrams)}`,
            `${emoji('sparkles')} Sale multiplier: **+${percentFormatter.format(metrics.saleMultiplierPercent || 0)}%** on Semuta sells`
          ])
        },
        {
          name: 'Production Estimates',
          value: joinSections([
            `${emoji('hourglass')} Tick (~${tickDurationLabel}): **${gramsFormatter.format(tickGramsValue)}g of Semuta**`,
            `${emoji('alarmClock')} Hourly: **${gramsFormatter.format(metrics.hourlyGrams)}g of Semuta** (~${chipsFmt(Math.round(hourlyValue))})`,
            `${emoji('calendar')} Daily: **${gramsFormatter.format(metrics.dailyGrams)}g of Semuta** (~${chipsFmt(Math.round(dailyValue))})`
          ])
        }
      ];
    
      return new EmbedBuilder()
        .setColor(0x2ecc71)
        .setTitle(`${emoji('semuta_cartel')} Semuta Cartel Overview`)
        .setThumbnail(`attachment://${SEMUTA_IMAGE_NAME}`)
        .setDescription(description)
        .addFields(...withSectionDividers(fields))
        .setFooter({ text: 'Grow your Semuta stash, then sell the pale blue crystals for passive chips.' });
    }
    
    function buildWarehouseEmbed(overview, chipsFmt) {
      const metrics = overview?.metrics || {};
      const details = [
        `${emoji('semuta')} Stash: **${gramsFormatter.format(metrics.stashGrams)}g** / ${gramsFormatter.format(metrics.stashCapGrams)}g cap`,
        `${emoji('vault')} Warehouse: **${gramsFormatter.format(metrics.warehouseGrams)}g** overflow`,
        `${emoji('warning')} ${buildHeatBar(metrics.warehouseGrams)}`,
        `${emoji('sparkles')} Sale multiplier: **+${percentFormatter.format(metrics.saleMultiplierPercent || 0)}%** on Semuta sells`
      ];
      const tipLines = [
        `${emoji('info')} Burn overflow for free or collect it (fee applies) once you have chips ready.`,
        `${emoji('rocket')} Export to the cartel for a permanent +1% sale bonus per 1,000g shipped (fee ${chipsFmt(2000)} per 1,000g).`
      ];
      return new EmbedBuilder()
        .setColor(0x8e44ad)
        .setTitle(`${emoji('vault')} Overflow Warehouse`)
        .setDescription(details.join('\n'))
        .addFields({
          name: 'Tips',
          value: tipLines.join('\n')
        })
        .setFooter({ text: 'Manage overflow to keep production flowing without wasting Semuta.' });
    }
    
    function buildCartelSharesEmbed(overview, chipsFmt, { maintenance = false, includeSnapshot = true } = {}) {
      const { investor, metrics, totals, pool, nextTickAt } = overview;
      const sharePrice = Math.max(
        1,
        Math.floor(Number(metrics?.floorSellPrice || metrics?.sharePrice || pool?.share_price || CARTEL_DEFAULT_SHARE_PRICE))
      );
      const perShareRate = gramsFormatter.format(mgToGrams(metrics?.perShareRateMg || 0));
      const nextTickLine = nextTickAt
        ? `<t:${nextTickAt}:R>`
        : 'Pending first production tick';
      const descriptionParts = ['Monitor your holdings and the cartel pool before buying or selling shares.'];
      if (maintenance) {
        descriptionParts.push(`${emoji('warning')} Share Market is in maintenance and limited to admins for now.`);
      }
      const embed = new EmbedBuilder()
        .setColor(0x1abc9c)
        .setTitle(`${emoji('semuta_cartel')} Semuta Cartel Share Market`)
        .setThumbnail(`attachment://${SEMUTA_IMAGE_NAME}`)
        .setDescription(descriptionParts.join('\n\n'))
        .setFooter({ text: 'Buy shares to grow production or sell shares to cash out chips.' });
      if (includeSnapshot) {
        const holdingsField = {
          name: 'Player Holdings',
          value: joinSections([
            `${emoji('cashStack')} Shares: **${Number(investor?.shares || 0).toLocaleString('en-US')}**`,
            `${emoji('pie')} Pool share: **${formatPercent(metrics.sharePercent)}**`,
            `${emoji('hourglass')} Per-share output: **${perShareRate}g of Semuta/hr**`
          ])
        };
        const poolField = {
          name: 'Cartel Pool',
          value: joinSections([
            `${emoji('chipCard')} Share price: **${chipsFmt(sharePrice)}**`,
            `${emoji('busts')} Investors: **${totals.investors}**`,
            `${emoji('chipCard')} Shares outstanding: **${Number(pool?.total_shares || 0).toLocaleString('en-US')}**`,
            `${emoji('hourglassFlow')} Next tick: ${nextTickLine}`,
            `${emoji('balanceScale')} Warehouse fee: **${(CARTEL_WAREHOUSE_FEE_BPS / 100).toFixed(2)}%**`
          ])
        };
        embed.addFields(...withSectionDividers([holdingsField, poolField]));
      }
      return embed;
    }
    
    function buildShareMarketComponents(mode = 'splash', options = {}) {
      const playerOrders = Array.isArray(options?.playerOrders) ? options.playerOrders : [];
      const selectedOrderIdRaw = typeof options?.selectedOrderId === 'string' ? options.selectedOrderId : null;
      const pageInfo = options?.pageInfo || null;
      const ordersForPage = Array.isArray(options?.orders) ? options.orders : [];
      const currentPage = pageInfo?.current || Number(options?.page || 1) || 1;
      const buyNavStyle = mode === 'buy' ? ButtonStyle.Primary : ButtonStyle.Secondary;
      const sellNavStyle = mode === 'sell' ? ButtonStyle.Primary : ButtonStyle.Secondary;
      const postsNavStyle = mode === 'posts' ? ButtonStyle.Primary : ButtonStyle.Secondary;
      const rows = [];
    
      const navRow = new ActionRowBuilder();
      if (mode === 'splash') {
        navRow.addComponents(
          new ButtonBuilder()
            .setCustomId(CARTEL_OVERVIEW_CUSTOM_ID)
            .setLabel('Return to Overview')
            .setEmoji('↩️')
            .setStyle(ButtonStyle.Secondary)
        );
      } else {
        navRow.addComponents(
          new ButtonBuilder()
            .setCustomId(CARTEL_SHARES_VIEW_ID)
            .setLabel('Splash')
            .setEmoji('📈')
            .setStyle(ButtonStyle.Secondary)
        );
      }
      navRow.addComponents(
        new ButtonBuilder()
          .setCustomId(CARTEL_SHARE_MARKET_BUY_VIEW_ID)
          .setLabel('Buy')
          .setEmoji('🛒')
          .setStyle(buyNavStyle),
        new ButtonBuilder()
          .setCustomId(CARTEL_SHARE_MARKET_SELL_VIEW_ID)
          .setLabel('Sell')
          .setEmoji('💱')
          .setStyle(sellNavStyle),
        new ButtonBuilder()
          .setCustomId(CARTEL_SHARE_MARKET_POSTS_VIEW_ID)
          .setLabel('Posts')
          .setEmoji('📮')
          .setStyle(postsNavStyle),
        new ButtonBuilder()
          .setCustomId(CARTEL_DEALERS_LIST_VIEW_ID)
          .setLabel('Dealers')
          .setEmoji('🧑‍🤝‍🧑')
          .setStyle(ButtonStyle.Primary)
      );
      rows.push(navRow);
    
      if (mode !== 'splash') {
        rows.push(
          new ActionRowBuilder().addComponents(
            new ButtonBuilder()
              .setCustomId(CARTEL_SHARE_ORDER_SELL_BUTTON_ID)
              .setLabel('Post Sell Order')
              .setEmoji('📢')
              .setStyle(mode === 'buy' ? ButtonStyle.Primary : ButtonStyle.Secondary),
            new ButtonBuilder()
              .setCustomId(CARTEL_SHARE_ORDER_BUY_BUTTON_ID)
              .setLabel('Post Buy Order')
              .setEmoji('🛒')
              .setStyle(mode === 'sell' ? ButtonStyle.Primary : ButtonStyle.Secondary),
            new ButtonBuilder()
              .setCustomId(CARTEL_GUIDE_BUTTON_ID)
              .setLabel('Guide')
              .setEmoji('📘')
              .setStyle(ButtonStyle.Secondary)
          )
        );
      }
    
      if ((mode === 'buy' || mode === 'sell') && pageInfo && pageInfo.total > 1) {
        const prevPage = Math.max(1, pageInfo.current - 1);
        const nextPage = Math.min(pageInfo.total, pageInfo.current + 1);
        rows.push(
          new ActionRowBuilder().addComponents(
            new ButtonBuilder()
              .setCustomId(`cartel|shares|view|${mode}|page|${prevPage}`)
              .setLabel('Prev')
              .setEmoji('◀️')
              .setStyle(ButtonStyle.Secondary)
              .setDisabled(pageInfo.current <= 1),
            new ButtonBuilder()
              .setCustomId(`cartel|shares|view|${mode}|page|${nextPage}`)
              .setLabel('Next')
              .setEmoji('▶️')
              .setStyle(ButtonStyle.Secondary)
              .setDisabled(pageInfo.current >= pageInfo.total)
          )
        );
      }
    
      if ((mode === 'buy' || mode === 'sell') && ordersForPage.length) {
        const selectMenu = new StringSelectMenuBuilder()
          .setCustomId(
            mode === 'buy'
              ? `${CARTEL_MARKET_BUY_SELECT_ID}|${currentPage}`
              : `${CARTEL_MARKET_SELL_SELECT_ID}|${currentPage}`
          )
          .setPlaceholder('Select an order')
          .setMinValues(1)
          .setMaxValues(1);
        const currentOrderIds = new Set(ordersForPage.map(order => order?.order_id));
        const effectiveSelectedId = currentOrderIds.has(selectedOrderIdRaw) ? selectedOrderIdRaw : null;
        const optionBuilders = ordersForPage.slice(0, 25).map(order => {
          const option = new StringSelectMenuOptionBuilder()
            .setLabel(buildMarketOrderOptionLabel(order))
            .setValue(order.order_id)
            .setDescription(buildMarketOrderOptionDescription(order));
          if (order.order_id === effectiveSelectedId) option.setDefault(true);
          return option;
        });
        if (optionBuilders.length) {
          selectMenu.addOptions(optionBuilders);
          rows.push(new ActionRowBuilder().addComponents(selectMenu));
          const confirmId = mode === 'buy'
            ? `${CARTEL_MARKET_BUY_CONFIRM_ID}|${effectiveSelectedId || '0'}|${currentPage}`
            : `${CARTEL_MARKET_SELL_CONFIRM_ID}|${effectiveSelectedId || '0'}|${currentPage}`;
          rows.push(
            new ActionRowBuilder().addComponents(
              new ButtonBuilder()
                .setCustomId(confirmId)
                .setLabel(mode === 'buy' ? 'Enter Shares to Buy' : 'Enter Shares to Sell')
                .setEmoji('✅')
                .setStyle(mode === 'buy' ? ButtonStyle.Success : ButtonStyle.Danger)
                .setDisabled(!effectiveSelectedId)
            )
          );
        }
      }
    
      if (mode === 'posts' && playerOrders.length) {
        const selectMenu = new StringSelectMenuBuilder()
          .setCustomId(CARTEL_SHARE_ORDER_SELECT_ID)
          .setPlaceholder('Select one of your orders')
          .setMinValues(1)
          .setMaxValues(1);
        const optionBuilders = playerOrders.slice(0, 25).map(order => {
          const shareCount = Math.max(0, Number(order?.shares || 0));
          const shareLabel = `${shareCount.toLocaleString('en-US')} ${shareCount === 1 ? 'share' : 'shares'}`;
          const priceLabel = Math.max(1, Math.floor(Number(order?.price_per_share || 0))).toLocaleString('en-US');
          const sideLabel = String(order?.side).toUpperCase() === 'BUY' ? 'Buy' : 'Sell';
          const option = new StringSelectMenuOptionBuilder()
            .setLabel(`${sideLabel} ${shareLabel}`)
            .setValue(order.order_id)
            .setDescription(`@ ${priceLabel} chips · ${order?.created_at ? formatRelativeTs(order.created_at) : 'posted now'}`);
          if (order.order_id === selectedOrderIdRaw) option.setDefault(true);
          return option;
        });
        if (optionBuilders.length) {
          selectMenu.addOptions(optionBuilders);
          rows.push(new ActionRowBuilder().addComponents(selectMenu));
          const cancelTarget = selectedOrderIdRaw || '0';
          rows.push(
            new ActionRowBuilder().addComponents(
              new ButtonBuilder()
                .setCustomId(`${CARTEL_SHARE_ORDER_CANCEL_BUTTON_ID}|${cancelTarget}`)
                .setLabel('Cancel Order')
                .setEmoji('🗑️')
                .setStyle(ButtonStyle.Danger)
                .setDisabled(cancelTarget === '0')
            )
          );
        }
      }
    
      return rows;
    }
    
    function buildShareMarketOrderEmbed(mode, overview, orders, chipsFmt, pageInfo = null) {
      const isBuyView = mode === 'buy';
      const pageLabel = pageInfo && pageInfo.total > 1
        ? ` — Page ${pageInfo.current}/${pageInfo.total}`
        : '';
      const baseDescription = isBuyView
        ? 'Browse live sell posts from other players or rely on the Semuta Cartel’s infinite inventory.'
        : 'Review open buy posts from other players ready to pay chips for your shares.';
      const pageDescription = pageInfo && pageInfo.total > 1
        ? `Page ${pageInfo.current} of ${pageInfo.total} — showing ${orders.length} of ${pageInfo.totalItems.toLocaleString('en-US')} posts.`
        : null;
      const embed = buildCartelSharesEmbed(overview, chipsFmt, { maintenance: false, includeSnapshot: false })
        .setTitle(`${emoji('semuta_cartel')} Semuta Cartel Share Market — ${isBuyView ? 'Buy' : 'Sell'}${pageLabel}`)
        .setDescription([baseDescription, pageDescription].filter(Boolean).join('\n\n'));
      if (pageInfo) {
        embed.setFooter({ text: `Showing ${orders.length} of ${pageInfo.totalItems} posts · Page ${pageInfo.current}/${pageInfo.total}` });
      }
      embed.addFields(...withSectionDividers([
        {
          name: `${emoji('clipboard')} ${isBuyView ? 'Sell Posts' : 'Buy Posts'}`,
          value: formatShareMarketOrdersList(orders, chipsFmt)
        }
      ]));
      return embed;
    }
    
    function buildShareMarketPostsEmbed(overview, orders, chipsFmt) {
      const embed = buildCartelSharesEmbed(overview, chipsFmt, { maintenance: false, includeSnapshot: false })
        .setTitle(`${emoji('semuta_cartel')} Semuta Cartel Share Market — Posts`)
        .setDescription('Track your own market posts or create a new listing in seconds.');
      const buyOrders = (orders || []).filter(order => String(order?.side).toUpperCase() === 'BUY');
      const sellOrders = (orders || []).filter(order => String(order?.side).toUpperCase() !== 'BUY');
      embed.addFields(...withSectionDividers([
        {
          name: `${emoji('chipCard')} Your Buy Orders`,
          value: formatPlayerMarketOrdersList(buyOrders, chipsFmt, '_No buy orders yet._')
        },
        {
          name: `${emoji('receipt')} Your Sell Orders`,
          value: formatPlayerMarketOrdersList(sellOrders, chipsFmt, '_No sell orders yet._')
        }
      ]));
      return embed;
    }
    
    function decorateShareMarketOrders(side, orders = [], semutaPrice = 100) {
      const sanitized = Array.isArray(orders) ? orders.filter(Boolean) : [];
      return [buildSemutaMarketOrder(side, semutaPrice), ...sanitized];
    }
    
    function sortShareMarketOrders(orders = [], mode = 'buy') {
      const normalizedMode = mode === 'sell' ? 'sell' : 'buy';
      const sorted = [...orders];
      sorted.sort((a, b) => {
        const priceA = Number(a?.price_per_share || 0);
        const priceB = Number(b?.price_per_share || 0);
        const createdA = Number(a?.created_at || 0);
        const createdB = Number(b?.created_at || 0);
        if (normalizedMode === 'buy') {
          if (priceA !== priceB) return priceA - priceB;
          return createdA - createdB;
        }
        if (priceA !== priceB) return priceB - priceA;
        return createdA - createdB;
      });
      return sorted;
    }
    
    function paginateShareMarketOrders(orders = [], requestedPage = 1, pageSize = 25) {
      const safePageSize = Math.max(1, Math.floor(Number(pageSize) || 25));
      const totalItems = orders.length;
      const totalPages = Math.max(1, Math.ceil(totalItems / safePageSize));
      const current = Math.min(Math.max(1, Math.floor(Number(requestedPage) || 1)), totalPages);
      const start = (current - 1) * safePageSize;
      const pageSlice = orders.slice(start, start + safePageSize);
      return {
        pageSlice,
        pageInfo: {
          current,
          total: totalPages,
          totalItems,
          pageSize: safePageSize
        }
      };
    }
    
    function buildSemutaMarketOrder(side, semutaPrice) {
      const normalizedSide = String(side || 'SELL').toUpperCase() === 'BUY' ? 'BUY' : 'SELL';
      const price = Math.max(1, Math.floor(Number(semutaPrice || 0)));
      return {
        order_id: `${normalizedSide.toLowerCase()}_${SEMUTA_CARTEL_USER_ID}`,
        guild_id: null,
        user_id: SEMUTA_CARTEL_USER_ID,
        side: normalizedSide,
        shares: Number.POSITIVE_INFINITY,
        price_per_share: price,
        status: 'OPEN',
        created_at: null,
        infinite: true
      };
    }
    
    function formatShareMarketOrdersList(orders = [], chipsFmt) {
      if (!orders.length) return '_No posts yet._';
      const lines = orders
        .map(order => formatShareMarketOrderLine(order, chipsFmt))
        .filter(Boolean);
      if (!lines.length) return '_No posts yet._';
      const onlySemuta = orders.every(order => order?.user_id === SEMUTA_CARTEL_USER_ID);
      const output = lines.join('\n');
      if (onlySemuta) {
        return `${output}\n${emoji('sparkles')} No player posts yet—use **Post Order** below to create one.`;
      }
      return output;
    }
    
    function buildMarketOrderOptionLabel(order) {
      const sideLabel = String(order?.side).toUpperCase() === 'BUY' ? 'Buy' : 'Sell';
      const shareLabel = order?.infinite
        ? '∞ shares'
        : `${Math.max(0, Number(order?.shares || 0)).toLocaleString('en-US')} shares`;
      const priceLabel = Math.max(1, Math.floor(Number(order?.price_per_share || 0))).toLocaleString('en-US');
      return `${sideLabel} ${shareLabel} @ ${priceLabel}`;
    }
    
    function buildMarketOrderOptionDescription(order) {
      const ownerLabel = order?.user_id === SEMUTA_CARTEL_USER_ID
        ? 'Semuta Cartel'
        : order?.user_id
          ? `Order by ${shortUserId(order.user_id)}`
          : 'Order';
      const posted = order?.user_id === SEMUTA_CARTEL_USER_ID
        ? 'always available'
        : order?.created_at
          ? formatRelativeTs(order.created_at)
          : 'just now';
      return `${ownerLabel} · ${posted}`;
    }
    
    function shortUserId(userId) {
      const value = String(userId || '');
      if (!value) return 'Unknown';
      if (value.length <= 6) return value;
      return `${value.slice(0, 3)}…${value.slice(-3)}`;
    }
    
    function formatShareMarketOrderLine(order, chipsFmt) {
      const sideLabel = String(order?.side).toUpperCase() === 'BUY' ? 'Buying' : 'Selling';
      const userLabel = order?.user_id === SEMUTA_CARTEL_USER_ID
        ? `${emoji('semuta_cartel')} Semuta Cartel`
        : `<@${order?.user_id}>`;
      const shareCount = Math.max(0, Number(order?.shares || 0));
      const shareLabel = order?.infinite
        ? '∞ shares'
        : `${shareCount.toLocaleString('en-US')} ${shareCount === 1 ? 'share' : 'shares'}`;
      const price = Math.max(1, Math.floor(Number(order?.price_per_share || 0)));
      const posted = order?.created_at ? ` · ${formatRelativeTs(order.created_at)}` : '';
      return `${emoji('chipCard')} ${userLabel} — ${sideLabel} ${shareLabel} @ ${chipsFmt(price)} per share${posted}`;
    }
    
    function shortOrderId(orderId) {
      const value = String(orderId || '');
      if (!value) return 'unknown';
      if (value.length <= 6) return value;
      return `${value.slice(0, 3)}…${value.slice(-3)}`;
    }
    
    function formatPlayerMarketOrdersList(orders = [], chipsFmt, fallbackMessage = '_None yet._') {
      if (!orders.length) return fallbackMessage;
      const lines = orders
        .slice(0, 5)
        .map(order => {
          const shareCount = Math.max(0, Number(order?.shares || 0));
          const price = Math.max(1, Math.floor(Number(order?.price_per_share || 0)));
          const posted = order?.created_at ? formatRelativeTs(order.created_at) : 'just now';
          const shareLabel = `${shareCount.toLocaleString('en-US')} ${shareCount === 1 ? 'share' : 'shares'}`;
          return `${emoji('chipCard')} ${shareLabel} @ ${chipsFmt(price)} — posted ${posted}`;
        })
        .filter(Boolean);
      return lines.length ? lines.join('\n') : fallbackMessage;
    }
    
    async function maybeNotifyOrderFills(interaction, ctx, playerOrders = [], expiredOrderIds = []) {
      const guildId = interaction.guild?.id;
      const userId = interaction.user?.id;
      const snapshotKey = snapshotKeyForUser(guildId, userId);
      if (!snapshotKey) return;
      const storedSnapshot = await loadOrderSnapshot(guildId, userId);
      const previous = storedSnapshot ? new Map(storedSnapshot.entries()) : new Map();
      const current = new Map();
      for (const order of playerOrders) {
        if (!order?.order_id) continue;
        current.set(order.order_id, {
          shares: Math.max(0, Number(order?.shares || 0)),
          side: order.side || 'SELL',
          price: Math.max(1, Number(order?.price_per_share || 0))
        });
      }
      const expiredSet = new Set(expiredOrderIds || []);
      const updates = [];
      for (const [orderId, prevEntry] of previous.entries()) {
        if (expiredSet.has(orderId)) {
          previous.delete(orderId);
          continue;
        }
        const currentEntry = current.get(orderId);
        if (!currentEntry) {
          updates.push({
            type: 'closed',
            orderId,
            side: prevEntry.side,
            price: prevEntry.price,
            delta: prevEntry.shares
          });
          continue;
        }
        if (currentEntry.shares < prevEntry.shares) {
          updates.push({
            type: 'partial',
            orderId,
            side: currentEntry.side,
            price: currentEntry.price,
            delta: prevEntry.shares - currentEntry.shares,
            remaining: currentEntry.shares
          });
        }
      }
      await persistOrderSnapshot(guildId, userId, current);
      if (!updates.length) return;
      const chipsFmt = getChipsFormatter(ctx);
      const lines = updates.map(update => {
        const normalizedSide = String(update.side).toUpperCase() === 'BUY' ? 'BUY' : 'SELL';
        const sideLabel = normalizedSide === 'BUY' ? 'Buy' : 'Sell';
        const chipsDelta = update.delta * update.price * (normalizedSide === 'SELL' ? 1 : -1);
        const sharesDelta = normalizedSide === 'SELL' ? -update.delta : update.delta;
        const chipsString = `${chipsDelta >= 0 ? '+' : '-'}${chipsFmt(Math.abs(chipsDelta))}`;
        const sharesString = `${sharesDelta >= 0 ? '+' : '-'}${Math.abs(sharesDelta).toLocaleString('en-US')} shares`;
        if (update.type === 'partial') {
          return `• ${sideLabel} order (${shortOrderId(update.orderId)}) filled **${update.delta.toLocaleString('en-US')}** shares @ ${chipsFmt(update.price)} (${chipsString}, ${sharesString}) — ${update.remaining.toLocaleString('en-US')} remaining.`;
        }
        return `• ${sideLabel} order (${shortOrderId(update.orderId)}) filled completely @ ${chipsFmt(update.price)} (${chipsString}, ${sharesString}).`;
      });
      const content = `${emoji('info')} Order updates since your last visit:\n${lines.join('\n')}`;
      await interaction.followUp(withAutoEphemeral(interaction, { content })).catch(() => {});
    }
    
    function buildOverviewComponents(mode = 'overview') {
      const primary = new ButtonBuilder()
        .setCustomId(CARTEL_REFRESH_CUSTOM_ID)
        .setLabel('Refresh')
        .setEmoji('🔁')
        .setStyle(ButtonStyle.Secondary);
      const secondary = new ButtonBuilder()
        .setCustomId(mode === 'overview' ? CARTEL_RANKS_CUSTOM_ID : CARTEL_OVERVIEW_CUSTOM_ID)
        .setLabel(mode === 'overview' ? 'Rank XP Table' : 'Return to Overview')
        .setEmoji(mode === 'overview' ? '📊' : '↩️')
        .setStyle(ButtonStyle.Secondary);
      const rows = [new ActionRowBuilder().addComponents(primary, secondary)];
    
      if (mode === 'warehouse') {
        rows.push(
          new ActionRowBuilder().addComponents(
            new ButtonBuilder()
              .setCustomId(CARTEL_WAREHOUSE_BURN_BUTTON_ID)
              .setLabel('Burn Warehouse')
              .setEmoji('🔥')
              .setStyle(ButtonStyle.Danger),
            new ButtonBuilder()
              .setCustomId(CARTEL_WAREHOUSE_EXPORT_BUTTON_ID)
              .setLabel('Export Warehouse')
              .setEmoji('📤')
              .setStyle(ButtonStyle.Secondary)
          )
        );
        rows.push(
          new ActionRowBuilder().addComponents(
            new ButtonBuilder()
              .setCustomId(CARTEL_GUIDE_BUTTON_ID)
              .setLabel('Guide')
              .setEmoji('📘')
              .setStyle(ButtonStyle.Secondary)
          )
        );
        return rows;
      }
    
      const navRow = new ActionRowBuilder().addComponents(
        new ButtonBuilder()
          .setCustomId(CARTEL_SHARES_VIEW_ID)
          .setLabel('Cartel Shares')
          .setEmoji('📈')
          .setStyle(ButtonStyle.Primary),
        new ButtonBuilder()
          .setCustomId(CARTEL_DEALERS_LIST_VIEW_ID)
          .setLabel('Dealers')
          .setEmoji('🧑‍🤝‍🧑')
          .setStyle(ButtonStyle.Primary)
      );
      rows.push(navRow);
      rows.push(
        new ActionRowBuilder().addComponents(
          new ButtonBuilder()
            .setCustomId(CARTEL_SELL_BUTTON_ID)
            .setLabel('Sell Stash')
            .setEmoji('📉')
            .setStyle(ButtonStyle.Danger),
          new ButtonBuilder()
            .setCustomId(CARTEL_COLLECT_BUTTON_ID)
            .setLabel('Collect Warehouse')
            .setEmoji('📦')
            .setStyle(ButtonStyle.Secondary)
        )
      );
      if (mode === 'overview') {
        rows.push(
          new ActionRowBuilder().addComponents(
            new ButtonBuilder()
              .setCustomId(CARTEL_WAREHOUSE_VIEW_ID)
              .setLabel('Visit Overflow Warehouse')
              .setEmoji('🏭')
              .setStyle(ButtonStyle.Secondary),
            new ButtonBuilder()
              .setCustomId(CARTEL_GUIDE_BUTTON_ID)
              .setLabel('Guide')
              .setEmoji('📘')
              .setStyle(ButtonStyle.Secondary)
          )
        );
      } else {
        rows.push(
          new ActionRowBuilder().addComponents(
            new ButtonBuilder()
              .setCustomId(CARTEL_GUIDE_BUTTON_ID)
              .setLabel('Guide')
              .setEmoji('📘')
              .setStyle(ButtonStyle.Secondary)
          )
        );
      }
    
      return rows;
    }
    
    function buildCartelGuideEmbed(overview = null, chipsFmt = amount => `${amount} chips`) {
      const sharePrice = Math.max(
        1,
        Math.floor(Number(overview?.metrics?.sharePrice || overview?.pool?.share_price || CARTEL_DEFAULT_SHARE_PRICE))
      );
      const shareRateGramPerHour = gramsFormatter.format(mgToGrams(overview?.metrics?.perShareRateMg || 0));
      const xpRate = Math.max(0, Number(overview?.metrics?.xpPerGram ?? CARTEL_DEFAULT_XP_PER_GRAM_SOLD));
      const xpRateLabel = xpRate.toLocaleString('en-US', { maximumFractionDigits: 2 });
      const totalShares = Math.max(0, Number(overview?.pool?.total_shares || overview?.totals?.shares || 0));
      const semutaMarket = calculateSemutaMarketPrices(totalShares);
      const semutaSellFloor = chipsFmt(Math.max(1, Number(semutaMarket?.sellPrice || 0)));
      const semutaBuyFloor = chipsFmt(Math.max(1, Number(semutaMarket?.buyPrice || 0)));
      const tickLabel = formatTickDuration(CARTEL_MIN_TICK_SECONDS);
      const warehouseFeePercent = (CARTEL_WAREHOUSE_FEE_BPS / 100).toFixed(2);
      const embed = new EmbedBuilder()
        .setColor(0x3498db)
        .setTitle(`${emoji('books')} Semuta Loot Guide`)
        .setThumbnail(`attachment://${SEMUTA_IMAGE_NAME}`)
        .setDescription('Semuta Cartel runs on a live share market plus a delivery mini-game—stick to this loop to keep the passive chips flowing.');
      const fields = [
        {
          name: `${emoji('chipCard')} Market Pulse`,
          value: joinSections([
            `${emoji('cashStack')} Admin share price: **${chipsFmt(sharePrice)}** · Semuta Cartel floor spreads **${semutaBuyFloor}** (buyback) / **${semutaSellFloor}** (sells to you).`,
            `${emoji('semuta')} Per-share mint: **${shareRateGramPerHour}g/hr** and each gram pays **${CARTEL_BASE_PRICE_PER_GRAM} chips/g** when sold.`,
            `${emoji('spark')} XP gain = Semuta sold × **${xpRateLabel} XP/g** whether it's a manual run or dealer drop.`,
            `${emoji('hourglassFlow')} Output = per-share rate × total shares × your pool % × tick (~${tickLabel}).`
          ])
        },
        {
          name: `${emoji('currencyExchange')} Share Market Flow`,
          value: joinSections([
            `${emoji('currencyExchange')} **Buy** tab fills player sell posts first, then falls back to the Semuta Cartel's infinite inventory.`,
            `${emoji('receipt')} **Sell** tab dumps into live buy posts or the floor buy price when no bids remain.`,
            `${emoji('clipboard')} **Posts** tab lists your limit orders (auto-expire after ~2 weeks) so you can cancel or spotlight one.`,
            `${emoji('info')} Post via the modal to control share count + price, stacking multiple buy/sell listings alongside instant fills.`
          ])
        },
        {
          name: `${emoji('hourglassFlow')} Selling & Dealers`,
          value: joinSections([
            `${SELL_MINIGAME_PLAYER_EMOJI} **Sell Stash** launches a ${SELL_MINIGAME_TICKS}-tick delivery—dodge ${SELL_MINIGAME_POLICE_EMOJI} busts (lose everything) and ${SELL_MINIGAME_POTHOLE_EMOJI} potholes (halve what's left) to cash out.`,
            `${emoji('package')} **Collect Warehouse** moves overflow into stash but charges **${warehouseFeePercent}%** of the sale value, so keep stash space open whenever you can.`,
            `${emoji('briefcase')} **Dealers** auto-sell from stash while upkeep is current; Hire unlocks higher tiers as you rank up and Upkeep keeps their timers paid.`,
            `${emoji('chipCard')} Smash **Collect Chips** once it lights up to bank dealer payouts—chips arrive with cartel XP attached.`
          ])
        },
        {
          name: `${emoji('spark')} Quick Tips`,
          value: joinSections([
            `${emoji('alarmClock')} Tap **Refresh** whenever you return—ticks hit roughly every ${tickLabel}, so numbers move fast.`,
            `${emoji('bell')} Opening the **Posts** tab after a break drops a recap for orders that filled while you were away.`,
            `${emoji('shield')} Overflow never decays; leave it parked until you can afford the **${warehouseFeePercent}%** collection fee.`,
            `${emoji('sparkles')} Export overflow from the warehouse to burn Semuta for a permanent +1% sale bonus per 1,000g (costs ${chipsFmt(2000)} per 1,000g exported).`,
            `${emoji('hammerWrench')} Admins can live-tune share price, share rate, and XP with \`/setcartelshare\`, \`/setcartelrate\`, and \`/setcartelxp\`.`
          ])
        }
      ];
      embed.addFields(...withSectionDividers(fields));
      embed.setFooter({ text: 'Use the buttons below to jump straight into each action.' });
      return embed;
    }
    
    function safeGetString(options, name) {
      if (!options?.getString) return null;
      try {
        return options.getString(name);
      } catch {
        return null;
      }
    }
    
    function shortDealerId(dealerId) {
      const str = String(dealerId || '');
      return str ? str.slice(0, 8) : 'unknown';
    }
    
    function formatRelativeTs(ts) {
      if (!ts) return 'n/a';
      return `<t:${Math.floor(Number(ts))}:R>`;
    }
    
    function mgToGrams(mg) {
      return Number(mg || 0) / MG_PER_GRAM;
    }
    
    function gramsToMg(grams) {
      const value = Number(grams);
      if (!Number.isFinite(value) || value <= 0) return 0;
      return Math.max(0, Math.floor(value * MG_PER_GRAM));
    }
    
    function roundDownToThousandGrams(grams) {
      const numeric = Math.floor(Math.max(0, Number(grams || 0)));
      if (numeric < 1000) return 0;
      return Math.floor(numeric / 1000) * 1000;
    }
    
    function trimDealerName(name) {
      if (typeof name !== 'string') return '';
      return name.trim();
    }
    
    function truncateDealerButtonLabel(label) {
      if (typeof label !== 'string' || !label.trim()) return 'Dealer';
      const trimmed = label.trim();
      if (trimmed.length <= DEALER_BUTTON_LABEL_MAX) return trimmed;
      return `${trimmed.slice(0, DEALER_BUTTON_LABEL_MAX - 3)}...`;
    }
    
    function dealerButtonLabel(dealer) {
      if (!dealer) return 'Dealer';
      const name = trimDealerName(dealer.display_name);
      if (name) return truncateDealerButtonLabel(name);
      const tierName = dealer?.tierInfo?.name;
      if (tierName) return truncateDealerButtonLabel(tierName);
      if (typeof dealer?.tier === 'number') {
        return truncateDealerButtonLabel(`Tier ${dealer.tier}`);
      }
      return truncateDealerButtonLabel(shortDealerId(dealer?.dealer_id));
    }
    
    function collectDealerNameReservations(dealers = []) {
      const names = new Set();
      for (const dealer of dealers || []) {
        const trimmed = trimDealerName(dealer?.display_name);
        if (trimmed) names.add(trimmed);
      }
      return names;
    }
    
    function randomDealerName(tierId) {
      const pool = CARTEL_DEALER_NAME_POOL[tierId] || [];
      if (!pool.length) return `Tier ${tierId} Contact`;
      const idx = Math.floor(Math.random() * pool.length);
      return pool[idx];
    }
    
    function nextDealerBoardName(tierId, exclude = null, avoidNames = null) {
      const pool = CARTEL_DEALER_NAME_POOL[tierId] || [];
      if (!pool.length) return `Tier ${tierId} Contact`;
      if (pool.length === 1) {
        const single = pool[0];
        if (avoidNames && avoidNames.has(single) && pool.length > 1) {
          const fallback = pool.find(name => !avoidNames.has(name));
          if (fallback) return fallback;
        }
        return single;
      }
      let candidate = randomDealerName(tierId);
      let attempts = 0;
      const shouldAvoid = (name) => {
        if (exclude && name === exclude) return true;
        if (avoidNames && avoidNames.has(name)) return true;
        return false;
      };
      while (shouldAvoid(candidate) && attempts < pool.length * 3) {
        candidate = randomDealerName(tierId);
        attempts += 1;
      }
      if (shouldAvoid(candidate)) {
        const fallback = pool.find(name => !shouldAvoid(name));
        if (fallback) return fallback;
      }
      return candidate;
    }
    
    function ensureDealerBoardName(names, tierId, avoidNames = null) {
      if (!names) return nextDealerBoardName(tierId, null, avoidNames);
      const existing = names[tierId];
      const trimmed = trimDealerName(existing);
      if (trimmed && !(avoidNames && avoidNames.has(trimmed))) return trimmed;
      const generated = nextDealerBoardName(tierId, trimmed || null, avoidNames);
      names[tierId] = generated;
      return generated;
    }
    
    function dealerTierEmoji(tierId) {
      switch (Number(tierId)) {
        case 0:
          return emoji('lookout');
        case 1:
          return emoji('street_runner');
        case 2:
          return emoji('courier');
        case 3:
          return emoji('distributor');
        case 4:
          return emoji('rount_boss');
        case 5:
          return emoji('kingpin');
        default:
          return emoji('briefcase');
      }
    }
    
    function buildDealerProspectEmbed(
      investor,
      chipsFmt,
      { cachedNames = null, dealerCount = 0, dealerCap = null, takenNames = null } = {}
    ) {
      const playerRank = Math.max(1, Number(investor?.rank || 1));
      const workingNames = cachedNames ? { ...cachedNames } : {};
      const reservedNames = new Set();
      if (takenNames) {
        for (const name of takenNames) {
          const trimmed = trimDealerName(name);
          if (trimmed) reservedNames.add(trimmed);
        }
      }
      const embed = new EmbedBuilder()
        .setColor(0xf1c40f)
        .setTitle(`${emoji('newspaper')} Dealer Recruitment Board`)
        .setThumbnail(`attachment://${DEALERS_IMAGE_NAME}`)
        .setDescription('Meet the five Semuta distributors. Use the buttons below to recruit them once you hit the required rank.');
      const fields = [];
      const capKnown = Number.isFinite(dealerCap);
      if (capKnown) {
        const capReached = dealerCount >= dealerCap;
        const capLine = `${dealerCount} / ${dealerCap} slots used${capReached ? ` — ${emoji('warning')} Cap reached` : ''}`;
        fields.push({
          name: `${emoji('clipboard')} Dealer Slots`,
          value: capLine
        });
      } else {
        const line = dealerCount > 0
          ? `${dealerCount} active ${dealerCount === 1 ? 'dealer' : 'dealers'}`
          : 'No active dealers yet.';
        fields.push({
          name: `${emoji('clipboard')} Dealer Slots`,
          value: line
        });
      }
      for (const tier of CARTEL_DEALER_TIERS) {
        const multiplier = (Number(tier.priceMultiplierBps || 10_000) / 10_000).toFixed(2);
        const locked = playerRank < tier.requiredRank;
        const contactName = ensureDealerBoardName(workingNames, tier.id, reservedNames);
        reservedNames.add(contactName);
        const upkeepRate = Math.max(0, calculateDealerUpkeepChipsPerHour({
          tier: tier.id,
          hourly_sell_cap_mg: tier.hourlySellCapMg,
          price_multiplier_bps: tier.priceMultiplierBps
        }));
        const upkeepPercent = dealerUpkeepPercentForTier(tier.id);
        const lines = [
          `${emoji('medalGold')} Required Rank: **${tier.requiredRank}**`,
          `${emoji('cashStack')} Hire Cost: **${chipsFmt(tier.hireCost)}**`,
          `${emoji('receipt')} Upkeep: ${formatPercentDisplay(upkeepPercent)} of sales (~${chipsFmt(Math.round(upkeepRate))}/hr)`,
          `${emoji('alarmClock')} Capacity: **${tier.hourlySellCapGrams}g of Semuta/hr** @ ${multiplier}×`,
          locked
            ? `${emoji('lock')} Reach Rank ${tier.requiredRank} to unlock this dealer.`
            : `${emoji('whiteCheck')} Ready to hire now.`
        ];
        const value = locked ? lines.map(line => `> ${line}`).join('\n>\n') : joinSections(lines);
        const tierEmoji = dealerTierEmoji(tier.id);
        fields.push({
          name: `${locked ? emoji('lock') : tierEmoji} ${tier.name} — “${contactName}”`,
          value
        });
      }
      if (fields.length) {
        embed.addFields(...withSectionDividers(fields));
      }
      return { embed, names: workingNames };
    }
    
    function buildOwnedDealersEmbed(dealers, chipsFmt, dealerCount = 0, dealerCap = null) {
      const embed = new EmbedBuilder()
        .setColor(0x95a5a6)
        .setTitle(`${emoji('dealers')} Your Cartel Dealers`)
        .setThumbnail(`attachment://${DEALERS_IMAGE_NAME}`);
      if (!dealers.length) {
        embed.setDescription('No dealers on payroll yet. Tap **Hire** below to bring someone onboard.');
        return embed;
      }
      const totalPending = dealers.reduce((sum, dealer) => sum + Number(dealer?.pending_chips || 0), 0);
      const descriptionLines = [];
      if (Number.isFinite(dealerCap)) {
        const capReached = dealerCount >= dealerCap;
        const slotsLine = `${emoji('clipboard')} Slots: ${dealerCount} / ${dealerCap}${capReached ? ` (${emoji('warning')} full)` : ''}`;
        descriptionLines.push(slotsLine);
      }
      if (totalPending > 0) {
        descriptionLines.push(`${emoji('cashStack')} Pending chips: **${chipsFmt(totalPending)}**`);
      }
      if (descriptionLines.length) {
        embed.setDescription(descriptionLines.join('\n'));
      }
      const fields = [];
      for (const dealer of dealers) {
        const contactName = typeof dealer.display_name === 'string' && dealer.display_name.trim()
          ? dealer.display_name.trim()
          : null;
        const tierEmoji = dealerTierEmoji(dealer.tier);
        const multiplier = (Number(dealer.price_multiplier_bps || 10_000) / 10_000).toFixed(2);
        const headerLabel = contactName ? `“${contactName}”` : 'Dealer';
        const isActive = String(dealer.status).toUpperCase() === 'ACTIVE';
        let fieldValue = joinSections([
          `${emoji('alarmClock')} ${gramsFormatter.format(mgToGrams(dealer.hourly_sell_cap_mg))}g of Semuta/hr @ ${multiplier}×`,
          `${emoji('cashStack')} Pending payout: ${chipsFmt(Number(dealer.pending_chips || 0))}`,
          dealer.upkeep_due_at ? `${emoji('calendar')} Paid through: ${formatRelativeTs(dealer.upkeep_due_at)}` : null
        ]);
        if (!isActive && fieldValue) {
          fieldValue = fieldValue
            .split('\n')
            .map(line => line ? `> ${line}` : line)
            .join('\n');
        }
        fields.push({
          name: `${tierEmoji} ${headerLabel}`,
          value: fieldValue || '\u200b'
        });
      }
      if (fields.length) {
        embed.addFields(...withSectionDividers(fields));
      }
      return embed;
    }
    
    function buildDealerUpkeepEmbed(dealers, chipsFmt) {
      const embed = new EmbedBuilder()
        .setColor(0xe74c3c)
        .setTitle(`${emoji('alarmClock')} Dealer Upkeep`)
        .setThumbnail(`attachment://${DEALERS_IMAGE_NAME}`)
        .setFooter({ text: 'Enter the chips you want to spend when paying upkeep—more chips buys more time.' });
      if (!dealers.length) {
        embed.setDescription('No dealers to maintain yet. Hire someone first, then return here to keep their routes funded.');
        return embed;
      }
      const now = Math.floor(Date.now() / 1000);
      const fields = [];
      for (const dealer of dealers) {
        const tierName = dealer.tierInfo?.name || `Tier ${dealer.tier}`;
        const contactName = typeof dealer.display_name === 'string' && dealer.display_name.trim()
          ? dealer.display_name.trim()
          : null;
        const tierEmoji = dealerTierEmoji(dealer.tier);
        const dueAt = Number(dealer.upkeep_due_at || 0);
        const overdue = dueAt > 0 && dueAt <= now;
        const upkeepRate = Math.max(0, calculateDealerUpkeepChipsPerHour(dealer));
        const upkeepPercent = dealerUpkeepPercentForTier(dealer.tier);
        const headerParts = [`${tierName}`];
        if (contactName) headerParts.push(`“${contactName}”`);
        headerParts.push(`ID \`${shortDealerId(dealer.dealer_id)}\``);
        fields.push({
          name: `${tierEmoji} ${headerParts.join(' • ')}`,
          value: joinSections([
            `${emoji('briefcase')} Rate: ${formatPercentDisplay(upkeepPercent)} (~${chipsFmt(Math.round(upkeepRate))}/hr)`,
            `${emoji('alarmClock')} ${dueAt ? `Due ${formatRelativeTs(dueAt)}` : 'Upkeep timer not set'}`,
            overdue
              ? `${emoji('warning')} Payment overdue — press the button below to settle now.`
              : `${emoji('whiteCheck')} Route is paid up.`
          ])
        });
      }
      if (fields.length) {
        embed.addFields(...withSectionDividers(fields));
      }
      return embed;
    }
    
    function buildDealerNavComponents(activeView, extraRows = []) {
      const navRow = new ActionRowBuilder().addComponents(
        new ButtonBuilder()
          .setCustomId(CARTEL_DEALERS_LIST_VIEW_ID)
          .setLabel('List')
          .setStyle(activeView === 'list' ? ButtonStyle.Primary : ButtonStyle.Secondary),
        new ButtonBuilder()
          .setCustomId(CARTEL_DEALERS_HIRE_VIEW_ID)
          .setLabel('Hire')
          .setStyle(activeView === 'hire' ? ButtonStyle.Primary : ButtonStyle.Secondary),
        new ButtonBuilder()
          .setCustomId(CARTEL_DEALERS_UPKEEP_VIEW_ID)
          .setLabel('Upkeep')
          .setStyle(activeView === 'upkeep' ? ButtonStyle.Primary : ButtonStyle.Secondary),
        new ButtonBuilder()
          .setCustomId(CARTEL_OVERVIEW_CUSTOM_ID)
          .setLabel('Overview')
          .setStyle(ButtonStyle.Secondary)
      );
      const rows = [navRow, ...(extraRows || [])];
      return rows.slice(0, 5);
    }
    
    function buildDealerCollectRows(totalPendingChips = 0, chipsFmt) {
      const formatted = Number(totalPendingChips || 0).toLocaleString('en-US');
      const label = totalPendingChips > 0 ? `Collect Chips (${formatted})` : 'Collect Chips';
      const row = new ActionRowBuilder().addComponents(
        new ButtonBuilder()
          .setCustomId(CARTEL_DEALERS_COLLECT_ID)
          .setLabel(label)
          .setStyle(ButtonStyle.Success)
          .setDisabled(totalPendingChips <= 0)
      );
      return [row];
    }
    
    function buildDealerHireRows(playerRank, dealerCount = 0, dealerCap = null) {
      const rows = [];
      let currentRow = new ActionRowBuilder();
      const capReached = Number.isFinite(dealerCap) && dealerCount >= dealerCap;
      for (const tier of CARTEL_DEALER_TIERS) {
        const locked = Number(playerRank || 1) < Number(tier.requiredRank);
        const disabled = locked || capReached;
        if (currentRow.components.length >= 5) {
          rows.push(currentRow);
          currentRow = new ActionRowBuilder();
        }
        currentRow.addComponents(
          new ButtonBuilder()
            .setCustomId(`${CARTEL_DEALERS_HIRE_TIER_PREFIX}${tier.id}`)
            .setLabel(`Tier ${tier.id}`)
            .setStyle(disabled ? ButtonStyle.Secondary : ButtonStyle.Success)
            .setDisabled(disabled)
        );
      }
      if (currentRow.components.length) {
        rows.push(currentRow);
      }
      return rows.slice(0, 4);
    }
    
    function buildDealerUpkeepRows(dealers) {
      if (!dealers.length) return [];
      const rows = [];
      let currentRow = new ActionRowBuilder();
      for (const dealer of dealers) {
        if (currentRow.components.length >= 5) {
          rows.push(currentRow);
          if (rows.length >= 4) break;
          currentRow = new ActionRowBuilder();
        }
        const dueAt = Number(dealer.upkeep_due_at || 0);
        const overdue = dueAt > 0 && dueAt <= Math.floor(Date.now() / 1000);
        currentRow.addComponents(
          new ButtonBuilder()
            .setCustomId(`${CARTEL_DEALERS_UPKEEP_PREFIX}${dealer.dealer_id}`)
            .setLabel(dealerButtonLabel(dealer))
            .setStyle(overdue ? ButtonStyle.Danger : ButtonStyle.Secondary)
            .setEmoji(overdue ? emoji('warning') : emoji('banknotes'))
        );
      }
      if (currentRow.components.length && rows.length < 4) {
        rows.push(currentRow);
      }
      return rows;
    }
    
    function dealerActionOptionForDealer(dealer) {
      if (!dealer?.dealer_id) return null;
      const contactName = trimDealerName(dealer.display_name);
      const label = contactName || dealerButtonLabel(dealer);
      const status = String(dealer?.status || 'ACTIVE').toUpperCase();
      return {
        label,
        value: `${DEALER_ACTION_DEALER_PREFIX}${dealer.dealer_id}`,
        description: `ID ${shortDealerId(dealer.dealer_id)} • ${status}`
      };
    }
    
    function buildDealerActionOptions(dealers = [], selected = DEALER_ACTION_NONE, noneLabel = 'None') {
      const options = [
        {
          label: noneLabel,
          value: DEALER_ACTION_NONE,
          default: selected === DEALER_ACTION_NONE
        }
      ];
      if (dealers.length > 0) {
        options.push({
          label: 'All',
          value: DEALER_ACTION_ALL,
          default: selected === DEALER_ACTION_ALL
        });
      }
      for (const dealer of dealers) {
        const option = dealerActionOptionForDealer(dealer);
        if (!option) continue;
        options.push({
          ...option,
          default: selected === option.value
        });
      }
      return options.slice(0, 25);
    }
    
    function buildDealerManageSelectRows(dealers = [], selections = null) {
      const safeSelections = sanitizeDealerActionSelections(selections);
      const dealerMenu = new StringSelectMenuBuilder()
        .setCustomId(CARTEL_DEALERS_MANAGE_SELECT_ID)
        .setPlaceholder('Select a Dealer')
        .setMinValues(1)
        .setMaxValues(1)
        .addOptions(buildDealerActionOptions(dealers, safeSelections.target, 'Select a Dealer (Default)'));
      return [
        new ActionRowBuilder().addComponents(dealerMenu)
      ];
    }
    
    function buildDealerManageActionRows(dealers = [], selections = null) {
      const safeSelections = sanitizeDealerActionSelections(selections);
      const targets = resolveDealerActionTargets(safeSelections.target, dealers);
      const targetsById = new Map((dealers || []).map(dealer => [String(dealer.dealer_id), dealer]));
      const targetDealers = targets.map(id => targetsById.get(String(id))).filter(Boolean);
      const hasTargets = targetDealers.length > 0;
      const nowSeconds = Math.floor(Date.now() / 1000);
      const canPause = hasTargets && targetDealers.some(dealer => String(dealer?.status || 'ACTIVE').toUpperCase() !== 'PAUSED');
      const canUnpause = hasTargets && targetDealers.some(dealer => {
        const status = String(dealer?.status || 'ACTIVE').toUpperCase();
        if (status !== 'PAUSED') return false;
        const frozenRemainingSeconds = Math.max(0, Number(dealer?.paused_upkeep_remaining_seconds || 0));
        const dueAt = Number(dealer?.upkeep_due_at || 0);
        const liveRemainingSeconds = dueAt > nowSeconds ? (dueAt - nowSeconds) : 0;
        return Math.max(frozenRemainingSeconds, liveRemainingSeconds) > 0;
      });
      return [
        new ActionRowBuilder().addComponents(
          new ButtonBuilder()
            .setCustomId(CARTEL_DEALERS_MANAGE_FIRE_ID)
            .setLabel('Fire Dealer')
            .setStyle(ButtonStyle.Danger)
            .setDisabled(!hasTargets),
          new ButtonBuilder()
            .setCustomId(CARTEL_DEALERS_MANAGE_PAUSE_ID)
            .setLabel('Pause Dealer')
            .setStyle(ButtonStyle.Secondary)
            .setDisabled(!canPause),
          new ButtonBuilder()
            .setCustomId(CARTEL_DEALERS_MANAGE_UNPAUSE_ID)
            .setLabel('Unpause Dealer')
            .setStyle(ButtonStyle.Success)
            .setDisabled(!canUnpause)
        )
      ];
    }
    
    function buildDealerViewPayload(view, { overview, dealers, chipsFmt, cachedNames, dealerSelections = null }) {
      const investor = overview?.investor;
      const normalizedView = view === 'hire' || view === 'upkeep' ? view : 'list';
      const baseNames = cachedNames ? { ...cachedNames } : {};
      const dealerCount = Array.isArray(dealers) ? dealers.length : 0;
      const dealerCap = investor ? dealerCapForRank(investor.rank) : null;
      const pendingChipsTotal = Array.isArray(dealers) ? dealers.reduce((sum, dealer) => sum + Number(dealer?.pending_chips || 0), 0) : 0;
      const collectRows = buildDealerCollectRows(pendingChipsTotal, chipsFmt);
      const takenNames = collectDealerNameReservations(dealers);
      if (normalizedView === 'hire') {
        const { embed: prospectEmbed, names } = buildDealerProspectEmbed(investor, chipsFmt, {
          cachedNames: baseNames,
          dealerCount,
          dealerCap,
          takenNames
        });
        const extraRows = [
          ...collectRows,
          ...buildDealerHireRows(investor?.rank, dealerCount, dealerCap)
        ];
        return {
          payload: {
            embeds: [prospectEmbed],
            components: buildDealerNavComponents('hire', extraRows),
            files: [buildDealersImageAttachment()]
          },
          recruitNames: names
        };
      }
      if (normalizedView === 'upkeep') {
        const extraRows = [
          ...collectRows,
          ...buildDealerUpkeepRows(dealers)
        ];
        const namesToKeep = Object.keys(baseNames).length ? baseNames : null;
        return {
          payload: {
            embeds: [buildDealerUpkeepEmbed(dealers, chipsFmt)],
            components: buildDealerNavComponents('upkeep', extraRows),
            files: [buildDealersImageAttachment()]
          },
          recruitNames: namesToKeep
        };
      }
      const names = Object.keys(baseNames).length ? baseNames : null;
      const selections = sanitizeDealerActionSelections(dealerSelections);
      const extraRows = [
        ...collectRows,
        ...buildDealerManageSelectRows(dealers, selections),
        ...buildDealerManageActionRows(dealers, selections)
      ];
      return {
        payload: {
          embeds: [
            buildOwnedDealersEmbed(dealers, chipsFmt, dealerCount, dealerCap)
          ],
          components: buildDealerNavComponents('list', extraRows),
          files: [buildDealersImageAttachment()]
        },
        recruitNames: names,
        dealerSelections: selections
      };
    }
    
    async function renderDealerView(interaction, ctx, view = 'list', { targetMessage = null } = {}) {
      const chipsFmt = getChipsFormatter(ctx);
      const guildId = interaction.guild?.id;
      const userId = interaction.user?.id;
      const messageId = interaction.message?.id || targetMessage?.id || null;
      const cachedNames = messageId ? getDealerRecruitNames(messageId) : null;
      const cachedDealerSelections = messageId ? getDealerActionSelections(messageId) : sanitizeDealerActionSelections();
      const [overview, dealers] = await Promise.all([
        getCartelOverview(guildId, userId),
        listUserDealers(guildId, userId)
      ]);
      const { payload, recruitNames, dealerSelections } = buildDealerViewPayload(view, {
        overview,
        dealers,
        chipsFmt,
        cachedNames,
        dealerSelections: cachedDealerSelections
      });
      let response = null;
      if (targetMessage && typeof targetMessage.edit === 'function') {
        response = await targetMessage.edit(payload).catch(err => {
          console.error('dealer view message edit failed', err);
          return null;
        });
      }
      if (!response && (interaction.deferred || interaction.replied)) {
        response = await interaction.editReply(payload);
      }
      if (!response && !targetMessage) {
        response = await interaction.reply(withAutoEphemeral(interaction, payload)).catch((err) => {
          console.error('dealer view reply failed', err);
          return null;
        });
      }
      const nextMessageId = response?.id || messageId;
      if (nextMessageId) {
        const namesToStore = recruitNames ?? cachedNames ?? null;
        storeDealerRecruitNames(nextMessageId, namesToStore);
        storeDealerActionSelections(nextMessageId, dealerSelections || cachedDealerSelections);
      }
      return response;
    }
    
    export default async function handleCartel(interaction, ctx) {
      const allowed = await ensureCartelAccess(interaction, ctx);
      if (!allowed) return;
    
      try {
        if (!interaction.deferred && !interaction.replied) {
          await interaction.deferReply();
        }
      } catch {}
    
      try {
        const payload = await buildOverviewPayload(interaction, ctx);
        await interaction.editReply(payload);
      } catch (error) {
        return handleCartelFailure(interaction, error);
      }
    }
    
    export async function handleCartelOverviewRefresh(interaction, ctx) {
      const allowed = await ensureCartelAccess(interaction, ctx);
      if (!allowed) return;
      try {
        if (!interaction.deferred && !interaction.replied) {
          await interaction.deferUpdate();
        }
      } catch {}
    
      try {
        const payload = await buildOverviewPayload(interaction, ctx);
        await interaction.editReply(payload);
      } catch (error) {
        console.error('Cartel refresh button failed', error);
        const content = '⚠️ Failed to refresh the cartel overview. Please try again.';
        if (interaction.deferred || interaction.replied) {
          await interaction.editReply({ content, components: [], embeds: [] }).catch(() => {});
        } else {
          await interaction.reply(withAutoEphemeral(interaction, { content })).catch(() => {});
        }
      }
    }
    
    export async function handleCartelRankTable(interaction, ctx) {
      const allowed = await ensureCartelAccess(interaction, ctx);
      if (!allowed) return;
      try {
        if (!interaction.deferred && !interaction.replied) {
          await interaction.deferUpdate();
        }
      } catch {}
      try {
        const overview = await getCartelOverview(interaction.guild?.id, interaction.user.id);
        const highlightRank = overview?.investor?.rank ? Number(overview.investor.rank) : 1;
        const embed = buildRankTableEmbed(highlightRank).setThumbnail(`attachment://${SEMUTA_IMAGE_NAME}`);
        const components = buildOverviewComponents('rank');
        await interaction.editReply({ embeds: [embed], components, files: [buildSemutaImageAttachment()] });
      } catch (error) {
        console.error('Cartel rank table button failed', error);
        const content = '⚠️ Failed to show the rank table. Please try again.';
        if (interaction.deferred || interaction.replied) {
          await interaction.editReply({ content, components: [], embeds: [] }).catch(() => {});
        } else {
          await interaction.reply(withAutoEphemeral(interaction, { content })).catch(() => {});
        }
      }
    }
    
    export async function handleCartelGuide(interaction, ctx) {
      const allowed = await ensureCartelAccess(interaction, ctx);
      if (!allowed) return;
      try {
        if (!interaction.deferred && !interaction.replied) {
          await interaction.deferUpdate();
        }
      } catch {}
      try {
        const chipsFmt = getChipsFormatter(ctx);
        const overview = await getCartelOverview(interaction.guild?.id, interaction.user.id);
        const payload = {
          embeds: [buildCartelGuideEmbed(overview, chipsFmt)],
          components: buildOverviewComponents('guide'),
          files: [buildSemutaImageAttachment()]
        };
        await interaction.editReply(payload);
      } catch (error) {
        console.error('Cartel guide button failed', error);
        const content = '⚠️ Failed to load the cartel guide. Please try again.';
        if (interaction.deferred || interaction.replied) {
          await interaction.editReply({ content, components: [], embeds: [] }).catch(() => {});
        } else {
          await interaction.reply(withAutoEphemeral(interaction, { content })).catch(() => {});
        }
      }
    }
    
    export async function handleCartelWarehouseView(interaction, ctx) {
      const allowed = await ensureCartelAccess(interaction, ctx);
      if (!allowed) return;
      try {
        if (!interaction.deferred && !interaction.replied) {
          await interaction.deferUpdate();
        }
      } catch {}
      try {
        const payload = await buildWarehousePayload(interaction, ctx);
        await interaction.editReply(payload);
      } catch (error) {
        console.error('Cartel warehouse view failed', error);
        const content = '⚠️ Failed to load the overflow warehouse. Please try again.';
        if (interaction.deferred || interaction.replied) {
          await interaction.editReply({ content, components: [], embeds: [] }).catch(() => {});
        } else {
          await interaction.reply(withAutoEphemeral(interaction, { content })).catch(() => {});
        }
      }
    }
    
    export async function handleCartelWarehouseBurnPrompt(interaction, ctx) {
      const allowed = await ensureCartelAccess(interaction, ctx);
      if (!allowed) return;
      try {
        const modal = new ModalBuilder()
          .setCustomId(`${CARTEL_WAREHOUSE_BURN_MODAL_ID}|${interaction.message?.id || '0'}`)
          .setTitle('Burn Semuta Overflow');
        const input = new TextInputBuilder()
          .setCustomId(CARTEL_WAREHOUSE_BURN_MODAL_INPUT_ID)
          .setLabel('Amount to burn (grams)')
          .setStyle(TextInputStyle.Short)
          .setPlaceholder('Example: 5000 or all')
          .setRequired(true);
        modal.addComponents(new ActionRowBuilder().addComponents(input));
        await interaction.showModal(modal);
      } catch (error) {
        await notifyCartelButtonError(interaction, error);
      }
    }
    
    export async function handleCartelWarehouseBurnModal(interaction, ctx, sourceMessageId = '0') {
      const allowed = await ensureCartelAccess(interaction, ctx, { sourceMessageId });
      if (!allowed) return;
      const chipsFmt = getChipsFormatter(ctx);
      try {
        const rawValue = interaction.fields.getTextInputValue(CARTEL_WAREHOUSE_BURN_MODAL_INPUT_ID) || '';
        const normalized = rawValue.trim();
        if (!normalized) {
          throw new CartelError('CARTEL_AMOUNT_REQUIRED', 'Enter how many grams to burn or type all.');
        }
        const overview = await getCartelOverview(interaction.guild?.id, interaction.user.id);
        const warehouseMg = Math.max(0, Number(overview?.investor?.warehouse_mg || 0));
        if (warehouseMg <= 0) {
          await interaction.reply(withAutoEphemeral(interaction, {
            content: `${emoji('info')} Your warehouse is already empty.`,
            ephemeral: true
          })).catch(() => {});
          return;
        }
        const warehouseGrams = mgToGrams(warehouseMg);
        let gramsToBurn = 0;
        if (normalized.toLowerCase() === 'all') {
          gramsToBurn = warehouseGrams;
        } else {
          const cleaned = normalized.replace(/,/g, '');
          const numeric = Number(cleaned);
          if (!Number.isFinite(numeric) || numeric <= 0) {
            throw new CartelError('CARTEL_AMOUNT_INVALID', 'Enter a positive number of grams or all.');
          }
          if (numeric > warehouseGrams) {
            throw new CartelError(
              'CARTEL_NOT_ENOUGH_WAREHOUSE',
              `You only have ${gramsFormatter.format(warehouseGrams)}g of Semuta in your warehouse.`
            );
          }
          gramsToBurn = numeric;
        }
        const result = await cartelAbandon(interaction.guild?.id, interaction.user.id, gramsToBurn);
        const raidLines = buildWarehouseRaidLines(result.raid, chipsFmt);
        const raidSuffix = raidLines.length ? `\n${raidLines.join('\n')}` : '';
        await interaction.reply(withAutoEphemeral(interaction, {
          content: `${emoji('fire')} Burned **${gramsFormatter.format(result.burnedGrams)}g** of Semuta.${raidSuffix}`,
          ephemeral: true
        })).catch(() => {});
        await postWarehouseRaidFlavorEmbed(interaction, result.raid, chipsFmt);
        const targetMessage = await fetchMessageById(interaction, sourceMessageId);
        const payload = await buildWarehousePayload(interaction, ctx);
        if (targetMessage) {
          await applyOverviewToMessage(targetMessage, payload);
        }
        await logCartelActivity(
          interaction,
          `Burned ${gramsFormatter.format(result.burnedGrams)}g of Semuta from warehouse.${raidLines.length ? ` ${raidLines.join(' ')}` : ''}`
        );
      } catch (error) {
        const raidFromError = error instanceof CartelError ? error?.extra?.raid : null;
        const raidEmbed = buildWarehouseRaidFlavorEmbed(interaction, raidFromError, chipsFmt);
        if (raidFromError?.triggered) {
          await postWarehouseRaidFlavorEmbed(interaction, raidFromError, chipsFmt);
          const interceptLog = buildRaidInterceptLogLine(raidFromError, chipsFmt);
          if (interceptLog) {
            await logCartelActivity(interaction, interceptLog).catch(() => {});
          }
        }
        if (error instanceof CartelError) {
          await interaction.reply(withAutoEphemeral(interaction, {
            content: `⚠️ ${error.message}`,
            ...(raidEmbed ? { embeds: [raidEmbed] } : {}),
            ephemeral: true
          })).catch(() => {});
        } else {
          console.error('Cartel warehouse burn modal failed', error);
          await interaction.reply(withAutoEphemeral(interaction, {
            content: '⚠️ Failed to burn the warehouse. Please try again.',
            ephemeral: true
          })).catch(() => {});
        }
      }
    }
    
    export async function handleCartelWarehouseBurnConfirm(interaction, ctx, sourceMessageId = '0') {
      // Legacy confirm path — kept for safety but superseded by handleCartelWarehouseBurnModal
      await interaction.update({ content: 'Please use the Burn Warehouse button to enter an amount.', components: [] }).catch(() => {});
    }
    
    export async function handleCartelWarehouseBurnCancel(interaction) {
      try {
        await interaction.update({ content: 'Burn cancelled.', components: [] });
      } catch (err) {
        console.error('Cartel warehouse burn cancel failed', err);
      }
    }
    
    export async function handleCartelWarehouseExport(interaction, ctx) {
      const allowed = await ensureCartelAccess(interaction, ctx);
      if (!allowed) return;
      try {
        const overview = await getCartelOverview(interaction.guild?.id, interaction.user.id);
        const warehouseGrams = Math.max(0, Number(overview?.metrics?.warehouseGrams || 0));
        if (warehouseGrams <= 0) {
          await interaction.followUp(withAutoEphemeral(interaction, {
            content: `${emoji('info')} Your warehouse is empty—nothing to export.`
          })).catch(() => {});
          return;
        }
        const modal = new ModalBuilder()
          .setCustomId(`${CARTEL_WAREHOUSE_EXPORT_MODAL_ID}|${interaction.message?.id || '0'}`)
          .setTitle('Export Semuta Overflow');
        const input = new TextInputBuilder()
          .setCustomId(CARTEL_WAREHOUSE_EXPORT_MODAL_INPUT_ID)
          .setLabel('Semuta to export (fee: 2,000 chips / 1,000g)')
          .setStyle(TextInputStyle.Short)
          .setPlaceholder('Example: 5000 or ALL (rounded to 1,000g)')
          .setRequired(true);
        modal.addComponents(new ActionRowBuilder().addComponents(input));
        await interaction.showModal(modal);
      } catch (error) {
        await notifyCartelButtonError(interaction, error);
      }
    }
    
    export async function handleCartelWarehouseExportModal(interaction, ctx, sourceMessageId = '0') {
      const allowed = await ensureCartelAccess(interaction, ctx, { sourceMessageId });
      if (!allowed) return;
      const chipsFmt = getChipsFormatter(ctx);
      try {
        const rawValue = interaction.fields.getTextInputValue(CARTEL_WAREHOUSE_EXPORT_MODAL_INPUT_ID) || '';
        const normalized = rawValue.trim();
        if (!normalized) {
          throw new CartelError('CARTEL_AMOUNT_REQUIRED', 'Enter how many grams to export or type ALL.');
        }
        const overview = await getCartelOverview(interaction.guild?.id, interaction.user.id);
        const warehouseMg = Math.max(0, Number(overview?.investor?.warehouse_mg || 0));
        if (warehouseMg <= 0) {
          await interaction.reply(withAutoEphemeral(interaction, {
            content: `${emoji('info')} Your warehouse is empty—there is nothing to export.`,
            ephemeral: true
          })).catch(() => {});
          return;
        }
        const warehouseGrams = mgToGrams(warehouseMg);
        let mgToExport = 0;
        if (normalized.toLowerCase() === 'all') {
          mgToExport = warehouseMg;
        } else {
          const cleaned = normalized.replace(/,/g, '');
          const numeric = Number(cleaned);
          if (!Number.isFinite(numeric) || numeric <= 0) {
            throw new CartelError('CARTEL_AMOUNT_INVALID', 'Enter a positive number of grams or ALL.');
          }
          const rounded = roundDownToThousandGrams(numeric);
          if (rounded <= 0) {
            throw new CartelError('CARTEL_AMOUNT_TOO_LOW', 'Enter at least 1,000g to export (we round down to the nearest thousand).');
          }
          if (rounded > warehouseGrams) {
            throw new CartelError(
              'CARTEL_NOT_ENOUGH_WAREHOUSE',
              `You only have ${gramsFormatter.format(warehouseGrams)}g of Semuta available to export.`
            );
          }
          mgToExport = gramsToMg(rounded);
        }
        if (mgToExport <= 0) {
          throw new CartelError('CARTEL_AMOUNT_TOO_LOW', 'Enter at least 1,000g to export.');
        }
        const result = await cartelExportWarehouse(interaction.guild?.id, interaction.user.id, mgToExport);
        const exportedLabel = gramsFormatter.format(result.exportedGrams);
        const gainedPercent = percentFormatter.format(result.bonusBps / 100);
        const totalPercent = percentFormatter.format(result.totalMultiplierBps / 100);
        const feeChips = Math.max(0, Number(result.feeChips || 0));
        const bonusLine = result.bonusBps > 0
          ? `for a permanent **+${gainedPercent}%** sale bonus`
          : 'without changing your sale bonus';
        const feeDetail = feeChips > 0 ? ` Fee: **${chipsFmt(feeChips)}** paid to the house.` : '';
        const raidLines = buildWarehouseRaidLines(result.raid, chipsFmt);
        const raidSuffix = raidLines.length ? `\n${raidLines.join('\n')}` : '';
        await interaction.reply(withAutoEphemeral(interaction, {
          content: `${emoji('rocket')} Exported **${exportedLabel}g** of Semuta ${bonusLine} (now **+${totalPercent}%**).${feeDetail}${raidSuffix}`,
          ephemeral: true
        })).catch(() => {});
        await postWarehouseRaidFlavorEmbed(interaction, result.raid, chipsFmt);
        const targetMessage = await fetchMessageById(interaction, sourceMessageId);
        const payload = await buildWarehousePayload(interaction, ctx);
        if (targetMessage) {
          await applyOverviewToMessage(targetMessage, payload);
        }
        const feeLog = feeChips > 0 ? ` Fee ${chipsFmt(feeChips)}.` : '';
        const activityLine = result.bonusBps > 0
          ? `Exported ${exportedLabel}g of Semuta for +${gainedPercent}% sale multiplier (now +${totalPercent}%).${feeLog}`
          : `Exported ${exportedLabel}g of Semuta (multiplier remains +${totalPercent}%).${feeLog}`;
        await logCartelActivity(interaction, `${activityLine}${raidLines.length ? ` ${raidLines.join(' ')}` : ''}`);
      } catch (error) {
        const raidFromError = error instanceof CartelError ? error?.extra?.raid : null;
        const raidEmbed = buildWarehouseRaidFlavorEmbed(interaction, raidFromError, chipsFmt);
        if (raidFromError?.triggered) {
          await postWarehouseRaidFlavorEmbed(interaction, raidFromError, chipsFmt);
          const interceptLog = buildRaidInterceptLogLine(raidFromError, chipsFmt);
          if (interceptLog) {
            await logCartelActivity(interaction, interceptLog).catch(() => {});
          }
        }
        if (error instanceof CartelError) {
          await interaction.reply(withAutoEphemeral(interaction, {
            content: `⚠️ ${error.message}`,
            ...(raidEmbed ? { embeds: [raidEmbed] } : {}),
            ephemeral: true
          })).catch(() => {});
        } else {
          console.error('Cartel warehouse export modal failed', error);
          await interaction.reply(withAutoEphemeral(interaction, {
            content: '⚠️ Failed to export Semuta. Please try again.',
            ephemeral: true
          })).catch(() => {});
        }
      }
    }
    
    export async function handleCartelSharesView(interaction, ctx, mode = 'splash', options = {}) {
      const allowed = await ensureCartelAccess(interaction, ctx);
      if (!allowed) return;
      const shareAllowed = await ensureShareMarketAccess(interaction, ctx);
      if (!shareAllowed) return;
      try {
        if (!interaction.deferred && !interaction.replied) {
          await interaction.deferUpdate();
        }
      } catch {}
      try {
        const { payload, context } = await buildSharesPayload(interaction, ctx, mode, options);
        await interaction.editReply(payload);
        if (mode === 'posts') {
          await maybeNotifyOrderFills(interaction, ctx, context?.playerOrders || [], context?.expiredOrders || []);
        }
      } catch (error) {
        console.error('Cartel shares view button failed', error);
        const content = '⚠️ Failed to load the cartel shares view. Please try again.';
        if (interaction.deferred || interaction.replied) {
          await interaction.editReply({ content, components: [], embeds: [] }).catch(() => {});
        } else {
          await interaction.reply(withAutoEphemeral(interaction, { content })).catch(() => {});
        }
      }
    }
    
    export async function handleCartelDealersView(interaction, ctx, view = 'list') {
      const allowed = await ensureCartelAccess(interaction, ctx);
      if (!allowed) return;
      try {
        if (!interaction.deferred && !interaction.replied) {
          await interaction.deferUpdate();
        }
      } catch {}
      try {
        await renderDealerView(interaction, ctx, view);
      } catch (error) {
        console.error('Cartel dealer view update failed', error);
        await interaction.followUp(withAutoEphemeral(interaction, { content: '⚠️ Failed to load dealers. Please try again.' })).catch(() => {});
      }
    }
    
    export async function handleCartelDealerHireTier(interaction, ctx, tierId) {
      const allowed = await ensureCartelAccess(interaction, ctx);
      if (!allowed) return;
      try {
        if (!interaction.deferred && !interaction.replied) {
          await interaction.deferUpdate();
        }
      } catch {}
      try {
        const tierNumber = Number(tierId);
        const messageId = interaction.message?.id || null;
        const cachedNames = messageId ? getDealerRecruitNames(messageId) : null;
        const guildId = interaction.guild?.id;
        const userId = interaction.user.id;
        const existingDealers = await listUserDealers(guildId, userId);
        const reservedNames = collectDealerNameReservations(existingDealers);
        let contactName = trimDealerName(cachedNames?.[tierNumber]);
        if (!contactName) {
          contactName = nextDealerBoardName(tierNumber, null, reservedNames);
          updateDealerRecruitName(messageId, tierNumber, contactName);
        }
        const dealer = await hireCartelDealer(
          guildId,
          userId,
          tierNumber,
          null,
          contactName
        );
        const updatedReservedNames = new Set(reservedNames);
        const hiredName = trimDealerName(dealer?.display_name);
        if (hiredName) {
          updatedReservedNames.add(hiredName);
        } else {
          updatedReservedNames.add(contactName);
        }
        const newBoardName = nextDealerBoardName(tierNumber, hiredName || contactName, updatedReservedNames);
        updateDealerRecruitName(messageId, tierNumber, newBoardName);
        await renderDealerView(interaction, ctx, 'hire');
        const tierName = dealer?.tierInfo?.name || `Tier ${dealer?.tier || '?'}`;
        const due = dealer?.upkeep_due_at ? formatRelativeTs(dealer.upkeep_due_at) : 'soon';
        const contactLabel = dealer?.display_name ? ` “${dealer.display_name}”` : '';
        await interaction.followUp(withAutoEphemeral(interaction, {
          content: `${emoji('briefcase')} Hired a **${tierName}**${contactLabel} (ID \`${shortDealerId(dealer.dealer_id)}\`). Next upkeep due ${due}.`
        })).catch(() => {});
        await logCartelActivity(
          interaction,
          `Hired ${tierName}${contactLabel} dealer (ID ${shortDealerId(dealer.dealer_id)}).`
        );
      } catch (error) {
        if (error instanceof CartelError) {
          await interaction.reply(withAutoEphemeral(interaction, { content: `⚠️ ${error.message || 'Action failed.'}` })).catch(() => {});
          return;
        }
        console.error('Cartel upkeep modal failed', error);
        await interaction.reply(withAutoEphemeral(interaction, { content: '⚠️ Something went wrong while paying upkeep. Please try again.' })).catch(() => {});
      }
    }
    
    export async function handleCartelDealerUpkeep(interaction, ctx, dealerId) {
      const allowed = await ensureCartelAccess(interaction, ctx);
      if (!allowed) return;
      try {
        const dealers = await listUserDealers(interaction.guild?.id, interaction.user.id);
        const dealer = dealers.find(d => d.dealer_id === dealerId);
        if (!dealer) {
          throw new CartelError('CARTEL_DEALER_NOT_FOUND', 'Dealer not found.');
        }
        const upkeepRate = Math.max(0, calculateDealerUpkeepChipsPerHour(dealer));
        const upkeepPercent = dealerUpkeepPercentForTier(dealer.tier);
        const modal = new ModalBuilder()
          .setCustomId(`${CARTEL_DEALERS_UPKEEP_MODAL_PREFIX}${dealerId}`)
          .setTitle('Buy Dealer Upkeep Time');
        const input = new TextInputBuilder()
          .setCustomId(CARTEL_DEALERS_UPKEEP_MODAL_INPUT_ID)
          .setLabel('Chips to spend on upkeep')
          .setRequired(true)
          .setStyle(TextInputStyle.Short)
          .setPlaceholder(`~${Math.round(Math.max(1, upkeepRate))} chips buys 1h (${formatPercentDisplay(upkeepPercent)})`);
        modal.addComponents(new ActionRowBuilder().addComponents(input));
        await interaction.showModal(modal);
      } catch (error) {
        await notifyCartelButtonError(interaction, error);
      }
    }
    
    function resolveDealerActionTargets(selection, dealers = []) {
      const normalized = sanitizeDealerActionSelection(selection);
      if (normalized === DEALER_ACTION_NONE) return [];
      const byId = new Map((dealers || []).map(dealer => [String(dealer.dealer_id), dealer]));
      if (normalized === DEALER_ACTION_ALL) {
        if ((dealers || []).length <= 2) return [];
        return dealers.map(dealer => String(dealer.dealer_id)).filter(Boolean);
      }
      if (!normalized.startsWith(DEALER_ACTION_DEALER_PREFIX)) return [];
      const dealerId = normalized.slice(DEALER_ACTION_DEALER_PREFIX.length).trim();
      if (!dealerId || !byId.has(dealerId)) return [];
      return [dealerId];
    }
    
    export async function handleCartelDealerManageSelect(interaction, ctx) {
      const allowed = await ensureCartelAccess(interaction, ctx);
      if (!allowed) return;
      try {
        if (!interaction.deferred && !interaction.replied) {
          await interaction.deferUpdate();
        }
      } catch {}
      try {
        const messageId = interaction.message?.id || null;
        if (!messageId) return;
        const selected = sanitizeDealerActionSelection(interaction.values?.[0]);
        updateDealerActionSelection(messageId, 'target', selected);
        await renderDealerView(interaction, ctx, 'list', { targetMessage: interaction.message });
      } catch (error) {
        console.error('Cartel dealer manage select failed', error);
        await interaction.followUp(withAutoEphemeral(interaction, { content: '⚠️ Failed to update dealer selection. Please try again.' })).catch(() => {});
      }
    }
    
    export async function handleCartelDealerManageAction(interaction, ctx, actionType = 'fire') {
      const allowed = await ensureCartelAccess(interaction, ctx);
      if (!allowed) return;
      try {
        if (!interaction.deferred && !interaction.replied) {
          await interaction.deferUpdate();
        }
      } catch {}
      try {
        const messageId = interaction.message?.id || null;
        const selections = getDealerActionSelections(messageId);
        const guildId = interaction.guild?.id;
        const userId = interaction.user.id;
        const currentDealers = await listUserDealers(guildId, userId);
        const normalizedAction = String(actionType || 'fire').toLowerCase();
        const targets = resolveDealerActionTargets(selections.target, currentDealers);
    
        if (!targets.length) {
          await interaction.followUp(withAutoEphemeral(interaction, {
            content: `${emoji('info')} No dealer selected. Pick a dealer (or All) from the dropdown first.`
          })).catch(() => {});
          return;
        }
    
        let firedCount = 0;
        let pausedCount = 0;
        let newlyPausedCount = 0;
        let unpausedCount = 0;
        let newlyUnpausedCount = 0;
        let blockedUnpauseCount = 0;
        const nowSeconds = Math.floor(Date.now() / 1000);
        const dealersById = new Map(currentDealers.map(dealer => [String(dealer.dealer_id), dealer]));
    
        if (normalizedAction === 'pause') {
          for (const dealerId of targets) {
            const result = await pauseCartelDealer(guildId, userId, dealerId);
            pausedCount += 1;
            if (result?.changed !== false) newlyPausedCount += 1;
          }
        } else if (normalizedAction === 'unpause') {
          for (const dealerId of targets) {
            const dealer = dealersById.get(String(dealerId));
            const status = String(dealer?.status || 'ACTIVE').toUpperCase();
            const frozenRemainingSeconds = Math.max(0, Number(dealer?.paused_upkeep_remaining_seconds || 0));
            const dueAt = Number(dealer?.upkeep_due_at || 0);
            const liveRemainingSeconds = dueAt > nowSeconds ? (dueAt - nowSeconds) : 0;
            if (status === 'PAUSED' && Math.max(frozenRemainingSeconds, liveRemainingSeconds) <= 0) {
              blockedUnpauseCount += 1;
              continue;
            }
            const result = await unpauseCartelDealer(guildId, userId, dealerId);
            unpausedCount += 1;
            if (result?.changed !== false) newlyUnpausedCount += 1;
          }
        } else {
          if (selections.target === DEALER_ACTION_ALL) {
            const result = await fireAllCartelDealers(guildId, userId);
            firedCount = Number(result?.count || 0);
          } else {
            for (const dealerId of targets) {
              await fireCartelDealer(guildId, userId, dealerId);
              firedCount += 1;
            }
          }
        }
    
        await updateDealerActionSelection(messageId, 'target', DEALER_ACTION_NONE);
        await renderDealerView(interaction, ctx, 'list', { targetMessage: interaction.message });
    
        const summaryParts = [];
        if (firedCount > 0) {
          summaryParts.push(`${emoji('fire')} Fired **${firedCount}** dealer${firedCount === 1 ? '' : 's'}`);
        }
        if (pausedCount > 0) {
          summaryParts.push(`${emoji('pauseButton')} Paused **${newlyPausedCount}** of **${pausedCount}** selected dealer${pausedCount === 1 ? '' : 's'}`);
        }
        if (unpausedCount > 0) {
          summaryParts.push(`${emoji('check')} Unpaused **${newlyUnpausedCount}** of **${unpausedCount}** selected dealer${unpausedCount === 1 ? '' : 's'}`);
        }
        if (blockedUnpauseCount > 0) {
          summaryParts.push(`${emoji('alarmClock')} Skipped **${blockedUnpauseCount}** dealer${blockedUnpauseCount === 1 ? '' : 's'} with unpaid upkeep`);
        }
        if (!summaryParts.length) {
          const actionLabel = normalizedAction === 'pause' ? 'pause' : normalizedAction === 'unpause' ? 'unpause' : 'fire';
          summaryParts.push(`${emoji('info')} No dealers changed for ${actionLabel}.`);
        }
        await interaction.followUp(withAutoEphemeral(interaction, {
          content: `${summaryParts.join(' · ')}.`
        })).catch(() => {});
        await logCartelActivity(
          interaction,
          `Dealer manage action (${normalizedAction}): fired ${firedCount}, paused ${newlyPausedCount}/${pausedCount}, unpaused ${newlyUnpausedCount}/${unpausedCount}.`
        );
      } catch (error) {
        await notifyCartelButtonError(interaction, error);
      }
    }
    
    export async function handleCartelDealerFire(interaction, ctx, dealerId) {
      const allowed = await ensureCartelAccess(interaction, ctx);
      if (!allowed) return;
      try {
        if (!interaction.deferred && !interaction.replied) {
          await interaction.deferUpdate();
        }
      } catch {}
      try {
        const dealer = await fireCartelDealer(interaction.guild?.id, interaction.user.id, dealerId);
        await renderDealerView(interaction, ctx, 'list');
        const tierName = dealer?.tierInfo?.name || `Tier ${dealer?.tier || '?'}`;
        const contactLabel = dealer?.display_name ? ` “${dealer.display_name}”` : '';
        await interaction.followUp(withAutoEphemeral(interaction, {
          content: `${emoji('fire')} Fired **${tierName}**${contactLabel} (ID \`${shortDealerId(dealerId)}\`).`
        })).catch(() => {});
        await logCartelActivity(
          interaction,
          `Fired ${tierName}${contactLabel} dealer (ID ${shortDealerId(dealerId)}).`
        );
      } catch (error) {
        await notifyCartelButtonError(interaction, error);
      }
    }
    
    export async function handleCartelDealerFireAll(interaction, ctx) {
      const allowed = await ensureCartelAccess(interaction, ctx);
      if (!allowed) return;
      try {
        if (!interaction.deferred && !interaction.replied) {
          await interaction.deferUpdate();
        }
      } catch {}
      try {
        const result = await fireAllCartelDealers(interaction.guild?.id, interaction.user.id);
        await renderDealerView(interaction, ctx, 'list');
        await interaction.followUp(withAutoEphemeral(interaction, {
          content: `${emoji('fire')} Fired **${result.count}** dealer${result.count === 1 ? '' : 's'}.`
        })).catch(() => {});
        await logCartelActivity(
          interaction,
          `Fired all dealers (${result.count}).`
        );
      } catch (error) {
        await notifyCartelButtonError(interaction, error);
      }
    }
    
    export async function handleCartelDealerPause(interaction, ctx, dealerId) {
      const allowed = await ensureCartelAccess(interaction, ctx);
      if (!allowed) return;
      try {
        if (!interaction.deferred && !interaction.replied) {
          await interaction.deferUpdate();
        }
      } catch {}
      try {
        const dealer = await pauseCartelDealer(interaction.guild?.id, interaction.user.id, dealerId);
        await renderDealerView(interaction, ctx, 'list');
        const tierName = dealer?.tierInfo?.name || `Tier ${dealer?.tier || '?'}`;
        const contactLabel = dealer?.display_name ? ` "${dealer.display_name}"` : '';
        const alreadyPaused = dealer?.changed === false;
        await interaction.followUp(withAutoEphemeral(interaction, {
          content: alreadyPaused
            ? `${emoji('info')} **${tierName}**${contactLabel} (ID \`${shortDealerId(dealerId)}\`) is already paused.`
            : `${emoji('pauseButton')} Paused **${tierName}**${contactLabel} (ID \`${shortDealerId(dealerId)}\`).`
        })).catch(() => {});
        await logCartelActivity(
          interaction,
          `${alreadyPaused ? 'Pause requested for already paused' : 'Paused'} ${tierName}${contactLabel} dealer (ID ${shortDealerId(dealerId)}).`
        );
      } catch (error) {
        await notifyCartelButtonError(interaction, error);
      }
    }
    
    export async function handleCartelDealerPauseAll(interaction, ctx) {
      const allowed = await ensureCartelAccess(interaction, ctx);
      if (!allowed) return;
      try {
        if (!interaction.deferred && !interaction.replied) {
          await interaction.deferUpdate();
        }
      } catch {}
      try {
        const result = await pauseAllCartelDealers(interaction.guild?.id, interaction.user.id);
        await renderDealerView(interaction, ctx, 'list');
        await interaction.followUp(withAutoEphemeral(interaction, {
          content: `${emoji('pauseButton')} Paused **${result.changedCount}** of **${result.count}** dealer${result.count === 1 ? '' : 's'}.`
        })).catch(() => {});
        await logCartelActivity(
          interaction,
          `Paused dealers (${result.changedCount}/${result.count}).`
        );
      } catch (error) {
        await notifyCartelButtonError(interaction, error);
      }
    }
    
    export async function handleCartelDealerCollect(interaction, ctx) {
      const allowed = await ensureCartelAccess(interaction, ctx);
      if (!allowed) return;
      try {
        if (!interaction.deferred && !interaction.replied) {
          await interaction.deferReply({ ephemeral: true });
        }
      } catch {}
      try {
        const result = await collectDealerChips(interaction.guild?.id, interaction.user.id);
        const chipsFmt = getChipsFormatter(ctx);
        const parts = [
          `${emoji('cashStack')} Collected **${chipsFmt(result.totalChips)}** from **${result.dealersCollected}** dealer${result.dealersCollected === 1 ? '' : 's'}.`
        ];
        if (result.totalGrams > 0) {
          parts.push(`Sold ${gramsFormatter.format(result.totalGrams)}g of Semuta.`);
        }
        if (result.xpGain > 0) {
          parts.push(`Gained ${result.xpGain.toLocaleString('en-US')} XP.`);
        }
        const message = parts.join(' ');
        await interaction.editReply({ content: message });
        await logCartelActivity(
          interaction,
          `Collected ${chipsFmt(result.totalChips)} from ${result.dealersCollected} dealers (XP +${(result.xpGain || 0).toLocaleString('en-US')}).`
        );
        await renderDealerView(interaction, ctx, 'list', { targetMessage: interaction.message });
      } catch (error) {
        if (error instanceof CartelError) {
          await interaction.editReply({ content: `⚠️ ${error.message || 'Action failed.'}` }).catch(() => {});
          return;
        }
        console.error('Cartel dealer collect failed', error);
        await interaction.editReply({ content: '⚠️ Failed to collect dealer chips. Please try again.' }).catch(() => {});
      }
    }
    
    export async function handleCartelDealerUpkeepModal(interaction, ctx, dealerId) {
      const allowed = await ensureCartelAccess(interaction, ctx);
      if (!allowed) return;
      try {
        const chipsFmt = getChipsFormatter(ctx);
        const value = interaction.fields.getTextInputValue(CARTEL_DEALERS_UPKEEP_MODAL_INPUT_ID);
        const chips = Math.floor(Number(value.replace(/[,\s]/g, '')));
        const result = await payCartelDealerUpkeep(interaction.guild?.id, interaction.user.id, dealerId, chips);
        const tierName = result?.tierInfo?.name || `Tier ${result?.tier || '?'}`;
        const contactLabel = result?.display_name ? ` “${result.display_name}”` : '';
        const seconds = Number(result?.secondsPurchased || 0);
        const due = result?.upkeep_due_at ? formatRelativeTs(result.upkeep_due_at) : 'soon';
        const duration = seconds > 0 ? formatDuration(seconds) : null;
        if (interaction.message) {
          try {
            await renderDealerView(interaction, ctx, 'upkeep', { targetMessage: interaction.message });
          } catch (refreshErr) {
            console.error('Failed to refresh dealer view after upkeep modal', refreshErr);
          }
        }
        await interaction.reply(withAutoEphemeral(interaction, {
          content: `${emoji('moneyBag')} Paid **${chipsFmt(result.chipsSpent || chips)}** to fund **${tierName}**${contactLabel} for ${duration || 'more time'}. Next payment due ${due}.`
        }));
        await logCartelActivity(
          interaction,
          `Bought ${duration || 'upkeep'} for dealer ${shortDealerId(dealerId)} (${tierName}${contactLabel}) with ${chipsFmt(result.chipsSpent || chips)}.`
        );
        return;
      } catch (error) {
        if (error instanceof CartelError) {
          await interaction.reply(withAutoEphemeral(interaction, { content: `⚠️ ${error.message || 'Action failed.'}` })).catch(() => {});
          return;
        }
        console.error('Cartel upkeep modal failed', error);
        await interaction.reply(withAutoEphemeral(interaction, { content: '⚠️ Something went wrong while paying upkeep. Please try again.' })).catch(() => {});
      }
    }
    
    export async function handleCartelShareOrderPrompt(interaction, ctx, side) {
      const allowed = await ensureCartelAccess(interaction, ctx);
      if (!allowed) return;
      const shareAllowed = await ensureShareMarketAccess(interaction, ctx);
      if (!shareAllowed) return;
      const normalizedSide = String(side || 'SELL').toUpperCase() === 'BUY' ? 'BUY' : 'SELL';
      const messageId = interaction.message?.id || '0';
      const panelView = detectCartelPanelView(interaction.message);
      const modal = new ModalBuilder()
        .setCustomId(`${CARTEL_SHARE_ORDER_MODAL_ID}|${normalizedSide}|${messageId}|${panelView}`)
        .setTitle(normalizedSide === 'BUY' ? 'Post Buy Order' : 'Post Sell Order');
      const sharesInput = new TextInputBuilder()
        .setCustomId(CARTEL_SHARE_ORDER_MODAL_SHARES_INPUT)
        .setLabel('Shares')
        .setPlaceholder('Enter shares (e.g. 100)')
        .setStyle(TextInputStyle.Short)
        .setRequired(true);
      const priceInput = new TextInputBuilder()
        .setCustomId(CARTEL_SHARE_ORDER_MODAL_PRICE_INPUT)
        .setLabel('Price per share (chips)')
        .setPlaceholder(normalizedSide === 'BUY' ? 'How much will you pay per share?' : 'What price per share?')
        .setStyle(TextInputStyle.Short)
        .setRequired(true);
      modal.addComponents(
        new ActionRowBuilder().addComponents(sharesInput),
        new ActionRowBuilder().addComponents(priceInput)
      );
      await interaction.showModal(modal);
    }
    
    export async function handleCartelShareOrderModal(interaction, ctx, side, messageId, viewToken = 'shares') {
      const allowed = await ensureCartelAccess(interaction, ctx, { sourceMessageId: messageId });
      if (!allowed) return;
      const shareAllowed = await ensureShareMarketAccess(interaction, ctx);
      if (!shareAllowed) return;
      const normalizedSide = String(side || 'SELL').toUpperCase() === 'BUY' ? 'BUY' : 'SELL';
      const chipsFmt = getChipsFormatter(ctx);
      try {
        const sharesRaw = (interaction.fields.getTextInputValue(CARTEL_SHARE_ORDER_MODAL_SHARES_INPUT) || '').trim();
        const priceRaw = (interaction.fields.getTextInputValue(CARTEL_SHARE_ORDER_MODAL_PRICE_INPUT) || '').trim();
        if (!sharesRaw) {
          throw new CartelError('CARTEL_MARKET_SHARES_REQUIRED', 'Enter how many shares this order covers.');
        }
        if (!priceRaw) {
          throw new CartelError('CARTEL_MARKET_PRICE_REQUIRED', 'Enter the price per share in chips.');
        }
        const shares = Math.floor(Number(sharesRaw.replace(/[,\s]/g, '')));
        if (!Number.isFinite(shares) || shares <= 0) {
          throw new CartelError('CARTEL_MARKET_SHARES_REQUIRED', 'Enter at least 1 share.');
        }
        const price = Math.floor(Number(priceRaw.replace(/[,\s]/g, '')));
        if (!Number.isFinite(price) || price <= 0) {
          throw new CartelError('CARTEL_MARKET_PRICE_REQUIRED', 'Enter a positive chip price per share.');
        }
        await interaction.deferReply({ ephemeral: true });
        const result = await createShareMarketOrder(interaction.guild?.id, interaction.user.id, normalizedSide, shares, price);
        await seedSnapshotWithOrder(interaction.guild?.id, interaction.user.id, result);
        const shareMode = extractShareMarketMode(viewToken) || (viewToken === 'shares' ? 'splash' : null);
        const viewData = shareMode
          ? await buildSharesPayload(interaction, ctx, shareMode, shareMode === 'posts' ? { selectedOrderId: result.order_id } : {})
          : null;
        const payload = viewData ? viewData.payload : await buildOverviewPayload(interaction, ctx);
        const sharesLabel = shares.toLocaleString('en-US');
        const actionVerb = normalizedSide === 'BUY' ? 'buy' : 'sell';
        const confirmation = `${emoji('clipboard')} Posted an order to **${actionVerb} ${sharesLabel}** shares at **${chipsFmt(price)}** per share.`;
        await interaction.editReply({ content: confirmation });
        if (messageId && messageId !== '0') {
          const targetMessage = await fetchMessageById(interaction, messageId);
          if (targetMessage) {
            await applyOverviewToMessage(targetMessage, payload);
          }
        }
        await logCartelActivity(
          interaction,
          `Posted ${normalizedSide} order for ${sharesLabel} shares @ ${chipsFmt(price)} per share.`
        );
        if (shareMode === 'posts') {
          await maybeNotifyOrderFills(interaction, ctx, viewData?.context?.playerOrders || [], viewData?.context?.expiredOrders || []);
        }
      } catch (error) {
        if (interaction.deferred || interaction.replied) {
          const content = error instanceof CartelError
            ? `⚠️ ${error.message || 'Action failed.'}`
            : '⚠️ Something went wrong while posting that order. Please try again.';
          await interaction.editReply({ content }).catch(() => {});
        } else if (error instanceof CartelError) {
          await interaction.reply(withAutoEphemeral(interaction, { content: `⚠️ ${error.message || 'Action failed.'}` })).catch(() => {});
        } else {
          console.error('Cartel share order modal failed', error);
          await interaction.reply(withAutoEphemeral(interaction, { content: '⚠️ Something went wrong while posting that order. Please try again.' })).catch(() => {});
        }
      }
    }
    
    export async function handleCartelShareOrderSelect(interaction, ctx) {
      const allowed = await ensureCartelAccess(interaction, ctx);
      if (!allowed) return;
      const shareAllowed = await ensureShareMarketAccess(interaction, ctx);
      if (!shareAllowed) return;
      const selectedOrderId = Array.isArray(interaction.values) ? interaction.values[0] : null;
      try {
        await interaction.deferUpdate();
      } catch {}
      try {
        const { payload, context } = await buildSharesPayload(interaction, ctx, 'posts', { selectedOrderId });
        await interaction.editReply(payload);
        await maybeNotifyOrderFills(interaction, ctx, context?.playerOrders || [], context?.expiredOrders || []);
      } catch (error) {
        console.error('Cartel share order select failed', error);
        await interaction.followUp(withAutoEphemeral(interaction, { content: '⚠️ Failed to update that selection. Please try again.' })).catch(() => {});
      }
    }
    
    export async function handleCartelShareOrderCancel(interaction, ctx, orderId) {
      const allowed = await ensureCartelAccess(interaction, ctx);
      if (!allowed) return;
      const shareAllowed = await ensureShareMarketAccess(interaction, ctx);
      if (!shareAllowed) return;
      if (!orderId || orderId === '0') {
        await interaction.reply(withAutoEphemeral(interaction, { content: '⚠️ Select one of your orders first.' })).catch(() => {});
        return;
      }
      const chipsFmt = getChipsFormatter(ctx);
      try {
        const guildId = interaction.guild?.id;
        const userId = interaction.user?.id;
        await removeOrderFromSnapshot(guildId, userId, orderId);
        await interaction.deferUpdate();
      } catch {}
      try {
        const cancelled = await cancelShareMarketOrder(interaction.guild?.id, interaction.user.id, orderId);
        const { payload, context } = await buildSharesPayload(interaction, ctx, 'posts');
        await interaction.editReply(payload);
        const sideLabel = String(cancelled?.side).toUpperCase() === 'BUY' ? 'buy' : 'sell';
        const sharesLabel = Number(cancelled?.shares || 0).toLocaleString('en-US');
        const priceLabel = chipsFmt(Math.max(1, Number(cancelled?.price_per_share || 0)));
        await interaction.followUp(withAutoEphemeral(interaction, {
          content: `${emoji('clipboard')} Cancelled your ${sideLabel} order for **${sharesLabel}** shares at **${priceLabel}** per share.`
        })).catch(() => {});
        await logCartelActivity(
          interaction,
          `Cancelled ${sideLabel} order for ${sharesLabel} shares @ ${priceLabel} per share.`
        );
        await maybeNotifyOrderFills(interaction, ctx, context?.playerOrders || [], context?.expiredOrders || []);
      } catch (error) {
        if (error instanceof CartelError) {
          await interaction.followUp(withAutoEphemeral(interaction, { content: `⚠️ ${error.message || 'Action failed.'}` })).catch(() => {});
        } else {
          console.error('Cartel share order cancel failed', error);
          await interaction.followUp(withAutoEphemeral(interaction, { content: '⚠️ Failed to cancel that order. Please try again.' })).catch(() => {});
        }
      }
    }
    
    export async function handleCartelMarketSelect(interaction, ctx, mode, page) {
      const allowed = await ensureCartelAccess(interaction, ctx);
      if (!allowed) return;
      const shareAllowed = await ensureShareMarketAccess(interaction, ctx);
      if (!shareAllowed) return;
      const selectedOrderId = Array.isArray(interaction.values) ? interaction.values[0] : null;
      const normalizedPage = Math.max(1, Math.floor(Number(page) || 1));
      try {
        await interaction.deferUpdate();
      } catch {}
      try {
        const { payload } = await buildSharesPayload(interaction, ctx, mode, { page: normalizedPage, selectedOrderId });
        await interaction.editReply(payload);
      } catch (error) {
        console.error('Cartel market select failed', error);
        await interaction.followUp(withAutoEphemeral(interaction, { content: '⚠️ Failed to update that selection. Please try again.' })).catch(() => {});
      }
    }
    
    export async function handleCartelMarketConfirm(interaction, ctx, mode, orderId, page) {
      const allowed = await ensureCartelAccess(interaction, ctx);
      if (!allowed) return;
      const shareAllowed = await ensureShareMarketAccess(interaction, ctx);
      if (!shareAllowed) return;
      if (!orderId || orderId === '0') {
        await interaction.reply(withAutoEphemeral(interaction, { content: '⚠️ Select an order first.' })).catch(() => {});
        return;
      }
      const modal = new ModalBuilder()
        .setCustomId(`${mode === 'buy' ? CARTEL_MARKET_BUY_MODAL_ID : CARTEL_MARKET_SELL_MODAL_ID}|${orderId}|${page || 1}`)
        .setTitle(mode === 'buy' ? 'Confirm Market Buy' : 'Confirm Market Sell');
      const input = new TextInputBuilder()
        .setCustomId(CARTEL_MARKET_MODAL_AMOUNT_INPUT_ID)
        .setLabel('Shares to trade')
        .setPlaceholder('Enter number of shares')
        .setStyle(TextInputStyle.Short)
        .setRequired(true);
      modal.addComponents(new ActionRowBuilder().addComponents(input));
      await interaction.showModal(modal);
    }
    
    export async function handleCartelMarketModal(interaction, ctx, mode, orderId, page) {
      const allowed = await ensureCartelAccess(interaction, ctx);
      if (!allowed) return;
      const shareAllowed = await ensureShareMarketAccess(interaction, ctx);
      if (!shareAllowed) return;
      const chipsFmt = getChipsFormatter(ctx);
      const normalizedPage = Math.max(1, Math.floor(Number(page) || 1));
      try {
        const rawValue = (interaction.fields.getTextInputValue(CARTEL_MARKET_MODAL_AMOUNT_INPUT_ID) || '').trim();
        const shares = Math.floor(Number(rawValue.replace(/[,\s]/g, '')));
        if (!Number.isFinite(shares) || shares <= 0) {
          throw new CartelError('CARTEL_MARKET_AMOUNT_REQUIRED', 'Enter at least 1 share.');
        }
        await interaction.deferReply({ ephemeral: true });
        const result = mode === 'buy'
          ? await executeMarketBuy(interaction.guild?.id, interaction.user.id, orderId, shares)
          : await executeMarketSell(interaction.guild?.id, interaction.user.id, orderId, shares);
        const { payload } = await buildSharesPayload(interaction, ctx, mode, { page: normalizedPage });
        const message = mode === 'buy'
          ? `${emoji('cashStack')} Bought **${result.sharesFilled.toLocaleString('en-US')}** shares @ **${chipsFmt(result.pricePerShare)}** (${chipsFmt(result.chips)} total).`
          : `${emoji('cashStack')} Sold **${result.sharesFilled.toLocaleString('en-US')}** shares @ **${chipsFmt(result.pricePerShare)}** (${chipsFmt(result.chips)} received).`;
        await interaction.editReply({ content: message });
        await logCartelActivity(
          interaction,
          `${mode === 'buy' ? 'Bought' : 'Sold'} ${result.sharesFilled.toLocaleString('en-US')} shares @ ${chipsFmt(result.pricePerShare)} via market order.`
        );
      } catch (error) {
        if (error instanceof CartelError) {
          if (interaction.deferred || interaction.replied) {
            await interaction.editReply({ content: `⚠️ ${error.message || 'Action failed.'}` }).catch(() => {});
          } else {
            await interaction.reply(withAutoEphemeral(interaction, { content: `⚠️ ${error.message || 'Action failed.'}` })).catch(() => {});
          }
          return;
        }
        console.error('Cartel market modal failed', error);
        if (interaction.deferred || interaction.replied) {
          await interaction.editReply({ content: '⚠️ Failed to process that market order. Please try again.' }).catch(() => {});
        } else {
          await interaction.reply(withAutoEphemeral(interaction, { content: '⚠️ Failed to process that market order. Please try again.' })).catch(() => {});
        }
      }
    }
    
    export async function handleCartelSellPrompt(interaction, ctx) {
      const allowed = await ensureCartelAccess(interaction, ctx);
      if (!allowed) return;
      const messageId = interaction.message?.id || '0';
      const modal = new ModalBuilder()
        .setCustomId(`${CARTEL_SELL_MODAL_ID}|${messageId}`)
        .setTitle('Sell Semuta');
      const input = new TextInputBuilder()
        .setCustomId(CARTEL_SELL_MODAL_INPUT_ID)
        .setLabel('Grams of Semuta to sell')
        .setStyle(TextInputStyle.Short)
        .setPlaceholder('Enter grams of Semuta (e.g. 25) or type ALL')
        .setRequired(true);
      modal.addComponents(new ActionRowBuilder().addComponents(input));
      await interaction.showModal(modal);
    }
    
    export async function handleCartelSellModal(interaction, ctx, messageId) {
      const allowed = await ensureCartelAccess(interaction, ctx, { sourceMessageId: messageId });
      if (!allowed) return;
      const chipsFmt = getChipsFormatter(ctx);
      let cachedOverview = null;
      const guildId = interaction.guild?.id;
      let mgToSell = 0;
      let reservationCompleted = false;
      let miniGameStarted = false;
      try {
        const rawValue = (interaction.fields.getTextInputValue(CARTEL_SELL_MODAL_INPUT_ID) || '').trim();
        if (!rawValue) {
          throw new CartelError('CARTEL_AMOUNT_REQUIRED', 'Enter grams of Semuta to sell or type ALL.');
        }
        let grams;
        if (rawValue.toLowerCase() === 'all') {
          cachedOverview = await getCartelOverview(interaction.guild?.id, interaction.user.id);
          grams = Math.floor(Number(cachedOverview?.metrics?.stashGrams || 0));
          if (grams <= 0) {
            throw new CartelError('CARTEL_NOT_ENOUGH_STASH', 'You have no Semuta in your stash to sell.');
          }
        } else {
          grams = Number(rawValue.replace(/[\,\s]/g, ''));
          if (!Number.isFinite(grams) || grams <= 0) {
            throw new CartelError('CARTEL_AMOUNT_REQUIRED', 'Enter at least 1 gram of Semuta to sell.');
          }
        }
        const playerOverview = cachedOverview || await getCartelOverview(guildId, interaction.user.id);
        const stashMg = Number(playerOverview?.investor?.stash_mg || 0);
        mgToSell = gramsToMg(grams);
        if (stashMg < mgToSell) {
          throw new CartelError('CARTEL_NOT_ENOUGH_STASH', 'You do not have that much Semuta in your stash.');
        }
        await cartelReserveStashForSale(guildId, interaction.user.id, mgToSell);
        reservationCompleted = true;
        await interaction.deferReply({ ephemeral: true });
        await startSellMiniGame(interaction, ctx, {
          guildId,
          userId: interaction.user.id,
          sourceMessageId: messageId,
          mgToSell,
          gramsRequested: grams,
          chipsFmt
        });
        miniGameStarted = true;
      } catch (error) {
        if (reservationCompleted && !miniGameStarted && mgToSell > 0) {
          await cartelRefundStashForSale(guildId, interaction.user.id, mgToSell).catch(() => {});
        }
        if (interaction.deferred || interaction.replied) {
          const content = error instanceof CartelError
            ? `⚠️ ${error.message || 'Action failed.'}`
            : '⚠️ Something went wrong while selling. Please try again.';
          await interaction.editReply({ content }).catch(() => {});
        } else if (error instanceof CartelError) {
          await interaction.reply(withAutoEphemeral(interaction, { content: `⚠️ ${error.message || 'Action failed.'}` })).catch(() => {});
        } else {
          console.error('Cartel sell modal failed', error);
          await interaction.reply(withAutoEphemeral(interaction, { content: '⚠️ Something went wrong while selling. Please try again.' })).catch(() => {});
        }
      }
    }
    
    export async function handleCartelCollectPrompt(interaction, ctx) {
      const allowed = await ensureCartelAccess(interaction, ctx);
      if (!allowed) return;
      const messageId = interaction.message?.id || '0';
      const modal = new ModalBuilder()
        .setCustomId(`${CARTEL_COLLECT_MODAL_ID}|${messageId}`)
        .setTitle('Collect Semuta');
      const input = new TextInputBuilder()
        .setCustomId(CARTEL_COLLECT_MODAL_INPUT_ID)
        .setLabel('Grams of Semuta to collect')
        .setStyle(TextInputStyle.Short)
        .setPlaceholder('Enter grams of Semuta (e.g. 50) or type ALL')
        .setRequired(true);
      modal.addComponents(new ActionRowBuilder().addComponents(input));
      await interaction.showModal(modal);
    }
    
    export async function handleCartelCollectModal(interaction, ctx, messageId) {
      const allowed = await ensureCartelAccess(interaction, ctx, { sourceMessageId: messageId });
      if (!allowed) return;
      const chipsFmt = getChipsFormatter(ctx);
      try {
        const rawValue = (interaction.fields.getTextInputValue(CARTEL_COLLECT_MODAL_INPUT_ID) || '').trim();
        if (!rawValue) {
          throw new CartelError('CARTEL_AMOUNT_REQUIRED', 'Enter grams of Semuta to collect or type ALL.');
        }
        let grams;
        if (rawValue.toLowerCase() === 'all') {
          const overview = await getCartelOverview(interaction.guild?.id, interaction.user.id);
          grams = Math.floor(Number(overview?.metrics?.warehouseGrams || 0));
          if (grams <= 0) {
            throw new CartelError('CARTEL_NOT_ENOUGH_WAREHOUSE', 'You do not have any Semuta in the warehouse to collect.');
          }
        } else {
          grams = Number(rawValue.replace(/[\,\s]/g, ''));
          if (!Number.isFinite(grams) || grams <= 0) {
            throw new CartelError('CARTEL_AMOUNT_REQUIRED', 'Enter at least 1 gram of Semuta to collect.');
          }
        }
        await interaction.deferReply();
        const result = await cartelCollect(interaction.guild?.id, interaction.user.id, grams);
        const overflowLine = result.overflowReturnedGrams > 0
          ? ` Overflow ${gramsFormatter.format(result.overflowReturnedGrams)}g of Semuta returned to warehouse.`
          : '';
        const raidLines = buildWarehouseRaidLines(result.raid, chipsFmt);
        const raidSuffix = raidLines.length ? `\n${raidLines.join('\n')}` : '';
        await interaction.editReply({
          content: `${emoji('package')} Collected **${gramsFormatter.format(result.collectedGrams)}g** of Semuta (fee **${chipsFmt(result.fee)}**).${overflowLine}${raidSuffix}`
        });
        await postWarehouseRaidFlavorEmbed(interaction, result.raid, chipsFmt);
        if (messageId && messageId !== '0') {
          const targetMessage = await fetchMessageById(interaction, messageId);
          if (targetMessage) {
            const overviewPayload = await buildOverviewPayload(interaction, ctx);
            await applyOverviewToMessage(targetMessage, overviewPayload);
          }
        }
        await logCartelActivity(
          interaction,
          `Collected ${gramsFormatter.format(result.collectedGrams)}g of Semuta from warehouse (fee ${chipsFmt(result.fee)}).${overflowLine}${raidLines.length ? ` ${raidLines.join(' ')}` : ''}`
        );
      } catch (error) {
        const raidFromError = error instanceof CartelError ? error?.extra?.raid : null;
        const raidEmbed = buildWarehouseRaidFlavorEmbed(interaction, raidFromError, chipsFmt);
        if (raidFromError?.triggered) {
          await postWarehouseRaidFlavorEmbed(interaction, raidFromError, chipsFmt);
          const interceptLog = buildRaidInterceptLogLine(raidFromError, chipsFmt);
          if (interceptLog) {
            await logCartelActivity(interaction, interceptLog).catch(() => {});
          }
        }
        if (interaction.deferred || interaction.replied) {
          const content = error instanceof CartelError
            ? `⚠️ ${error.message || 'Action failed.'}`
            : '⚠️ Something went wrong while collecting. Please try again.';
          await interaction.editReply({
            content,
            ...(raidEmbed ? { embeds: [raidEmbed] } : {})
          }).catch(() => {});
        } else if (error instanceof CartelError) {
          await interaction.reply(withAutoEphemeral(interaction, {
            content: `⚠️ ${error.message || 'Action failed.'}`,
            ...(raidEmbed ? { embeds: [raidEmbed] } : {})
          })).catch(() => {});
        } else {
          console.error('Cartel collect modal failed', error);
          await interaction.reply(withAutoEphemeral(interaction, { content: '⚠️ Something went wrong while collecting. Please try again.' })).catch(() => {});
        }
      }
    }
    
    function buildSellMiniGameComponents(session, disabled = false) {
      const left = new ButtonBuilder()
        .setCustomId(`${SELL_MINIGAME_MOVE_LEFT_ID}|${session.sessionId}`)
        .setEmoji('⬅️')
        .setStyle(ButtonStyle.Secondary)
        .setDisabled(disabled);
      const right = new ButtonBuilder()
        .setCustomId(`${SELL_MINIGAME_MOVE_RIGHT_ID}|${session.sessionId}`)
        .setEmoji('➡️')
        .setStyle(ButtonStyle.Secondary)
        .setDisabled(disabled);
      return [new ActionRowBuilder().addComponents(left, right)];
    }
    
    function renderSellMiniGameBoard(session) {
      const rows = Array.from({ length: SELL_MINIGAME_ROWS }, () => Array(SELL_MINIGAME_LANES).fill(SELL_MINIGAME_EMPTY_EMOJI));
      for (const obstacle of session.obstacles) {
        if (obstacle.row >= 0 && obstacle.row < SELL_MINIGAME_ROWS) {
          const emojiChar = obstacle.type === 'POLICE' ? SELL_MINIGAME_POLICE_EMOJI : SELL_MINIGAME_POTHOLE_EMOJI;
          rows[obstacle.row][obstacle.lane] = emojiChar;
        }
      }
      rows[SELL_MINIGAME_ROWS - 1][session.playerLane] = SELL_MINIGAME_PLAYER_EMOJI;
      return rows.map(row => row.join(' ')).join('\n');
    }
    
    function buildSellMiniGameEmbed(session, { gameOver = false, resultTitle = null, resultDescription = null } = {}) {
      const gramsReady = gramsFormatter.format(mgToGrams(Math.max(0, session.mgRemaining)));
      const board = renderSellMiniGameBoard(session);
      const boardDisplay = board.replace(/ {2,}/g, spaces => spaces.split('').join('\u200B'));
      const description = gameOver
        ? (resultDescription || session.lastEvent || 'Route closed.')
        : `${SELL_MINIGAME_PLAYER_EMOJI} Use the buttons below to dodge ${SELL_MINIGAME_POLICE_EMOJI}/${SELL_MINIGAME_POTHOLE_EMOJI} for ${SELL_MINIGAME_TICKS} ticks.`;
      const embed = new EmbedBuilder()
        .setColor(gameOver ? 0x1abc9c : 0xf39c12)
        .setTitle(resultTitle || `${emoji('semuta_cartel')} Sell Run`)
        .setDescription(description)
        .addFields(
          {
            name: 'Route',
            value: boardDisplay
          },
          {
            name: 'Status',
            value: joinSections([
              `Tick: **${session.tick}/${session.totalTicks}**`,
              `${emoji('semuta')} Semuta ready: **${gramsReady}g**`,
              `${emoji('warning')} Pothole hits: **${session.halvedHits}**`
            ])
          },
          {
            name: 'Legend',
            value: `${SELL_MINIGAME_PLAYER_EMOJI} You · ${SELL_MINIGAME_POLICE_EMOJI} Police (lose all) · ${SELL_MINIGAME_POTHOLE_EMOJI} Pothole (halve stash)`
          }
        );
      if (session.lastEvent && !gameOver) {
        embed.addFields({ name: 'Last Event', value: session.lastEvent });
      }
      return embed;
    }
    
    async function startSellMiniGame(interaction, ctx, { guildId, userId, sourceMessageId, mgToSell, gramsRequested, chipsFmt }) {
      const sessionId = crypto.randomUUID();
      const session = {
        sessionId,
        interaction,
        ctx,
        guildId,
        userId,
        sourceMessageId,
        mgInitial: mgToSell,
        mgRemaining: mgToSell,
        gramsRequested,
        playerLane: 1,
        obstacles: [],
        tick: 0,
        totalTicks: SELL_MINIGAME_TICKS,
        busted: false,
        halvedHits: 0,
        lastEvent: null,
        timer: null,
        chipsFmt,
        ended: false,
        lastObstacleSpawnTick: null,
        reservationActive: true
      };
      SELL_MINIGAME_SESSIONS.set(sessionId, session);
      try {
        await interaction.editReply({
          content: null,
          embeds: [buildSellMiniGameEmbed(session)],
          components: buildSellMiniGameComponents(session)
        });
        const replyMessage = await interaction.fetchReply().catch(() => null);
        session.messageId = replyMessage?.id || null;
        scheduleSellMiniGameTick(session);
      } catch (err) {
        SELL_MINIGAME_SESSIONS.delete(sessionId);
        throw err;
      }
    }
    
    function scheduleSellMiniGameTick(session) {
      if (session.timer) {
        clearInterval(session.timer);
      }
      session.timer = setInterval(() => {
        advanceSellMiniGameTick(session).catch(err => {
          console.error('Sell mini-game tick failed', err);
          finishSellMiniGame(session, { outcome: 'error', error: err }).catch(() => {});
        });
      }, SELL_MINIGAME_INTERVAL_MS);
      if (typeof session.timer.unref === 'function') {
        session.timer.unref();
      }
    }
    
    async function advanceSellMiniGameTick(session) {
      if (session.ended) return;
      if (session.isTickProcessing) return;
      session.isTickProcessing = true;
      try {
        session.tick += 1;
        for (const obstacle of session.obstacles) {
          obstacle.row += 1;
        }
        const collisions = session.obstacles.filter(obstacle => obstacle.row >= SELL_MINIGAME_ROWS - 1 && obstacle.lane === session.playerLane);
        for (const obstacle of collisions) {
          const result = handleSellMiniGameCollision(session, obstacle);
          if (result === 'police') {
            await finishSellMiniGame(session, { outcome: 'police' });
            return;
          }
          if (result === 'empty') {
            await finishSellMiniGame(session, { outcome: 'empty' });
            return;
          }
        }
        session.obstacles = session.obstacles.filter(obstacle => obstacle.row < SELL_MINIGAME_ROWS - 1 || obstacle.lane !== session.playerLane);
        session.obstacles = session.obstacles.filter(obstacle => obstacle.row < SELL_MINIGAME_ROWS);
        if (session.tick > 1 && shouldSpawnSellMiniGameObstacles(session)) {
          spawnSellMiniGameObstacles(session);
          session.lastObstacleSpawnTick = session.tick;
        }
        await updateSellMiniGameMessage(session);
        if (session.tick >= session.totalTicks) {
          await finishSellMiniGame(session, { outcome: 'success' });
        }
      } finally {
        session.isTickProcessing = false;
      }
    }
    
    function spawnSellMiniGameObstacles(session) {
      const availableLanes = [0, 1, 2];
      shuffleArray(availableLanes);
      const spawnCount = Math.floor(Math.random() * 2) + 1;
      const lanesToUse = availableLanes.slice(0, Math.min(spawnCount, availableLanes.length - 1));
      if (!lanesToUse.includes(session.playerLane) && lanesToUse.length < availableLanes.length - 1) {
        lanesToUse.push(availableLanes.find(lane => lane !== session.playerLane && !lanesToUse.includes(lane)));
      }
      const finalLanes = new Set(lanesToUse.slice(0, Math.min(2, lanesToUse.length)));
      for (const lane of finalLanes) {
        const type = Math.random() < 0.35 ? 'POLICE' : 'POTHOLE';
        session.obstacles.push({ lane, row: 0, type });
      }
    }
    
    function shouldSpawnSellMiniGameObstacles(session) {
      if (session.lastObstacleSpawnTick == null) return true;
      return (session.tick - session.lastObstacleSpawnTick) >= 3;
    }
    
    function handleSellMiniGameCollision(session, obstacle) {
      if (obstacle.type === 'POLICE') {
        session.busted = true;
        session.lastEvent = `${SELL_MINIGAME_POLICE_EMOJI} ${emoji('policeLight')} The law caught you!`;
        return 'police';
      }
      session.mgRemaining = Math.max(0, Math.floor(session.mgRemaining / 2));
      session.halvedHits += 1;
      session.lastEvent = `${SELL_MINIGAME_POTHOLE_EMOJI} Hit a pothole! Shipment halved.`;
      if (session.mgRemaining <= 0) {
        return 'empty';
      }
      return 'pothole';
    }
    
    async function updateSellMiniGameMessage(session, { gameOver = false, resultTitle = null, resultDescription = null, disableControls = false } = {}) {
      if (!session.interaction) return;
      try {
        await session.interaction.editReply({
          embeds: [buildSellMiniGameEmbed(session, { gameOver, resultTitle, resultDescription })],
          components: buildSellMiniGameComponents(session, disableControls)
        });
      } catch (err) {
        console.error('Failed to update sell mini-game message', err);
      }
    }
    
    function forfeitSellMiniGameShipment(session) {
      if (!session) return;
      session.reservationActive = false;
      session.mgRemaining = 0;
    }
    
    async function refundSellMiniGameShipment(session, amountMg) {
      if (!session) return;
      const mgSource = amountMg ?? session.mgRemaining ?? 0;
      const mgToRefund = Math.max(0, Math.floor(Number(mgSource)));
      if (mgToRefund <= 0) {
        session.reservationActive = false;
        session.mgRemaining = 0;
        return;
      }
      try {
        await cartelRefundStashForSale(session.guildId, session.userId, mgToRefund);
      } catch (err) {
        console.error('Failed to refund sell mini-game stash', err);
      } finally {
        session.reservationActive = false;
        session.mgRemaining = Math.max(0, session.mgRemaining - mgToRefund);
      }
    }
    
    async function finishSellMiniGame(session, { outcome, error = null }) {
      if (session.ended) return;
      session.ended = true;
      if (session.timer) {
        clearInterval(session.timer);
        session.timer = null;
      }
      SELL_MINIGAME_SESSIONS.delete(session.sessionId);
      if (outcome === 'police') {
        forfeitSellMiniGameShipment(session);
        await updateSellMiniGameMessage(session, {
          gameOver: true,
          resultTitle: `${SELL_MINIGAME_POLICE_EMOJI} Busted!`,
          resultDescription: 'The police seized your shipment. No sale completed.',
          disableControls: true
        });
        return;
      }
      if (outcome === 'empty') {
        forfeitSellMiniGameShipment(session);
        await updateSellMiniGameMessage(session, {
          gameOver: true,
          resultTitle: `${SELL_MINIGAME_POTHOLE_EMOJI} Shipment Ruined`,
          resultDescription: 'Repeated potholes destroyed your Semuta. Nothing left to sell.',
          disableControls: true
        });
        return;
      }
      if (outcome === 'error') {
        await refundSellMiniGameShipment(session);
        await updateSellMiniGameMessage(session, {
          gameOver: true,
          resultTitle: `${emoji('warning')} Sell Run Failed`,
          resultDescription: 'Something went wrong during the sell mini-game. Please try again soon.',
          disableControls: true
        });
        return;
      }
      const gramsToSell = mgToGrams(session.mgRemaining);
      if (gramsToSell <= 0) {
        forfeitSellMiniGameShipment(session);
        await updateSellMiniGameMessage(session, {
          gameOver: true,
          resultTitle: `${emoji('warning')} No Semuta Sold`,
          resultDescription: 'There was no Semuta remaining to sell.',
          disableControls: true
        });
        return;
      }
      try {
        const result = await cartelPayoutReservedSale(session.guildId, session.userId, session.mgRemaining);
        forfeitSellMiniGameShipment(session);
        const content = `${emoji('moneyBag')} Sold **${gramsFormatter.format(result.gramsSold)}g** of Semuta for **${session.chipsFmt(result.payout)}** after surviving the route.`;
        await session.interaction.editReply({
          content,
          embeds: [buildSellMiniGameEmbed(session, {
            gameOver: true,
            resultTitle: `${emoji('whiteCheck')} Delivery Complete`,
            resultDescription: 'Nice driving—the shipment made it through!'
          })],
          components: buildSellMiniGameComponents(session, true)
        });
        await logCartelActivity(
          session.interaction,
          `Sold ${gramsFormatter.format(result.gramsSold)}g of Semuta for ${session.chipsFmt(result.payout)} after the mini-game.`
        );
        if (session.sourceMessageId && session.sourceMessageId !== '0') {
          const targetMessage = await fetchMessageById(session.interaction, session.sourceMessageId);
          if (targetMessage) {
            const overviewPayload = await buildOverviewPayload(session.interaction, session.ctx);
            await applyOverviewToMessage(targetMessage, overviewPayload);
          }
        }
      } catch (err) {
        await refundSellMiniGameShipment(session);
        const content = err instanceof CartelError
          ? `⚠️ ${err.message || 'Action failed after the mini-game.'}`
          : '⚠️ Something went wrong while finalizing the sale.';
        console.error('Sell mini-game finalize failed', err);
        await session.interaction.editReply({
          content,
          embeds: [buildSellMiniGameEmbed(session, {
            gameOver: true,
            resultTitle: `${emoji('warning')} Sale Failed`,
            resultDescription: 'The run ended, but the sale could not be completed.'
          })],
          components: buildSellMiniGameComponents(session, true)
        });
      }
    }
    
    export async function handleCartelSellMiniGameMove(interaction, ctx, direction, sessionId) {
      const session = SELL_MINIGAME_SESSIONS.get(sessionId);
      if (!session) {
        await interaction.reply({ content: 'That sell run has already ended.', ephemeral: true }).catch(() => {});
        return;
      }
      const allowed = await ensureCartelAccess(interaction, ctx);
      if (!allowed) return;
      if (session.ended) {
        await interaction.reply({ content: 'This sell run is over.', ephemeral: true }).catch(() => {});
        return;
      }
      if (!interaction.deferred && !interaction.replied) {
        await interaction.deferUpdate().catch(() => {});
      }
      if (direction === 'left') {
        session.playerLane = Math.max(0, session.playerLane - 1);
      } else if (direction === 'right') {
        session.playerLane = Math.min(SELL_MINIGAME_LANES - 1, session.playerLane + 1);
      }
      await updateSellMiniGameMessage(session);
    }
    
    function shuffleArray(arr) {
      for (let i = arr.length - 1; i > 0; i -= 1) {
        const j = Math.floor(Math.random() * (i + 1));
        [arr[i], arr[j]] = [arr[j], arr[i]];
      }
    }
    
  operator: 'match'
  stack: |-
    TestContext.<anonymous> (file:///home/bot/discord-casino/test/performance-regressions.test.mjs:471:10)
    async Test.run (node:internal/test_runner/test:797:9)
    async Test.processPendingSubtests (node:internal/test_runner/test:526:7)
  ...
1..34
# tests 34
# suites 0
# pass 32
# fail 2
# cancelled 0
# skipped 0
# todo 0
# duration_ms 273.135375
